Archive member included to satisfy reference by file (symbol)

/usr/lib/gcc/arm-none-eabi/10.3.1/thumb/v6-m/nofp/libgcc.a(_dvmd_tls.o)
                              CMakeFiles/ssd1306_test.dir/mnt/d/Electronics/pico/pico-sdk/src/rp2_common/pico_divider/divider.S.obj (__aeabi_idiv0)
/usr/lib/gcc/arm-none-eabi/10.3.1/../../../arm-none-eabi/lib/thumb/v6-m/nofp/libc.a(lib_a-atexit.o)
                              /usr/lib/gcc/arm-none-eabi/10.3.1/../../../arm-none-eabi/lib/thumb/v6-m/nofp/crt0.o (atexit)
/usr/lib/gcc/arm-none-eabi/10.3.1/../../../arm-none-eabi/lib/thumb/v6-m/nofp/libc.a(lib_a-calloc.o)
                              CMakeFiles/ssd1306_test.dir/mnt/d/Electronics/pico/pico-sdk/src/rp2_common/pico_malloc/pico_malloc.c.obj (calloc)
/usr/lib/gcc/arm-none-eabi/10.3.1/../../../arm-none-eabi/lib/thumb/v6-m/nofp/libc.a(lib_a-callocr.o)
                              /usr/lib/gcc/arm-none-eabi/10.3.1/../../../arm-none-eabi/lib/thumb/v6-m/nofp/libc.a(lib_a-calloc.o) (_calloc_r)
/usr/lib/gcc/arm-none-eabi/10.3.1/../../../arm-none-eabi/lib/thumb/v6-m/nofp/libc.a(lib_a-fini.o)
                              /usr/lib/gcc/arm-none-eabi/10.3.1/../../../arm-none-eabi/lib/thumb/v6-m/nofp/crt0.o (__libc_fini_array)
/usr/lib/gcc/arm-none-eabi/10.3.1/../../../arm-none-eabi/lib/thumb/v6-m/nofp/libc.a(lib_a-impure.o)
                              /usr/lib/gcc/arm-none-eabi/10.3.1/../../../arm-none-eabi/lib/thumb/v6-m/nofp/libc.a(lib_a-calloc.o) (_impure_ptr)
/usr/lib/gcc/arm-none-eabi/10.3.1/../../../arm-none-eabi/lib/thumb/v6-m/nofp/libc.a(lib_a-init.o)
                              /usr/lib/gcc/arm-none-eabi/10.3.1/../../../arm-none-eabi/lib/thumb/v6-m/nofp/crt0.o (__libc_init_array)
/usr/lib/gcc/arm-none-eabi/10.3.1/../../../arm-none-eabi/lib/thumb/v6-m/nofp/libc.a(lib_a-malloc.o)
                              CMakeFiles/ssd1306_test.dir/mnt/d/Electronics/pico/pico-sdk/src/rp2_common/pico_malloc/pico_malloc.c.obj (malloc)
/usr/lib/gcc/arm-none-eabi/10.3.1/../../../arm-none-eabi/lib/thumb/v6-m/nofp/libc.a(lib_a-mallocr.o)
                              /usr/lib/gcc/arm-none-eabi/10.3.1/../../../arm-none-eabi/lib/thumb/v6-m/nofp/libc.a(lib_a-callocr.o) (_malloc_r)
/usr/lib/gcc/arm-none-eabi/10.3.1/../../../arm-none-eabi/lib/thumb/v6-m/nofp/libc.a(lib_a-mlock.o)
                              /usr/lib/gcc/arm-none-eabi/10.3.1/../../../arm-none-eabi/lib/thumb/v6-m/nofp/libc.a(lib_a-mallocr.o) (__malloc_lock)
/usr/lib/gcc/arm-none-eabi/10.3.1/../../../arm-none-eabi/lib/thumb/v6-m/nofp/libc.a(lib_a-rand.o)
                              CMakeFiles/ssd1306_test.dir/ssd1306_test.c.obj (srand)
/usr/lib/gcc/arm-none-eabi/10.3.1/../../../arm-none-eabi/lib/thumb/v6-m/nofp/libc.a(lib_a-realloc.o)
                              CMakeFiles/ssd1306_test.dir/mnt/d/Electronics/pico/pico-sdk/src/rp2_common/pico_malloc/pico_malloc.c.obj (realloc)
/usr/lib/gcc/arm-none-eabi/10.3.1/../../../arm-none-eabi/lib/thumb/v6-m/nofp/libc.a(lib_a-reallocr.o)
                              /usr/lib/gcc/arm-none-eabi/10.3.1/../../../arm-none-eabi/lib/thumb/v6-m/nofp/libc.a(lib_a-realloc.o) (_realloc_r)
/usr/lib/gcc/arm-none-eabi/10.3.1/../../../arm-none-eabi/lib/thumb/v6-m/nofp/libc.a(lib_a-sbrkr.o)
                              /usr/lib/gcc/arm-none-eabi/10.3.1/../../../arm-none-eabi/lib/thumb/v6-m/nofp/libc.a(lib_a-mallocr.o) (_sbrk_r)
/usr/lib/gcc/arm-none-eabi/10.3.1/../../../arm-none-eabi/lib/thumb/v6-m/nofp/libc.a(lib_a-strlen-stub.o)
                              CMakeFiles/ssd1306_test.dir/mnt/d/Electronics/pico/pico-sdk/src/rp2_common/pico_stdio/stdio.c.obj (strlen)
/usr/lib/gcc/arm-none-eabi/10.3.1/../../../arm-none-eabi/lib/thumb/v6-m/nofp/libc.a(lib_a-time.o)
                              CMakeFiles/ssd1306_test.dir/ssd1306_test.c.obj (time)
/usr/lib/gcc/arm-none-eabi/10.3.1/../../../arm-none-eabi/lib/thumb/v6-m/nofp/libc.a(lib_a-__atexit.o)
                              /usr/lib/gcc/arm-none-eabi/10.3.1/../../../arm-none-eabi/lib/thumb/v6-m/nofp/libc.a(lib_a-atexit.o) (__register_exitproc)
/usr/lib/gcc/arm-none-eabi/10.3.1/../../../arm-none-eabi/lib/thumb/v6-m/nofp/libc.a(lib_a-freer.o)
                              /usr/lib/gcc/arm-none-eabi/10.3.1/../../../arm-none-eabi/lib/thumb/v6-m/nofp/libc.a(lib_a-malloc.o) (_free_r)
/usr/lib/gcc/arm-none-eabi/10.3.1/../../../arm-none-eabi/lib/thumb/v6-m/nofp/libc.a(lib_a-gettimeofdayr.o)
                              /usr/lib/gcc/arm-none-eabi/10.3.1/../../../arm-none-eabi/lib/thumb/v6-m/nofp/libc.a(lib_a-time.o) (_gettimeofday_r)
/usr/lib/gcc/arm-none-eabi/10.3.1/../../../arm-none-eabi/lib/thumb/v6-m/nofp/libc.a(lib_a-memmove.o)
                              /usr/lib/gcc/arm-none-eabi/10.3.1/../../../arm-none-eabi/lib/thumb/v6-m/nofp/libc.a(lib_a-reallocr.o) (memmove)
/usr/lib/gcc/arm-none-eabi/10.3.1/../../../arm-none-eabi/lib/thumb/v6-m/nofp/libc.a(lib_a-reent.o)
                              /usr/lib/gcc/arm-none-eabi/10.3.1/../../../arm-none-eabi/lib/thumb/v6-m/nofp/libc.a(lib_a-sbrkr.o) (errno)
[...]
Memory Configuration

Name             Origin             Length             Attributes
FLASH            0x0000000010000000 0x0000000000200000 xr
RAM              0x0000000020000000 0x0000000000040000 xrw
SCRATCH_X        0x0000000020040000 0x0000000000001000 xrw
SCRATCH_Y        0x0000000020041000 0x0000000000001000 xrw
*default*        0x0000000000000000 0xffffffffffffffff

Linker script and memory map

LOAD /usr/lib/gcc/arm-none-eabi/10.3.1/thumb/v6-m/nofp/crti.o
LOAD /usr/lib/gcc/arm-none-eabi/10.3.1/thumb/v6-m/nofp/crtbegin.o
LOAD /usr/lib/gcc/arm-none-eabi/10.3.1/../../../arm-none-eabi/lib/thumb/v6-m/nofp/crt0.o

.flash_begin    0x0000000010000000        0x0
                0x0000000010000000                __flash_binary_start = .

.boot2          0x0000000010000000      0x100
                0x0000000010000000                __boot2_start__ = .
 *(.boot2)
 .boot2         0x0000000010000000      0x100 /tmp/cctWMHzj.o
                0x0000000010000100                __boot2_end__ = .
                0x0000000000000001                ASSERT (((__boot2_end__ - __boot2_start__) == 0x100), ERROR: Pico second stage bootloader must be 256 bytes in size)

.text           0x0000000010000100     0x4c10
                0x0000000010000100                __logical_binary_start = .
 *(.vectors)
 .vectors       0x0000000010000100       0xd4 CMakeFiles/ssd1306_test.dir/mnt/d/Electronics/pico/pico-sdk/src/rp2_common/pico_standard_link/crt0.S.obj
                0x0000000010000100                __vectors
                0x0000000010000100                __VECTOR_TABLE
                0x00000000100001c0                isr_invalid
                0x00000000100001c0                __default_isrs_start
                0x00000000100001c2                isr_nmi
                0x00000000100001c4                isr_hardfault
                0x00000000100001c6                isr_svcall
                0x00000000100001c8                isr_pendsv
                0x00000000100001ca                isr_systick
                0x00000000100001cc                isr_irq30
                0x00000000100001cc                __unhandled_user_irq
                0x00000000100001cc                isr_irq13
                0x00000000100001cc                isr_irq27
                0x00000000100001cc                isr_irq31
                0x00000000100001cc                isr_irq5
                0x00000000100001cc                isr_irq11
                0x00000000100001cc                isr_irq23
                0x00000000100001cc                isr_irq18
                0x00000000100001cc                isr_irq28
                0x00000000100001cc                isr_irq19
                0x00000000100001cc                isr_irq0
                0x00000000100001cc                isr_irq6
                0x00000000100001cc                isr_irq22
                0x00000000100001cc                isr_irq17
                0x00000000100001cc                isr_irq14
                0x00000000100001cc                isr_irq2
                0x00000000100001cc                isr_irq10
                0x00000000100001cc                isr_irq8
                0x00000000100001cc                isr_irq24
                0x00000000100001cc                isr_irq1
                0x00000000100001cc                isr_irq7
                0x00000000100001cc                isr_irq21
                0x00000000100001cc                isr_irq20
                0x00000000100001cc                isr_irq15
                0x00000000100001cc                isr_irq25
                0x00000000100001cc                isr_irq4
                0x00000000100001cc                isr_irq16
                0x00000000100001cc                isr_irq29
                0x00000000100001cc                isr_irq26
                0x00000000100001cc                __default_isrs_end
                0x00000000100001cc                isr_irq3
                0x00000000100001cc                isr_irq12
                0x00000000100001cc                isr_irq9
                0x00000000100001d2                unhandled_user_irq_num_in_r0
 *(.binary_info_header)
 .binary_info_header
                0x00000000100001d4       0x14 CMakeFiles/ssd1306_test.dir/mnt/d/Electronics/pico/pico-sdk/src/rp2_common/pico_standard_link/crt0.S.obj
                0x00000000100001e8                __binary_info_header_end = .
 *(.reset)
 .reset         0x00000000100001e8       0xa8 CMakeFiles/ssd1306_test.dir/mnt/d/Electronics/pico/pico-sdk/src/rp2_common/pico_standard_link/crt0.S.obj
                0x00000000100001e8                _entry_point
                0x0000000010000266                __get_current_exception
 .reset         0x0000000010000290       0x30 CMakeFiles/ssd1306_test.dir/mnt/d/Electronics/pico/pico-sdk/src/rp2_common/pico_standard_link/binary_info.c.obj
 *(.init)
 .init          0x00000000100002c0        0x4 /usr/lib/gcc/arm-none-eabi/10.3.1/thumb/v6-m/nofp/crti.o
                0x00000000100002c0                _init
 *(EXCLUDE_FILE(*libm.a: *libc.a:*lib_a-mem*.o *libgcc.a:) .text*)
 .text          0x00000000100002c4       0x98 /usr/lib/gcc/arm-none-eabi/10.3.1/thumb/v6-m/nofp/crtbegin.o
 .text.setup_gpios
                0x000000001000035c       0x38 CMakeFiles/ssd1306_test.dir/ssd1306_test.c.obj
                0x000000001000035c                setup_gpios
 .text.startup.main
                0x0000000010000394       0x50 CMakeFiles/ssd1306_test.dir/ssd1306_test.c.obj
                0x0000000010000394                main
 .text.ssd1306_init
                0x00000000100003e4      0x14c CMakeFiles/ssd1306_test.dir/ssd1306.c.obj
                0x00000000100003e4                ssd1306_init
 .text.ssd1306_clear
                0x0000000010000530       0x10 CMakeFiles/ssd1306_test.dir/ssd1306.c.obj
                0x0000000010000530                ssd1306_clear
 .text.ssd1306_draw_square
                0x0000000010000540       0x6c CMakeFiles/ssd1306_test.dir/ssd1306.c.obj
                0x0000000010000540                ssd1306_draw_square
 .text.ssd1306_show
                0x00000000100005ac       0xd0 CMakeFiles/ssd1306_test.dir/ssd1306.c.obj
                0x00000000100005ac                ssd1306_show
 .text.gpio_set_function
                0x000000001000067c       0x30 CMakeFiles/ssd1306_test.dir/mnt/d/Electronics/pico/pico-sdk/src/rp2_common/hardware_gpio/gpio.c.obj
                0x000000001000067c                gpio_set_function
 .text.gpio_set_pulls
                0x00000000100006ac       0x30 CMakeFiles/ssd1306_test.dir/mnt/d/Electronics/pico/pico-sdk/src/rp2_common/hardware_gpio/gpio.c.obj
                0x00000000100006ac                gpio_set_pulls
 .text.hw_claim_or_assert
                0x00000000100006dc       0x44 CMakeFiles/ssd1306_test.dir/mnt/d/Electronics/pico/pico-sdk/src/rp2_common/hardware_claim/claim.c.obj
                0x00000000100006dc                hw_claim_or_assert
 .text.running_on_fpga
                0x0000000010000720       0x10 CMakeFiles/ssd1306_test.dir/mnt/d/Electronics/pico/pico-sdk/src/rp2_common/pico_platform/platform.c.obj
                0x0000000010000720                running_on_fpga
 .text.spin_locks_reset
                0x0000000010000730       0x1c CMakeFiles/ssd1306_test.dir/mnt/d/Electronics/pico/pico-sdk/src/rp2_common/hardware_sync/sync.c.obj
                0x0000000010000730                spin_locks_reset
 .text.next_striped_spin_lock_num
                0x000000001000074c       0x18 CMakeFiles/ssd1306_test.dir/mnt/d/Electronics/pico/pico-sdk/src/rp2_common/hardware_sync/sync.c.obj
                0x000000001000074c                next_striped_spin_lock_num
 .text.irq_set_enabled
                0x0000000010000764       0x24 CMakeFiles/ssd1306_test.dir/mnt/d/Electronics/pico/pico-sdk/src/rp2_common/hardware_irq/irq.c.obj
                0x0000000010000764                irq_set_enabled
 .text.irq_get_vtable_handler
                0x0000000010000788       0x10 CMakeFiles/ssd1306_test.dir/mnt/d/Electronics/pico/pico-sdk/src/rp2_common/hardware_irq/irq.c.obj
                0x0000000010000788                irq_get_vtable_handler
 .text.irq_set_exclusive_handler
                0x0000000010000798       0x54 CMakeFiles/ssd1306_test.dir/mnt/d/Electronics/pico/pico-sdk/src/rp2_common/hardware_irq/irq.c.obj
                0x0000000010000798                irq_set_exclusive_handler
 .text.irq_remove_handler
                0x00000000100007ec      0x1b4 CMakeFiles/ssd1306_test.dir/mnt/d/Electronics/pico/pico-sdk/src/rp2_common/hardware_irq/irq.c.obj
                0x00000000100007ec                irq_remove_handler
 .text.irq_add_tail_to_free_list
                0x00000000100009a0       0xb4 CMakeFiles/ssd1306_test.dir/mnt/d/Electronics/pico/pico-sdk/src/rp2_common/hardware_irq/irq.c.obj
                0x00000000100009a0                irq_add_tail_to_free_list
 .text.irq_init_priorities
                0x0000000010000a54       0x24 CMakeFiles/ssd1306_test.dir/mnt/d/Electronics/pico/pico-sdk/src/rp2_common/hardware_irq/irq.c.obj
                0x0000000010000a54                irq_init_priorities
 .text.lock_init
                0x0000000010000a78       0x10 CMakeFiles/ssd1306_test.dir/mnt/d/Electronics/pico/pico-sdk/src/common/pico_sync/lock_core.c.obj
                0x0000000010000a78                lock_init
 .text.timer_pool_entry_comparator
                0x0000000010000a88       0x34 CMakeFiles/ssd1306_test.dir/mnt/d/Electronics/pico/pico-sdk/src/common/pico_time/time.c.obj
                0x0000000010000a88                timer_pool_entry_comparator
 .text.add_alarm_under_lock.isra.0
                0x0000000010000abc      0x100 CMakeFiles/ssd1306_test.dir/mnt/d/Electronics/pico/pico-sdk/src/common/pico_time/time.c.obj
 .text.alarm_pool_alarm_callback
                0x0000000010000bbc      0x1c8 CMakeFiles/ssd1306_test.dir/mnt/d/Electronics/pico/pico-sdk/src/common/pico_time/time.c.obj
 .text.alarm_pool_init_default
                0x0000000010000d84       0x64 CMakeFiles/ssd1306_test.dir/mnt/d/Electronics/pico/pico-sdk/src/common/pico_time/time.c.obj
                0x0000000010000d84                alarm_pool_init_default
 .text.hardware_alarm_irq_handler
                0x0000000010000de8       0xb8 CMakeFiles/ssd1306_test.dir/mnt/d/Electronics/pico/pico-sdk/src/rp2_common/hardware_timer/timer.c.obj
 .text.hardware_alarm_claim
                0x0000000010000ea0       0x18 CMakeFiles/ssd1306_test.dir/mnt/d/Electronics/pico/pico-sdk/src/rp2_common/hardware_timer/timer.c.obj
                0x0000000010000ea0                hardware_alarm_claim
 .text.time_us_64
                0x0000000010000eb8       0x14 CMakeFiles/ssd1306_test.dir/mnt/d/Electronics/pico/pico-sdk/src/rp2_common/hardware_timer/timer.c.obj
                0x0000000010000eb8                time_us_64
 .text.hardware_alarm_set_callback
                0x0000000010000ecc       0x8c CMakeFiles/ssd1306_test.dir/mnt/d/Electronics/pico/pico-sdk/src/rp2_common/hardware_timer/timer.c.obj
                0x0000000010000ecc                hardware_alarm_set_callback
 .text.hardware_alarm_set_target
                0x0000000010000f58       0xe0 CMakeFiles/ssd1306_test.dir/mnt/d/Electronics/pico/pico-sdk/src/rp2_common/hardware_timer/timer.c.obj
                0x0000000010000f58                hardware_alarm_set_target
 .text.hardware_alarm_cancel
                0x0000000010001038       0x3c CMakeFiles/ssd1306_test.dir/mnt/d/Electronics/pico/pico-sdk/src/rp2_common/hardware_timer/timer.c.obj
                0x0000000010001038                hardware_alarm_cancel
 .text.ph_merge_nodes
                0x0000000010001074       0x68 CMakeFiles/ssd1306_test.dir/mnt/d/Electronics/pico/pico-sdk/src/common/pico_util/pheap.c.obj
 .text.ph_post_alloc_init
                0x00000000100010dc       0x3c CMakeFiles/ssd1306_test.dir/mnt/d/Electronics/pico/pico-sdk/src/common/pico_util/pheap.c.obj
                0x00000000100010dc                ph_post_alloc_init
 .text.ph_merge_two_pass
                0x0000000010001118       0x90 CMakeFiles/ssd1306_test.dir/mnt/d/Electronics/pico/pico-sdk/src/common/pico_util/pheap.c.obj
                0x0000000010001118                ph_merge_two_pass
 .text.ph_remove_any_head
                0x00000000100011a8       0xf8 CMakeFiles/ssd1306_test.dir/mnt/d/Electronics/pico/pico-sdk/src/common/pico_util/pheap.c.obj
 .text.ph_remove_head
                0x00000000100012a0       0xfc CMakeFiles/ssd1306_test.dir/mnt/d/Electronics/pico/pico-sdk/src/common/pico_util/pheap.c.obj
                0x00000000100012a0                ph_remove_head
 .text.ph_remove_and_free_node
                0x000000001000139c       0x7c CMakeFiles/ssd1306_test.dir/mnt/d/Electronics/pico/pico-sdk/src/common/pico_util/pheap.c.obj
                0x000000001000139c                ph_remove_and_free_node
 .text.mutex_init
                0x0000000010001418       0x1c CMakeFiles/ssd1306_test.dir/mnt/d/Electronics/pico/pico-sdk/src/common/pico_sync/mutex.c.obj
                0x0000000010001418                mutex_init
 .text.recursive_mutex_init
                0x0000000010001434       0x1c CMakeFiles/ssd1306_test.dir/mnt/d/Electronics/pico/pico-sdk/src/common/pico_sync/mutex.c.obj
                0x0000000010001434                recursive_mutex_init
 .text.runtime_init
                0x0000000010001450       0xf0 CMakeFiles/ssd1306_test.dir/mnt/d/Electronics/pico/pico-sdk/src/rp2_common/pico_runtime/runtime.c.obj
                0x0000000010001450                runtime_init
 .text._sbrk    0x0000000010001540       0x34 CMakeFiles/ssd1306_test.dir/mnt/d/Electronics/pico/pico-sdk/src/rp2_common/pico_runtime/runtime.c.obj
                0x0000000010001540                _sbrk
 .text.exit     0x0000000010001574        0x4 CMakeFiles/ssd1306_test.dir/mnt/d/Electronics/pico/pico-sdk/src/rp2_common/pico_runtime/runtime.c.obj
                0x0000000010001574                exit
 .text.panic    0x0000000010001578       0x30 CMakeFiles/ssd1306_test.dir/mnt/d/Electronics/pico/pico-sdk/src/rp2_common/pico_runtime/runtime.c.obj
                0x0000000010001578                panic
 .text.hard_assertion_failure
                0x00000000100015a8        0xc CMakeFiles/ssd1306_test.dir/mnt/d/Electronics/pico/pico-sdk/src/rp2_common/pico_runtime/runtime.c.obj
                0x00000000100015a8                hard_assertion_failure
 .text.clocks_init
                0x00000000100015b4      0x2bc CMakeFiles/ssd1306_test.dir/mnt/d/Electronics/pico/pico-sdk/src/rp2_common/hardware_clocks/clocks.c.obj
                0x00000000100015b4                clocks_init
 .text.clock_get_hz
                0x0000000010001870        0xc CMakeFiles/ssd1306_test.dir/mnt/d/Electronics/pico/pico-sdk/src/rp2_common/hardware_clocks/clocks.c.obj
                0x0000000010001870                clock_get_hz
 .text.pll_init
                0x000000001000187c       0xb0 CMakeFiles/ssd1306_test.dir/mnt/d/Electronics/pico/pico-sdk/src/rp2_common/hardware_pll/pll.c.obj
                0x000000001000187c                pll_init
 .text.watchdog_start_tick
                0x000000001000192c       0x10 CMakeFiles/ssd1306_test.dir/mnt/d/Electronics/pico/pico-sdk/src/rp2_common/hardware_watchdog/watchdog.c.obj
                0x000000001000192c                watchdog_start_tick
 .text.xosc_init
                0x000000001000193c       0x28 CMakeFiles/ssd1306_test.dir/mnt/d/Electronics/pico/pico-sdk/src/rp2_common/hardware_xosc/xosc.c.obj
                0x000000001000193c                xosc_init
 .text._out_null
                0x0000000010001964        0x4 CMakeFiles/ssd1306_test.dir/mnt/d/Electronics/pico/pico-sdk/src/rp2_common/pico_printf/printf.c.obj
 .text._out_rev
                0x0000000010001968       0x9c CMakeFiles/ssd1306_test.dir/mnt/d/Electronics/pico/pico-sdk/src/rp2_common/pico_printf/printf.c.obj
 .text._ntoa_format
                0x0000000010001a04      0x1cc CMakeFiles/ssd1306_test.dir/mnt/d/Electronics/pico/pico-sdk/src/rp2_common/pico_printf/printf.c.obj
 .text._out_char
                0x0000000010001bd0       0x10 CMakeFiles/ssd1306_test.dir/mnt/d/Electronics/pico/pico-sdk/src/rp2_common/pico_printf/printf.c.obj
 .text._out_fct
                0x0000000010001be0       0x10 CMakeFiles/ssd1306_test.dir/mnt/d/Electronics/pico/pico-sdk/src/rp2_common/pico_printf/printf.c.obj
 .text._etoa    0x0000000010001bf0      0x44c CMakeFiles/ssd1306_test.dir/mnt/d/Electronics/pico/pico-sdk/src/rp2_common/pico_printf/printf.c.obj
 .text._ftoa    0x000000001000203c      0x398 CMakeFiles/ssd1306_test.dir/mnt/d/Electronics/pico/pico-sdk/src/rp2_common/pico_printf/printf.c.obj
 .text._vsnprintf
                0x00000000100023d4      0xb04 CMakeFiles/ssd1306_test.dir/mnt/d/Electronics/pico/pico-sdk/src/rp2_common/pico_printf/printf.c.obj
 .text.vfctprintf
                0x0000000010002ed8       0x20 CMakeFiles/ssd1306_test.dir/mnt/d/Electronics/pico/pico-sdk/src/rp2_common/pico_printf/printf.c.obj
                0x0000000010002ed8                vfctprintf
 .text.weak_raw_vprintf
                0x0000000010002ef8       0x30 CMakeFiles/ssd1306_test.dir/mnt/d/Electronics/pico/pico-sdk/src/rp2_common/pico_printf/printf.c.obj
                0x0000000010002ef8                weak_raw_vprintf
 .text          0x0000000010002f28       0x10 CMakeFiles/ssd1306_test.dir/mnt/d/Electronics/pico/pico-sdk/src/rp2_common/pico_bit_ops/bit_ops_aeabi.S.obj
 .text.rom_func_lookup
                0x0000000010002f38       0x10 CMakeFiles/ssd1306_test.dir/mnt/d/Electronics/pico/pico-sdk/src/rp2_common/pico_bootrom/bootrom.c.obj
                0x0000000010002f38                rom_func_lookup
 .text.rom_data_lookup
                0x0000000010002f48       0x10 CMakeFiles/ssd1306_test.dir/mnt/d/Electronics/pico/pico-sdk/src/rp2_common/pico_bootrom/bootrom.c.obj
                0x0000000010002f48                rom_data_lookup
 .text.rom_funcs_lookup
                0x0000000010002f58       0x44 CMakeFiles/ssd1306_test.dir/mnt/d/Electronics/pico/pico-sdk/src/rp2_common/pico_bootrom/bootrom.c.obj
                0x0000000010002f58                rom_funcs_lookup
 .text.__wrap___aeabi_idiv
                0x0000000010002f9c       0x50 CMakeFiles/ssd1306_test.dir/mnt/d/Electronics/pico/pico-sdk/src/rp2_common/pico_divider/divider.S.obj
                0x0000000010002f9c                __wrap___aeabi_idivmod
                0x0000000010002f9c                divmod_s32s32
                0x0000000010002f9c                div_s32s32
                0x0000000010002f9c                __wrap___aeabi_idiv
                0x0000000010002fa4                divmod_s32s32_unsafe
                0x0000000010002fd0                divmod_s32s32_savestate
 .text.__wrap___aeabi_uidiv
                0x0000000010002fec       0x4c CMakeFiles/ssd1306_test.dir/mnt/d/Electronics/pico/pico-sdk/src/rp2_common/pico_divider/divider.S.obj
                0x0000000010002fec                __wrap___aeabi_uidiv
                0x0000000010002fec                __wrap___aeabi_uidivmod
                0x0000000010002fec                div_u32u32
                0x0000000010002fec                divmod_u32u32
                0x0000000010002ff4                divmod_u32u32_unsafe
                0x000000001000301c                divmod_u32u32_savestate
 .text.__wrap___aeabi_ldiv
                0x0000000010003038      0x434 CMakeFiles/ssd1306_test.dir/mnt/d/Electronics/pico/pico-sdk/src/rp2_common/pico_divider/divider.S.obj
                0x0000000010003038                div_s64s64
                0x0000000010003038                divmod_s64s64
                0x0000000010003038                __wrap___aeabi_ldivmod
                0x0000000010003070                div_u64u64
                0x0000000010003070                divmod_u64u64
                0x0000000010003070                __wrap___aeabi_uldivmod
                0x0000000010003080                divmod_u64u64_savestate
                0x00000000100030a8                divmod_s64s64_unsafe
                0x0000000010003130                divmod_u64u64_unsafe
 .text.__wrap___aeabi_darithmetic
                0x000000001000346c       0x80 CMakeFiles/ssd1306_test.dir/mnt/d/Electronics/pico/pico-sdk/src/rp2_common/pico_double/double_aeabi.S.obj
                0x000000001000346c                __wrap___aeabi_drsub
                0x0000000010003472                __wrap___aeabi_dsub
                0x0000000010003484                __wrap___aeabi_dadd
                0x0000000010003496                __wrap___aeabi_ddiv
                0x00000000100034d2                __wrap___aeabi_dmul
 .text.__wrap___aeabi_cdcmple
                0x00000000100034ec       0x6c CMakeFiles/ssd1306_test.dir/mnt/d/Electronics/pico/pico-sdk/src/rp2_common/pico_double/double_aeabi.S.obj
                0x00000000100034ec                __wrap___aeabi_cdrcmple
                0x00000000100034fc                __wrap___aeabi_cdcmple
                0x00000000100034fc                __wrap___aeabi_cdcmpeq
 .text.__wrap___aeabi_dcmplt
                0x0000000010003558        0xc CMakeFiles/ssd1306_test.dir/mnt/d/Electronics/pico/pico-sdk/src/rp2_common/pico_double/double_aeabi.S.obj
                0x0000000010003558                __wrap___aeabi_dcmplt
 .text.__wrap___aeabi_dcmple
                0x0000000010003564       0x10 CMakeFiles/ssd1306_test.dir/mnt/d/Electronics/pico/pico-sdk/src/rp2_common/pico_double/double_aeabi.S.obj
                0x0000000010003564                __wrap___aeabi_dcmple
 .text.__wrap___aeabi_dcmpge
                0x0000000010003574       0x10 CMakeFiles/ssd1306_test.dir/mnt/d/Electronics/pico/pico-sdk/src/rp2_common/pico_double/double_aeabi.S.obj
                0x0000000010003574                __wrap___aeabi_dcmpge
 .text.__wrap___aeabi_dcmpgt
                0x0000000010003584        0xa CMakeFiles/ssd1306_test.dir/mnt/d/Electronics/pico/pico-sdk/src/rp2_common/pico_double/double_aeabi.S.obj
                0x0000000010003584                __wrap___aeabi_dcmpgt
 .text.__wrap___aeabi_dcmpun
                0x000000001000358e       0x1c CMakeFiles/ssd1306_test.dir/mnt/d/Electronics/pico/pico-sdk/src/rp2_common/pico_double/double_aeabi.S.obj
                0x000000001000358e                __wrap___aeabi_dcmpun
 *fill*         0x00000000100035aa        0x2 
 .text.__wrap___aeabi_i2d
                0x00000000100035ac       0x38 CMakeFiles/ssd1306_test.dir/mnt/d/Electronics/pico/pico-sdk/src/rp2_common/pico_double/double_aeabi.S.obj
                0x00000000100035ac                __wrap___aeabi_ui2d
                0x00000000100035b4                __wrap___aeabi_i2d
 .text.__wrap___aeabi_d2iz
                0x00000000100035e4       0x48 CMakeFiles/ssd1306_test.dir/mnt/d/Electronics/pico/pico-sdk/src/rp2_common/pico_double/double_aeabi.S.obj
                0x00000000100035e4                __wrap___aeabi_d2iz
                0x00000000100035e4                double2int_z
 .text.__wrap___aeabi_d2uiz
                0x000000001000362c       0x18 CMakeFiles/ssd1306_test.dir/mnt/d/Electronics/pico/pico-sdk/src/rp2_common/pico_double/double_aeabi.S.obj
                0x000000001000362c                double2uint
                0x000000001000362c                __wrap___aeabi_d2uiz
 .text.__aeabi_double_init
                0x0000000010003644       0x94 CMakeFiles/ssd1306_test.dir/mnt/d/Electronics/pico/pico-sdk/src/rp2_common/pico_double/double_init_rom.c.obj
                0x0000000010003644                __aeabi_double_init
 .text.double_table_shim_on_use_helper
                0x00000000100036d8       0x2c CMakeFiles/ssd1306_test.dir/mnt/d/Electronics/pico/pico-sdk/src/rp2_common/pico_double/double_v1_rom_shim.S.obj
                0x00000000100036d8                double_table_shim_on_use_helper
 .text.__wrap___aeabi_dsub
                0x0000000010003704       0x10 CMakeFiles/ssd1306_test.dir/mnt/d/Electronics/pico/pico-sdk/src/rp2_common/pico_double/double_v1_rom_shim.S.obj
                0x0000000010003704                drsub_shim
                0x000000001000370a                dsub_shim
 .text.dadd_shim
                0x0000000010003714      0x15c CMakeFiles/ssd1306_test.dir/mnt/d/Electronics/pico/pico-sdk/src/rp2_common/pico_double/double_v1_rom_shim.S.obj
                0x0000000010003714                dadd_shim
 .text.dmul_shim
                0x0000000010003870      0x15c CMakeFiles/ssd1306_test.dir/mnt/d/Electronics/pico/pico-sdk/src/rp2_common/pico_double/double_v1_rom_shim.S.obj
                0x0000000010003870                dmul_shim
 .text.ddiv_shim
                0x00000000100039cc      0x1b0 CMakeFiles/ssd1306_test.dir/mnt/d/Electronics/pico/pico-sdk/src/rp2_common/pico_double/double_v1_rom_shim.S.obj
                0x00000000100039cc                ddiv_shim
 .text.double2uint_shim
                0x0000000010003b7c        0xe CMakeFiles/ssd1306_test.dir/mnt/d/Electronics/pico/pico-sdk/src/rp2_common/pico_double/double_v1_rom_shim.S.obj
                0x0000000010003b7c                double2uint_shim
                0x0000000010003b7e                double2ufix_shim
 *fill*         0x0000000010003b8a        0x2 
 .text.double2uint64_shim
                0x0000000010003b8c       0x70 CMakeFiles/ssd1306_test.dir/mnt/d/Electronics/pico/pico-sdk/src/rp2_common/pico_double/double_v1_rom_shim.S.obj
                0x0000000010003b8c                double2uint64_shim
                0x0000000010003b8e                double2ufix64_shim
                0x0000000010003bae                d2fix_a
 .text.dunpacks
                0x0000000010003bfc       0x3c CMakeFiles/ssd1306_test.dir/mnt/d/Electronics/pico/pico-sdk/src/rp2_common/pico_double/double_v1_rom_shim.S.obj
                0x0000000010003bfc                dunpacks
 .text.__aeabi_lmul
                0x0000000010003c38       0x32 CMakeFiles/ssd1306_test.dir/mnt/d/Electronics/pico/pico-sdk/src/rp2_common/pico_int64_ops/pico_int64_ops_aeabi.S.obj
                0x0000000010003c38                __wrap___aeabi_lmul
 *fill*         0x0000000010003c6a        0x2 
 .text.__aeabi_float_init
                0x0000000010003c6c       0x64 CMakeFiles/ssd1306_test.dir/mnt/d/Electronics/pico/pico-sdk/src/rp2_common/pico_float/float_init_rom.c.obj
                0x0000000010003c6c                __aeabi_float_init
 .text.float_table_shim_on_use_helper
                0x0000000010003cd0       0x2c CMakeFiles/ssd1306_test.dir/mnt/d/Electronics/pico/pico-sdk/src/rp2_common/pico_float/float_v1_rom_shim.S.obj
                0x0000000010003cd0                float_table_shim_on_use_helper
 .text.__wrap_malloc
                0x0000000010003cfc       0x24 CMakeFiles/ssd1306_test.dir/mnt/d/Electronics/pico/pico-sdk/src/rp2_common/pico_malloc/pico_malloc.c.obj
                0x0000000010003cfc                __wrap_malloc
 .text          0x0000000010003d20       0x10 CMakeFiles/ssd1306_test.dir/mnt/d/Electronics/pico/pico-sdk/src/rp2_common/pico_mem_ops/mem_ops_aeabi.S.obj
                0x0000000010003d20                __aeabi_mem_init
 .text.memset   0x0000000010003d30        0xc CMakeFiles/ssd1306_test.dir/mnt/d/Electronics/pico/pico-sdk/src/rp2_common/pico_mem_ops/mem_ops_aeabi.S.obj
                0x0000000010003d30                __wrap_memset
 .text.memcpy   0x0000000010003d3c        0xc CMakeFiles/ssd1306_test.dir/mnt/d/Electronics/pico/pico-sdk/src/rp2_common/pico_mem_ops/mem_ops_aeabi.S.obj
                0x0000000010003d3c                __wrap___aeabi_memcpy
                0x0000000010003d3c                __wrap_memcpy
 .text.stdio_out_chars_no_crlf
                0x0000000010003d48       0x10 CMakeFiles/ssd1306_test.dir/mnt/d/Electronics/pico/pico-sdk/src/rp2_common/pico_stdio/stdio.c.obj
 .text.stdio_out_chars_crlf
                0x0000000010003d58       0xb4 CMakeFiles/ssd1306_test.dir/mnt/d/Electronics/pico/pico-sdk/src/rp2_common/pico_stdio/stdio.c.obj
 .text.stdio_buffered_printer
                0x0000000010003e0c       0x64 CMakeFiles/ssd1306_test.dir/mnt/d/Electronics/pico/pico-sdk/src/rp2_common/pico_stdio/stdio.c.obj
 .text.stdio_put_string.isra.0
                0x0000000010003e70       0xfc CMakeFiles/ssd1306_test.dir/mnt/d/Electronics/pico/pico-sdk/src/rp2_common/pico_stdio/stdio.c.obj
 .text.__wrap_putchar
                0x0000000010003f6c       0xa0 CMakeFiles/ssd1306_test.dir/mnt/d/Electronics/pico/pico-sdk/src/rp2_common/pico_stdio/stdio.c.obj
                0x0000000010003f6c                __wrap_putchar
 .text.__wrap_puts
                0x000000001000400c       0x3c CMakeFiles/ssd1306_test.dir/mnt/d/Electronics/pico/pico-sdk/src/rp2_common/pico_stdio/stdio.c.obj
                0x000000001000400c                __wrap_puts
 .text.__wrap_vprintf
                0x0000000010004048       0xd8 CMakeFiles/ssd1306_test.dir/mnt/d/Electronics/pico/pico-sdk/src/rp2_common/pico_stdio/stdio.c.obj
                0x0000000010004048                __wrap_vprintf
 .text.__wrap_printf
                0x0000000010004120       0x18 CMakeFiles/ssd1306_test.dir/mnt/d/Electronics/pico/pico-sdk/src/rp2_common/pico_stdio/stdio.c.obj
                0x0000000010004120                __wrap_printf
 .text.startup._retrieve_unique_id_on_boot
                0x0000000010004138       0x10 CMakeFiles/ssd1306_test.dir/mnt/d/Electronics/pico/pico-sdk/src/rp2_common/pico_unique_id/unique_id.c.obj
 .text.flash_get_unique_id
                0x0000000010004148       0x40 CMakeFiles/ssd1306_test.dir/mnt/d/Electronics/pico/pico-sdk/src/rp2_common/hardware_flash/flash.c.obj
                0x0000000010004148                flash_get_unique_id
 .text.i2c_set_baudrate
                0x0000000010004188       0xc4 CMakeFiles/ssd1306_test.dir/mnt/d/Electronics/pico/pico-sdk/src/rp2_common/hardware_i2c/i2c.c.obj
                0x0000000010004188                i2c_set_baudrate
 .text.i2c_init
                0x000000001000424c       0x54 CMakeFiles/ssd1306_test.dir/mnt/d/Electronics/pico/pico-sdk/src/rp2_common/hardware_i2c/i2c.c.obj
                0x000000001000424c                i2c_init
 .text.i2c_write_blocking
                0x00000000100042a0       0xd0 CMakeFiles/ssd1306_test.dir/mnt/d/Electronics/pico/pico-sdk/src/rp2_common/hardware_i2c/i2c.c.obj
                0x00000000100042a0                i2c_write_blocking
 .text          0x0000000010004370       0x28 /usr/lib/gcc/arm-none-eabi/10.3.1/../../../arm-none-eabi/lib/thumb/v6-m/nofp/libc.a(lib_a-malloc.o)
                0x0000000010004370                malloc
                0x0000000010004384                free
 .text          0x0000000010004398      0x574 /usr/lib/gcc/arm-none-eabi/10.3.1/../../../arm-none-eabi/lib/thumb/v6-m/nofp/libc.a(lib_a-mallocr.o)
                0x0000000010004398                _malloc_r
 .text          0x000000001000490c        0x8 /usr/lib/gcc/arm-none-eabi/10.3.1/../../../arm-none-eabi/lib/thumb/v6-m/nofp/libc.a(lib_a-mlock.o)
                0x000000001000490c                __malloc_lock
                0x0000000010004910                __malloc_unlock
 .text          0x0000000010004914       0x48 /usr/lib/gcc/arm-none-eabi/10.3.1/../../../arm-none-eabi/lib/thumb/v6-m/nofp/libc.a(lib_a-rand.o)
                0x0000000010004914                srand
                0x0000000010004928                rand
 .text          0x000000001000495c       0x24 /usr/lib/gcc/arm-none-eabi/10.3.1/../../../arm-none-eabi/lib/thumb/v6-m/nofp/libc.a(lib_a-sbrkr.o)
                0x000000001000495c                _sbrk_r
 .text          0x0000000010004980       0x5c /usr/lib/gcc/arm-none-eabi/10.3.1/../../../arm-none-eabi/lib/thumb/v6-m/nofp/libc.a(lib_a-strlen-stub.o)
                0x0000000010004980                strlen
 .text          0x00000000100049dc       0x34 /usr/lib/gcc/arm-none-eabi/10.3.1/../../../arm-none-eabi/lib/thumb/v6-m/nofp/libc.a(lib_a-time.o)
                0x00000000100049dc                time
 .text          0x0000000010004a10      0x260 /usr/lib/gcc/arm-none-eabi/10.3.1/../../../arm-none-eabi/lib/thumb/v6-m/nofp/libc.a(lib_a-freer.o)
                0x0000000010004a10                _malloc_trim_r
                0x0000000010004aac                _free_r
 .text          0x0000000010004c70       0x28 /usr/lib/gcc/arm-none-eabi/10.3.1/../../../arm-none-eabi/lib/thumb/v6-m/nofp/libc.a(lib_a-gettimeofdayr.o)
                0x0000000010004c70                _gettimeofday_r
 .text          0x0000000010004c98       0x10 /usr/lib/gcc/arm-none-eabi/10.3.1/../../../arm-none-eabi/lib/thumb/v6-m/nofp/libnosys.a(gettod.o)
                0x0000000010004c98                _gettimeofday
 *(.fini)
 .fini          0x0000000010004ca8        0x4 /usr/lib/gcc/arm-none-eabi/10.3.1/thumb/v6-m/nofp/crti.o
                0x0000000010004ca8                _fini
 *fill*         0x0000000010004cac        0x4 
 .fini.__stub   0x0000000010004cb0       0x60 linker stubs
 *crtbegin.o(.ctors)
 *crtbegin?.o(.ctors)
 *(EXCLUDE_FILE(*crtend.o *crtend?.o) .ctors)
 *(SORT_BY_NAME(.ctors.*))
 *(.ctors)
 *crtbegin.o(.dtors)
 *crtbegin?.o(.dtors)
 *(EXCLUDE_FILE(*crtend.o *crtend?.o) .dtors)
 *(SORT_BY_NAME(.dtors.*))
 *(.dtors)
 *(.eh_frame*)
 .eh_frame      0x0000000010004d10        0x0 /usr/lib/gcc/arm-none-eabi/10.3.1/thumb/v6-m/nofp/crtbegin.o
                0x0000000010004d10                . = ALIGN (0x4)

.glue_7         0x0000000010004d10        0x0
 .glue_7        0x0000000010004d10        0x0 linker stubs

.glue_7t        0x0000000010004d10        0x0
 .glue_7t       0x0000000010004d10        0x0 linker stubs

.vfp11_veneer   0x0000000010004d10        0x0
 .vfp11_veneer  0x0000000010004d10        0x0 linker stubs

.v4_bx          0x0000000010004d10        0x0
 .v4_bx         0x0000000010004d10        0x0 linker stubs

.iplt           0x0000000010004d10        0x0
 .iplt          0x0000000010004d10        0x0 /usr/lib/gcc/arm-none-eabi/10.3.1/thumb/v6-m/nofp/crtbegin.o

.rodata         0x0000000010004d10      0x35c
 *(EXCLUDE_FILE(*libm.a: *libc.a:*lib_a-mem*.o *libgcc.a:) .rodata*)
 .rodata.ssd1306_init.str1.4
                0x0000000010004d10       0x3f CMakeFiles/ssd1306_test.dir/ssd1306.c.obj
 *fill*         0x0000000010004d4f        0x1 
 .rodata.ssd1306_show.str1.4
                0x0000000010004d50        0xd CMakeFiles/ssd1306_test.dir/ssd1306.c.obj
 *fill*         0x0000000010004d5d        0x3 
 .rodata.hardware_alarm_claim.str1.4
                0x0000000010004d60       0x22 CMakeFiles/ssd1306_test.dir/mnt/d/Electronics/pico/pico-sdk/src/rp2_common/hardware_timer/timer.c.obj
 *fill*         0x0000000010004d82        0x2 
 .rodata.panic.str1.4
                0x0000000010004d84       0x12 CMakeFiles/ssd1306_test.dir/mnt/d/Electronics/pico/pico-sdk/src/rp2_common/pico_runtime/runtime.c.obj
 *fill*         0x0000000010004d96        0x2 
 .rodata.hard_assertion_failure.str1.4
                0x0000000010004d98        0xc CMakeFiles/ssd1306_test.dir/mnt/d/Electronics/pico/pico-sdk/src/rp2_common/pico_runtime/runtime.c.obj
 .rodata._ftoa.str1.4
                0x0000000010004da4       0x15 CMakeFiles/ssd1306_test.dir/mnt/d/Electronics/pico/pico-sdk/src/rp2_common/pico_printf/printf.c.obj
 *fill*         0x0000000010004db9        0x3 
 .rodata._vsnprintf
                0x0000000010004dbc      0x1e0 CMakeFiles/ssd1306_test.dir/mnt/d/Electronics/pico/pico-sdk/src/rp2_common/pico_printf/printf.c.obj
 *fill*         0x0000000010004f9c        0x4 
 .rodata.pow10.0
                0x0000000010004fa0       0x50 CMakeFiles/ssd1306_test.dir/mnt/d/Electronics/pico/pico-sdk/src/rp2_common/pico_printf/printf.c.obj
 .rodata.__wrap_malloc.str1.4
                0x0000000010004ff0        0xe CMakeFiles/ssd1306_test.dir/mnt/d/Electronics/pico/pico-sdk/src/rp2_common/pico_malloc/pico_malloc.c.obj
 *fill*         0x0000000010004ffe        0x2 
 .rodata.str1.4
                0x0000000010005000       0x44 CMakeFiles/ssd1306_test.dir/mnt/d/Electronics/pico/pico-sdk/src/rp2_common/pico_standard_link/binary_info.c.obj
 .rodata.__bi_44
                0x0000000010005044        0xc CMakeFiles/ssd1306_test.dir/mnt/d/Electronics/pico/pico-sdk/src/rp2_common/pico_standard_link/binary_info.c.obj
 .rodata.__bi_75
                0x0000000010005050        0xc CMakeFiles/ssd1306_test.dir/mnt/d/Electronics/pico/pico-sdk/src/rp2_common/pico_standard_link/binary_info.c.obj
 .rodata.__bi_81
                0x000000001000505c        0xc CMakeFiles/ssd1306_test.dir/mnt/d/Electronics/pico/pico-sdk/src/rp2_common/pico_standard_link/binary_info.c.obj
 .rodata.crlf_str.0
                0x0000000010005068        0x2 CMakeFiles/ssd1306_test.dir/mnt/d/Electronics/pico/pico-sdk/src/rp2_common/pico_stdio/stdio.c.obj
                0x000000001000506c                . = ALIGN (0x4)
 *fill*         0x000000001000506a        0x2 
 *(SORT_BY_ALIGNMENT(SORT_BY_NAME(.flashdata*)))
                0x000000001000506c                . = ALIGN (0x4)

.rel.dyn        0x000000001000506c        0x0
 .rel.iplt      0x000000001000506c        0x0 /usr/lib/gcc/arm-none-eabi/10.3.1/thumb/v6-m/nofp/crtbegin.o

.ARM.extab
 *(.ARM.extab* .gnu.linkonce.armextab.*)
                0x000000001000506c                __exidx_start = .

.ARM.exidx
 *(.ARM.exidx* .gnu.linkonce.armexidx.*)
                0x000000001000506c                __exidx_end = .
                0x000000001000506c                . = ALIGN (0x4)
                0x000000001000506c                __binary_info_start = .

.binary_info    0x000000001000506c       0x1c
 *(.binary_info.keep.*)
 .binary_info.keep.__bi_ptr22
                0x000000001000506c        0x4 CMakeFiles/ssd1306_test.dir/mnt/d/Electronics/pico/pico-sdk/src/rp2_common/pico_standard_link/binary_info.c.obj
 .binary_info.keep.__bi_ptr30
                0x0000000010005070        0x4 CMakeFiles/ssd1306_test.dir/mnt/d/Electronics/pico/pico-sdk/src/rp2_common/pico_standard_link/binary_info.c.obj
 .binary_info.keep.__bi_ptr38
                0x0000000010005074        0x4 CMakeFiles/ssd1306_test.dir/mnt/d/Electronics/pico/pico-sdk/src/rp2_common/pico_standard_link/binary_info.c.obj
 .binary_info.keep.__bi_ptr44
                0x0000000010005078        0x4 CMakeFiles/ssd1306_test.dir/mnt/d/Electronics/pico/pico-sdk/src/rp2_common/pico_standard_link/binary_info.c.obj
 .binary_info.keep.__bi_ptr50
                0x000000001000507c        0x4 CMakeFiles/ssd1306_test.dir/mnt/d/Electronics/pico/pico-sdk/src/rp2_common/pico_standard_link/binary_info.c.obj
 .binary_info.keep.__bi_ptr75
                0x0000000010005080        0x4 CMakeFiles/ssd1306_test.dir/mnt/d/Electronics/pico/pico-sdk/src/rp2_common/pico_standard_link/binary_info.c.obj
 .binary_info.keep.__bi_ptr81
                0x0000000010005084        0x4 CMakeFiles/ssd1306_test.dir/mnt/d/Electronics/pico/pico-sdk/src/rp2_common/pico_standard_link/binary_info.c.obj
 *(.binary_info.*)
                0x0000000010005088                __binary_info_end = .
                0x0000000010005088                . = ALIGN (0x4)
                0x0000000010005088                __etext = .

.ram_vector_table
                0x0000000020000000       0xc0
 *(.ram_vector_table)
 .ram_vector_table
                0x0000000020000000       0xc0 CMakeFiles/ssd1306_test.dir/mnt/d/Electronics/pico/pico-sdk/src/rp2_common/pico_runtime/runtime.c.obj
                0x0000000020000000                ram_vector_table

.data           0x00000000200000c0      0xb00 load address 0x0000000010005088
                0x00000000200000c0                __data_start__ = .
 *(vtable)
 *(.time_critical*)
 .time_critical.mutex_enter_blocking
                0x00000000200000c0       0x48 CMakeFiles/ssd1306_test.dir/mnt/d/Electronics/pico/pico-sdk/src/common/pico_sync/mutex.c.obj
                0x00000000200000c0                mutex_enter_blocking
 .time_critical.mutex_try_enter
                0x0000000020000108       0x44 CMakeFiles/ssd1306_test.dir/mnt/d/Electronics/pico/pico-sdk/src/common/pico_sync/mutex.c.obj
                0x0000000020000108                mutex_try_enter
 .time_critical.mutex_exit
                0x000000002000014c       0x28 CMakeFiles/ssd1306_test.dir/mnt/d/Electronics/pico/pico-sdk/src/common/pico_sync/mutex.c.obj
                0x000000002000014c                mutex_exit
 .time_critical.flash_init_boot2_copyout
                0x0000000020000174       0x30 CMakeFiles/ssd1306_test.dir/mnt/d/Electronics/pico/pico-sdk/src/rp2_common/hardware_flash/flash.c.obj
 .time_critical.flash_enable_xip_via_boot2
                0x00000000200001a4       0x10 CMakeFiles/ssd1306_test.dir/mnt/d/Electronics/pico/pico-sdk/src/rp2_common/hardware_flash/flash.c.obj
 .time_critical.flash_cs_force
                0x00000000200001b4       0x38 CMakeFiles/ssd1306_test.dir/mnt/d/Electronics/pico/pico-sdk/src/rp2_common/hardware_flash/flash.c.obj
 .time_critical.flash_do_cmd
                0x00000000200001ec       0xc4 CMakeFiles/ssd1306_test.dir/mnt/d/Electronics/pico/pico-sdk/src/rp2_common/hardware_flash/flash.c.obj
                0x00000000200001ec                flash_do_cmd
 *(.text*)
 .text          0x00000000200002b0        0x4 /usr/lib/gcc/arm-none-eabi/10.3.1/thumb/v6-m/nofp/libgcc.a(_dvmd_tls.o)
                0x00000000200002b0                __aeabi_ldiv0
                0x00000000200002b0                __aeabi_idiv0
                0x00000000200002b4                . = ALIGN (0x4)
 *(.rodata*)
                0x00000000200002b4                . = ALIGN (0x4)
 *(.data*)
 .data.striped_spin_lock_num
                0x00000000200002b4        0x1 CMakeFiles/ssd1306_test.dir/mnt/d/Electronics/pico/pico-sdk/src/rp2_common/hardware_sync/sync.c.obj
 *fill*         0x00000000200002b5        0x3 
 .data          0x00000000200002b8       0x48 CMakeFiles/ssd1306_test.dir/mnt/d/Electronics/pico/pico-sdk/src/rp2_common/hardware_irq/irq_handler_chain.S.obj
                0x00000000200002b8                irq_handler_chain_slots
                0x00000000200002e8                irq_handler_chain_first_slot
                0x00000000200002f2                irq_handler_chain_remove_tail
 .data.default_alarm_pool
                0x0000000020000300       0x18 CMakeFiles/ssd1306_test.dir/mnt/d/Electronics/pico/pico-sdk/src/common/pico_time/time.c.obj
 .data.default_alarm_pool_heap
                0x0000000020000318       0x10 CMakeFiles/ssd1306_test.dir/mnt/d/Electronics/pico/pico-sdk/src/common/pico_time/time.c.obj
 *fill*         0x0000000020000328        0x8 
 .data.aeabi_bits_funcs
                0x0000000020000330       0x10 CMakeFiles/ssd1306_test.dir/mnt/d/Electronics/pico/pico-sdk/src/rp2_common/pico_bit_ops/bit_ops_aeabi.S.obj
                0x0000000020000330                aeabi_bits_funcs
                0x0000000020000340                aeabi_bits_funcs_end
 .data.aeabi_mem_funcs
                0x0000000020000340       0x10 CMakeFiles/ssd1306_test.dir/mnt/d/Electronics/pico/pico-sdk/src/rp2_common/pico_mem_ops/mem_ops_aeabi.S.obj
                0x0000000020000340                aeabi_mem_funcs
                0x0000000020000350                aeabi_mem_funcs_end
 .data.i2c0_inst
                0x0000000020000350        0x8 CMakeFiles/ssd1306_test.dir/mnt/d/Electronics/pico/pico-sdk/src/rp2_common/hardware_i2c/i2c.c.obj
                0x0000000020000350                i2c0_inst
 .data.i2c1_inst
                0x0000000020000358        0x8 CMakeFiles/ssd1306_test.dir/mnt/d/Electronics/pico/pico-sdk/src/rp2_common/hardware_i2c/i2c.c.obj
                0x0000000020000358                i2c1_inst
 .data          0x0000000020000360      0x430 /usr/lib/gcc/arm-none-eabi/10.3.1/../../../arm-none-eabi/lib/thumb/v6-m/nofp/libc.a(lib_a-impure.o)
                0x0000000020000360                _impure_ptr
 .data          0x0000000020000790      0x410 /usr/lib/gcc/arm-none-eabi/10.3.1/../../../arm-none-eabi/lib/thumb/v6-m/nofp/libc.a(lib_a-mallocr.o)
                0x0000000020000790                __malloc_sbrk_base
                0x0000000020000794                __malloc_trim_threshold
                0x0000000020000798                __malloc_av_
                0x0000000020000ba0                . = ALIGN (0x4)
 *(.after_data.*)
                0x0000000020000ba0                . = ALIGN (0x4)
                0x0000000020000ba0                PROVIDE (__mutex_array_start = .)
 *(SORT_BY_NAME(.mutex_array.*))
 *(.mutex_array)
 .mutex_array   0x0000000020000ba0        0x8 CMakeFiles/ssd1306_test.dir/mnt/d/Electronics/pico/pico-sdk/src/rp2_common/pico_stdio/stdio.c.obj
                0x0000000020000ba8                PROVIDE (__mutex_array_end = .)
                0x0000000020000ba8                . = ALIGN (0x4)
                0x0000000020000ba8                PROVIDE (__preinit_array_start = .)
 *(SORT_BY_NAME(.preinit_array.*))
 .preinit_array.00001
                0x0000000020000ba8        0x4 CMakeFiles/ssd1306_test.dir/mnt/d/Electronics/pico/pico-sdk/src/rp2_common/pico_mem_ops/mem_ops_aeabi.S.obj
 .preinit_array.00010
                0x0000000020000bac        0x4 CMakeFiles/ssd1306_test.dir/mnt/d/Electronics/pico/pico-sdk/src/rp2_common/pico_bit_ops/bit_ops_aeabi.S.obj
 .preinit_array.00020
                0x0000000020000bb0        0x4 CMakeFiles/ssd1306_test.dir/mnt/d/Electronics/pico/pico-sdk/src/rp2_common/pico_double/double_aeabi.S.obj
 .preinit_array.00020
                0x0000000020000bb4        0x4 CMakeFiles/ssd1306_test.dir/mnt/d/Electronics/pico/pico-sdk/src/rp2_common/pico_float/float_aeabi.S.obj
 *(.preinit_array)
                0x0000000020000bb8                PROVIDE (__preinit_array_end = .)
                0x0000000020000bb8                . = ALIGN (0x4)
                0x0000000020000bb8                PROVIDE (__init_array_start = .)
 *(SORT_BY_NAME(.init_array.*))
 *(.init_array)
 .init_array    0x0000000020000bb8        0x4 /usr/lib/gcc/arm-none-eabi/10.3.1/thumb/v6-m/nofp/crtbegin.o
 .init_array    0x0000000020000bbc        0x4 CMakeFiles/ssd1306_test.dir/mnt/d/Electronics/pico/pico-sdk/src/rp2_common/pico_unique_id/unique_id.c.obj
                0x0000000020000bc0                PROVIDE (__init_array_end = .)
                0x0000000020000bc0                . = ALIGN (0x4)
                0x0000000020000bc0                PROVIDE (__fini_array_start = .)
 *(SORT_BY_NAME(.fini_array.*))
 *(.fini_array)
                0x0000000020000bc0                PROVIDE (__fini_array_end = .)
 *(.jcr)
                0x0000000020000bc0                . = ALIGN (0x4)
                0x0000000020000bc0                __data_end__ = .

.tm_clone_table
                0x0000000020000bc0        0x0 load address 0x0000000010005b88
 .tm_clone_table
                0x0000000020000bc0        0x0 /usr/lib/gcc/arm-none-eabi/10.3.1/thumb/v6-m/nofp/crtbegin.o
 .tm_clone_table
                0x0000000020000bc0        0x0 /usr/lib/gcc/arm-none-eabi/10.3.1/thumb/v6-m/nofp/crtend.o

.igot.plt       0x0000000020000bc0        0x0 load address 0x0000000010005b88
 .igot.plt      0x0000000020000bc0        0x0 /usr/lib/gcc/arm-none-eabi/10.3.1/thumb/v6-m/nofp/crtbegin.o

.uninitialized_data
                0x0000000020000bc0        0x0 load address 0x0000000010005b88
                0x0000000020000bc0                . = ALIGN (0x4)
 *(.uninitialized_data*)

.scratch_x      0x0000000020040000        0x0 load address 0x0000000010005b88
                0x0000000020040000                __scratch_x_start__ = .
 *(.scratch_x.*)
                0x0000000020040000                . = ALIGN (0x4)
                0x0000000020040000                __scratch_x_end__ = .
                0x0000000010005b88                __scratch_x_source__ = LOADADDR (.scratch_x)

.scratch_y      0x0000000020041000        0x0 load address 0x0000000010005b88
                0x0000000020041000                __scratch_y_start__ = .
 *(.scratch_y.*)
                0x0000000020041000                . = ALIGN (0x4)
                0x0000000020041000                __scratch_y_end__ = .
                0x0000000010005b88                __scratch_y_source__ = LOADADDR (.scratch_y)

.bss            0x0000000020000bc0      0x510
                0x0000000020000bc0                . = ALIGN (0x4)
                0x0000000020000bc0                __bss_start__ = .
 *(SORT_BY_ALIGNMENT(SORT_BY_NAME(.bss*)))
 .bss.default_alarm_pool_entries
                0x0000000020000bc0      0x100 CMakeFiles/ssd1306_test.dir/mnt/d/Electronics/pico/pico-sdk/src/common/pico_time/time.c.obj
 .bss.sd_table  0x0000000020000cc0      0x100 CMakeFiles/ssd1306_test.dir/mnt/d/Electronics/pico/pico-sdk/src/rp2_common/pico_double/double_init_rom.c.obj
                0x0000000020000cc0                sd_table
 .bss.sf_table  0x0000000020000dc0      0x100 CMakeFiles/ssd1306_test.dir/mnt/d/Electronics/pico/pico-sdk/src/rp2_common/pico_float/float_init_rom.c.obj
                0x0000000020000dc0                sf_table
 .bss           0x0000000020000ec0       0x1c /usr/lib/gcc/arm-none-eabi/10.3.1/thumb/v6-m/nofp/crtbegin.o
 .bss           0x0000000020000edc       0x34 /usr/lib/gcc/arm-none-eabi/10.3.1/../../../arm-none-eabi/lib/thumb/v6-m/nofp/libc.a(lib_a-mallocr.o)
                0x0000000020000edc                __malloc_top_pad
                0x0000000020000ee0                __malloc_current_mallinfo
                0x0000000020000f08                __malloc_max_sbrked_mem
                0x0000000020000f0c                __malloc_max_total_mem
 .bss           0x0000000020000f10        0x4 /usr/lib/gcc/arm-none-eabi/10.3.1/../../../arm-none-eabi/lib/thumb/v6-m/nofp/libc.a(lib_a-reent.o)
                0x0000000020000f10                errno
 .bss.alarm_callbacks
                0x0000000020000f14       0x10 CMakeFiles/ssd1306_test.dir/mnt/d/Electronics/pico/pico-sdk/src/rp2_common/hardware_timer/timer.c.obj
 .bss.boot2_copyout
                0x0000000020000f24      0x100 CMakeFiles/ssd1306_test.dir/mnt/d/Electronics/pico/pico-sdk/src/rp2_common/hardware_flash/flash.c.obj
 .bss.configured_freq
                0x0000000020001024       0x28 CMakeFiles/ssd1306_test.dir/mnt/d/Electronics/pico/pico-sdk/src/rp2_common/hardware_clocks/clocks.c.obj
 .bss.default_alarm_pool_entry_ids_high
                0x000000002000104c       0x10 CMakeFiles/ssd1306_test.dir/mnt/d/Electronics/pico/pico-sdk/src/common/pico_time/time.c.obj
 .bss.default_alarm_pool_heap_nodes
                0x000000002000105c       0x30 CMakeFiles/ssd1306_test.dir/mnt/d/Electronics/pico/pico-sdk/src/common/pico_time/time.c.obj
 .bss.drivers   0x000000002000108c        0x4 CMakeFiles/ssd1306_test.dir/mnt/d/Electronics/pico/pico-sdk/src/rp2_common/pico_stdio/stdio.c.obj
 .bss.filter    0x0000000020001090        0x4 CMakeFiles/ssd1306_test.dir/mnt/d/Electronics/pico/pico-sdk/src/rp2_common/pico_stdio/stdio.c.obj
 .bss.heap_end.0
                0x0000000020001094        0x4 CMakeFiles/ssd1306_test.dir/mnt/d/Electronics/pico/pico-sdk/src/rp2_common/pico_runtime/runtime.c.obj
 .bss.lazy_vsnprintf
                0x0000000020001098        0x4 CMakeFiles/ssd1306_test.dir/mnt/d/Electronics/pico/pico-sdk/src/rp2_common/pico_printf/printf.c.obj
 .bss.pools     0x000000002000109c       0x10 CMakeFiles/ssd1306_test.dir/mnt/d/Electronics/pico/pico-sdk/src/common/pico_time/time.c.obj
 .bss.retrieved_id
                0x00000000200010ac        0x8 CMakeFiles/ssd1306_test.dir/mnt/d/Electronics/pico/pico-sdk/src/rp2_common/pico_unique_id/unique_id.c.obj
 .bss.sf_clz_func
                0x00000000200010b4        0x4 CMakeFiles/ssd1306_test.dir/mnt/d/Electronics/pico/pico-sdk/src/rp2_common/pico_double/double_init_rom.c.obj
                0x00000000200010b4                sf_clz_func
 .bss.sleep_notifier
                0x00000000200010b8        0x4 CMakeFiles/ssd1306_test.dir/mnt/d/Electronics/pico/pico-sdk/src/common/pico_time/time.c.obj
 .bss.target_hi
                0x00000000200010bc       0x10 CMakeFiles/ssd1306_test.dir/mnt/d/Electronics/pico/pico-sdk/src/rp2_common/hardware_timer/timer.c.obj
 .bss.boot2_copyout_valid
                0x00000000200010cc        0x1 CMakeFiles/ssd1306_test.dir/mnt/d/Electronics/pico/pico-sdk/src/rp2_common/hardware_flash/flash.c.obj
 .bss.claimed   0x00000000200010cd        0x1 CMakeFiles/ssd1306_test.dir/mnt/d/Electronics/pico/pico-sdk/src/rp2_common/hardware_timer/timer.c.obj
 .bss.irq_hander_chain_free_slot_head
                0x00000000200010ce        0x1 CMakeFiles/ssd1306_test.dir/mnt/d/Electronics/pico/pico-sdk/src/rp2_common/hardware_irq/irq.c.obj
 .bss.timer_callbacks_pending
                0x00000000200010cf        0x1 CMakeFiles/ssd1306_test.dir/mnt/d/Electronics/pico/pico-sdk/src/rp2_common/hardware_timer/timer.c.obj
 *(COMMON)
                0x00000000200010d0                . = ALIGN (0x4)
                0x00000000200010d0                __bss_end__ = .

.heap           0x00000000200010d0      0x800
                0x00000000200010d0                __end__ = .
                0x00000000200010d0                end = __end__
 *(.heap*)
 .heap          0x00000000200010d0      0x800 CMakeFiles/ssd1306_test.dir/mnt/d/Electronics/pico/pico-sdk/src/rp2_common/pico_standard_link/crt0.S.obj
                0x00000000200018d0                __HeapLimit = .

.stack1_dummy   0x0000000020040000        0x0
 *(.stack1*)

.stack_dummy    0x0000000020041000      0x800
 *(.stack*)
 .stack         0x0000000020041000      0x800 CMakeFiles/ssd1306_test.dir/mnt/d/Electronics/pico/pico-sdk/src/rp2_common/pico_standard_link/crt0.S.obj

.flash_end      0x0000000010005b88        0x0
                0x0000000010005b88                __flash_binary_end = .
                0x0000000020040000                __StackLimit = (ORIGIN (RAM) + LENGTH (RAM))
                0x0000000020041000                __StackOneTop = (ORIGIN (SCRATCH_X) + LENGTH (SCRATCH_X))
                0x0000000020042000                __StackTop = (ORIGIN (SCRATCH_Y) + LENGTH (SCRATCH_Y))
                0x0000000020041000                __StackOneBottom = (__StackOneTop - SIZEOF (.stack1_dummy))
                0x0000000020041800                __StackBottom = (__StackTop - SIZEOF (.stack_dummy))
                0x0000000020042000                PROVIDE (__stack = __StackTop)
                0x0000000000000001                ASSERT ((__StackLimit >= __HeapLimit), region RAM overflowed)
                0x0000000000000001                ASSERT (((__binary_info_header_end - __logical_binary_start) <= 0x100), Binary info must be in first 256 bytes of the binary)
LOAD CMakeFiles/ssd1306_test.dir/ssd1306_test.c.obj
LOAD CMakeFiles/ssd1306_test.dir/ssd1306.c.obj
LOAD CMakeFiles/ssd1306_test.dir/mnt/d/Electronics/pico/pico-sdk/src/rp2_common/pico_stdlib/stdlib.c.obj
LOAD CMakeFiles/ssd1306_test.dir/mnt/d/Electronics/pico/pico-sdk/src/rp2_common/hardware_gpio/gpio.c.obj
LOAD CMakeFiles/ssd1306_test.dir/mnt/d/Electronics/pico/pico-sdk/src/rp2_common/hardware_claim/claim.c.obj
LOAD CMakeFiles/ssd1306_test.dir/mnt/d/Electronics/pico/pico-sdk/src/rp2_common/pico_platform/platform.c.obj
LOAD CMakeFiles/ssd1306_test.dir/mnt/d/Electronics/pico/pico-sdk/src/rp2_common/hardware_sync/sync.c.obj
LOAD CMakeFiles/ssd1306_test.dir/mnt/d/Electronics/pico/pico-sdk/src/rp2_common/hardware_irq/irq.c.obj
LOAD CMakeFiles/ssd1306_test.dir/mnt/d/Electronics/pico/pico-sdk/src/rp2_common/hardware_irq/irq_handler_chain.S.obj
LOAD CMakeFiles/ssd1306_test.dir/mnt/d/Electronics/pico/pico-sdk/src/common/pico_sync/sem.c.obj
LOAD CMakeFiles/ssd1306_test.dir/mnt/d/Electronics/pico/pico-sdk/src/common/pico_sync/lock_core.c.obj
LOAD CMakeFiles/ssd1306_test.dir/mnt/d/Electronics/pico/pico-sdk/src/common/pico_time/time.c.obj
LOAD CMakeFiles/ssd1306_test.dir/mnt/d/Electronics/pico/pico-sdk/src/common/pico_time/timeout_helper.c.obj
LOAD CMakeFiles/ssd1306_test.dir/mnt/d/Electronics/pico/pico-sdk/src/rp2_common/hardware_timer/timer.c.obj
LOAD CMakeFiles/ssd1306_test.dir/mnt/d/Electronics/pico/pico-sdk/src/common/pico_util/datetime.c.obj
LOAD CMakeFiles/ssd1306_test.dir/mnt/d/Electronics/pico/pico-sdk/src/common/pico_util/pheap.c.obj
LOAD CMakeFiles/ssd1306_test.dir/mnt/d/Electronics/pico/pico-sdk/src/common/pico_util/queue.c.obj
LOAD CMakeFiles/ssd1306_test.dir/mnt/d/Electronics/pico/pico-sdk/src/common/pico_sync/mutex.c.obj
LOAD CMakeFiles/ssd1306_test.dir/mnt/d/Electronics/pico/pico-sdk/src/common/pico_sync/critical_section.c.obj
LOAD CMakeFiles/ssd1306_test.dir/mnt/d/Electronics/pico/pico-sdk/src/rp2_common/hardware_uart/uart.c.obj
LOAD CMakeFiles/ssd1306_test.dir/mnt/d/Electronics/pico/pico-sdk/src/rp2_common/hardware_divider/divider.S.obj
LOAD CMakeFiles/ssd1306_test.dir/mnt/d/Electronics/pico/pico-sdk/src/rp2_common/pico_runtime/runtime.c.obj
LOAD CMakeFiles/ssd1306_test.dir/mnt/d/Electronics/pico/pico-sdk/src/rp2_common/hardware_clocks/clocks.c.obj
LOAD CMakeFiles/ssd1306_test.dir/mnt/d/Electronics/pico/pico-sdk/src/rp2_common/hardware_pll/pll.c.obj
LOAD CMakeFiles/ssd1306_test.dir/mnt/d/Electronics/pico/pico-sdk/src/rp2_common/hardware_vreg/vreg.c.obj
LOAD CMakeFiles/ssd1306_test.dir/mnt/d/Electronics/pico/pico-sdk/src/rp2_common/hardware_watchdog/watchdog.c.obj
LOAD CMakeFiles/ssd1306_test.dir/mnt/d/Electronics/pico/pico-sdk/src/rp2_common/hardware_xosc/xosc.c.obj
LOAD CMakeFiles/ssd1306_test.dir/mnt/d/Electronics/pico/pico-sdk/src/rp2_common/pico_printf/printf.c.obj
LOAD CMakeFiles/ssd1306_test.dir/mnt/d/Electronics/pico/pico-sdk/src/rp2_common/pico_bit_ops/bit_ops_aeabi.S.obj
LOAD CMakeFiles/ssd1306_test.dir/mnt/d/Electronics/pico/pico-sdk/src/rp2_common/pico_bootrom/bootrom.c.obj
LOAD CMakeFiles/ssd1306_test.dir/mnt/d/Electronics/pico/pico-sdk/src/rp2_common/pico_divider/divider.S.obj
LOAD CMakeFiles/ssd1306_test.dir/mnt/d/Electronics/pico/pico-sdk/src/rp2_common/pico_double/double_aeabi.S.obj
LOAD CMakeFiles/ssd1306_test.dir/mnt/d/Electronics/pico/pico-sdk/src/rp2_common/pico_double/double_init_rom.c.obj
LOAD CMakeFiles/ssd1306_test.dir/mnt/d/Electronics/pico/pico-sdk/src/rp2_common/pico_double/double_math.c.obj
LOAD CMakeFiles/ssd1306_test.dir/mnt/d/Electronics/pico/pico-sdk/src/rp2_common/pico_double/double_v1_rom_shim.S.obj
LOAD CMakeFiles/ssd1306_test.dir/mnt/d/Electronics/pico/pico-sdk/src/rp2_common/pico_int64_ops/pico_int64_ops_aeabi.S.obj
LOAD CMakeFiles/ssd1306_test.dir/mnt/d/Electronics/pico/pico-sdk/src/rp2_common/pico_float/float_aeabi.S.obj
LOAD CMakeFiles/ssd1306_test.dir/mnt/d/Electronics/pico/pico-sdk/src/rp2_common/pico_float/float_init_rom.c.obj
LOAD CMakeFiles/ssd1306_test.dir/mnt/d/Electronics/pico/pico-sdk/src/rp2_common/pico_float/float_math.c.obj
LOAD CMakeFiles/ssd1306_test.dir/mnt/d/Electronics/pico/pico-sdk/src/rp2_common/pico_float/float_v1_rom_shim.S.obj
LOAD CMakeFiles/ssd1306_test.dir/mnt/d/Electronics/pico/pico-sdk/src/rp2_common/pico_malloc/pico_malloc.c.obj
LOAD CMakeFiles/ssd1306_test.dir/mnt/d/Electronics/pico/pico-sdk/src/rp2_common/pico_mem_ops/mem_ops_aeabi.S.obj
LOAD CMakeFiles/ssd1306_test.dir/mnt/d/Electronics/pico/pico-sdk/src/rp2_common/pico_standard_link/crt0.S.obj
LOAD CMakeFiles/ssd1306_test.dir/mnt/d/Electronics/pico/pico-sdk/src/rp2_common/pico_standard_link/new_delete.cpp.obj
LOAD CMakeFiles/ssd1306_test.dir/mnt/d/Electronics/pico/pico-sdk/src/rp2_common/pico_standard_link/binary_info.c.obj
LOAD CMakeFiles/ssd1306_test.dir/mnt/d/Electronics/pico/pico-sdk/src/rp2_common/pico_stdio/stdio.c.obj
LOAD CMakeFiles/ssd1306_test.dir/mnt/d/Electronics/pico/pico-sdk/src/rp2_common/pico_stdio_usb/reset_interface.c.obj
LOAD CMakeFiles/ssd1306_test.dir/mnt/d/Electronics/pico/pico-sdk/src/rp2_common/pico_stdio_usb/stdio_usb.c.obj
LOAD CMakeFiles/ssd1306_test.dir/mnt/d/Electronics/pico/pico-sdk/src/rp2_common/pico_stdio_usb/stdio_usb_descriptors.c.obj
LOAD CMakeFiles/ssd1306_test.dir/mnt/d/Electronics/pico/pico-sdk/lib/tinyusb/src/portable/raspberrypi/rp2040/dcd_rp2040.c.obj
LOAD CMakeFiles/ssd1306_test.dir/mnt/d/Electronics/pico/pico-sdk/lib/tinyusb/src/portable/raspberrypi/rp2040/rp2040_usb.c.obj
LOAD CMakeFiles/ssd1306_test.dir/mnt/d/Electronics/pico/pico-sdk/lib/tinyusb/src/device/usbd.c.obj
LOAD CMakeFiles/ssd1306_test.dir/mnt/d/Electronics/pico/pico-sdk/lib/tinyusb/src/device/usbd_control.c.obj
LOAD CMakeFiles/ssd1306_test.dir/mnt/d/Electronics/pico/pico-sdk/lib/tinyusb/src/class/audio/audio_device.c.obj
LOAD CMakeFiles/ssd1306_test.dir/mnt/d/Electronics/pico/pico-sdk/lib/tinyusb/src/class/cdc/cdc_device.c.obj
LOAD CMakeFiles/ssd1306_test.dir/mnt/d/Electronics/pico/pico-sdk/lib/tinyusb/src/class/dfu/dfu_device.c.obj
LOAD CMakeFiles/ssd1306_test.dir/mnt/d/Electronics/pico/pico-sdk/lib/tinyusb/src/class/dfu/dfu_rt_device.c.obj
LOAD CMakeFiles/ssd1306_test.dir/mnt/d/Electronics/pico/pico-sdk/lib/tinyusb/src/class/hid/hid_device.c.obj
LOAD CMakeFiles/ssd1306_test.dir/mnt/d/Electronics/pico/pico-sdk/lib/tinyusb/src/class/midi/midi_device.c.obj
LOAD CMakeFiles/ssd1306_test.dir/mnt/d/Electronics/pico/pico-sdk/lib/tinyusb/src/class/msc/msc_device.c.obj
LOAD CMakeFiles/ssd1306_test.dir/mnt/d/Electronics/pico/pico-sdk/lib/tinyusb/src/class/net/ecm_rndis_device.c.obj
LOAD CMakeFiles/ssd1306_test.dir/mnt/d/Electronics/pico/pico-sdk/lib/tinyusb/src/class/net/ncm_device.c.obj
LOAD CMakeFiles/ssd1306_test.dir/mnt/d/Electronics/pico/pico-sdk/lib/tinyusb/src/class/usbtmc/usbtmc_device.c.obj
LOAD CMakeFiles/ssd1306_test.dir/mnt/d/Electronics/pico/pico-sdk/lib/tinyusb/src/class/vendor/vendor_device.c.obj
LOAD CMakeFiles/ssd1306_test.dir/mnt/d/Electronics/pico/pico-sdk/lib/tinyusb/src/class/video/video_device.c.obj
LOAD CMakeFiles/ssd1306_test.dir/mnt/d/Electronics/pico/pico-sdk/lib/tinyusb/src/tusb.c.obj
LOAD CMakeFiles/ssd1306_test.dir/mnt/d/Electronics/pico/pico-sdk/lib/tinyusb/src/common/tusb_fifo.c.obj
LOAD CMakeFiles/ssd1306_test.dir/mnt/d/Electronics/pico/pico-sdk/src/rp2_common/pico_fix/rp2040_usb_device_enumeration/rp2040_usb_device_enumeration.c.obj
LOAD CMakeFiles/ssd1306_test.dir/mnt/d/Electronics/pico/pico-sdk/src/rp2_common/pico_unique_id/unique_id.c.obj
LOAD CMakeFiles/ssd1306_test.dir/mnt/d/Electronics/pico/pico-sdk/src/rp2_common/hardware_flash/flash.c.obj
LOAD CMakeFiles/ssd1306_test.dir/mnt/d/Electronics/pico/pico-sdk/src/rp2_common/hardware_i2c/i2c.c.obj
LOAD /tmp/cctWMHzj.o
LOAD /usr/lib/gcc/arm-none-eabi/10.3.1/../../../arm-none-eabi/lib/thumb/v6-m/nofp/libstdc++.a
LOAD /usr/lib/gcc/arm-none-eabi/10.3.1/../../../arm-none-eabi/lib/thumb/v6-m/nofp/libm.a
START GROUP
LOAD /usr/lib/gcc/arm-none-eabi/10.3.1/thumb/v6-m/nofp/libgcc.a
LOAD /usr/lib/gcc/arm-none-eabi/10.3.1/../../../arm-none-eabi/lib/thumb/v6-m/nofp/libc.a
END GROUP
START GROUP
LOAD /usr/lib/gcc/arm-none-eabi/10.3.1/thumb/v6-m/nofp/libgcc.a
LOAD /usr/lib/gcc/arm-none-eabi/10.3.1/../../../arm-none-eabi/lib/thumb/v6-m/nofp/libc.a
LOAD /usr/lib/gcc/arm-none-eabi/10.3.1/../../../arm-none-eabi/lib/thumb/v6-m/nofp/libnosys.a
END GROUP
LOAD /usr/lib/gcc/arm-none-eabi/10.3.1/thumb/v6-m/nofp/crtend.o
LOAD /usr/lib/gcc/arm-none-eabi/10.3.1/thumb/v6-m/nofp/crtn.o
OUTPUT(ssd1306_test.elf elf32-littlearm)
LOAD linker stubs

.ARM.attributes
                0x0000000000000000       0x28
 .ARM.attributes
                0x0000000000000000       0x1e /usr/lib/gcc/arm-none-eabi/10.3.1/thumb/v6-m/nofp/crti.o
 .ARM.attributes
                0x000000000000001e       0x2c /usr/lib/gcc/arm-none-eabi/10.3.1/thumb/v6-m/nofp/crtbegin.o
 .ARM.attributes
                0x000000000000004a       0x2c CMakeFiles/ssd1306_test.dir/ssd1306_test.c.obj
 .ARM.attributes
                0x0000000000000076       0x2c CMakeFiles/ssd1306_test.dir/ssd1306.c.obj
 .ARM.attributes
                0x00000000000000a2       0x2c CMakeFiles/ssd1306_test.dir/mnt/d/Electronics/pico/pico-sdk/src/rp2_common/hardware_gpio/gpio.c.obj
 .ARM.attributes
                0x00000000000000ce       0x2c CMakeFiles/ssd1306_test.dir/mnt/d/Electronics/pico/pico-sdk/src/rp2_common/hardware_claim/claim.c.obj
 .ARM.attributes
                0x00000000000000fa       0x2c CMakeFiles/ssd1306_test.dir/mnt/d/Electronics/pico/pico-sdk/src/rp2_common/pico_platform/platform.c.obj
 .ARM.attributes
                0x0000000000000126       0x2c CMakeFiles/ssd1306_test.dir/mnt/d/Electronics/pico/pico-sdk/src/rp2_common/hardware_sync/sync.c.obj
 .ARM.attributes
                0x0000000000000152       0x2c CMakeFiles/ssd1306_test.dir/mnt/d/Electronics/pico/pico-sdk/src/rp2_common/hardware_irq/irq.c.obj
 .ARM.attributes
                0x000000000000017e       0x22 CMakeFiles/ssd1306_test.dir/mnt/d/Electronics/pico/pico-sdk/src/rp2_common/hardware_irq/irq_handler_chain.S.obj
 .ARM.attributes
                0x00000000000001a0       0x2c CMakeFiles/ssd1306_test.dir/mnt/d/Electronics/pico/pico-sdk/src/common/pico_sync/lock_core.c.obj
 .ARM.attributes
                0x00000000000001cc       0x2c CMakeFiles/ssd1306_test.dir/mnt/d/Electronics/pico/pico-sdk/src/common/pico_time/time.c.obj
 .ARM.attributes
                0x00000000000001f8       0x2c CMakeFiles/ssd1306_test.dir/mnt/d/Electronics/pico/pico-sdk/src/rp2_common/hardware_timer/timer.c.obj
 .ARM.attributes
                0x0000000000000224       0x2c CMakeFiles/ssd1306_test.dir/mnt/d/Electronics/pico/pico-sdk/src/common/pico_util/pheap.c.obj
 .ARM.attributes
                0x0000000000000250       0x2c CMakeFiles/ssd1306_test.dir/mnt/d/Electronics/pico/pico-sdk/src/common/pico_sync/mutex.c.obj
 .ARM.attributes
                0x000000000000027c       0x2c CMakeFiles/ssd1306_test.dir/mnt/d/Electronics/pico/pico-sdk/src/rp2_common/pico_runtime/runtime.c.obj
 .ARM.attributes
                0x00000000000002a8       0x2c CMakeFiles/ssd1306_test.dir/mnt/d/Electronics/pico/pico-sdk/src/rp2_common/hardware_clocks/clocks.c.obj
 .ARM.attributes
                0x00000000000002d4       0x2c CMakeFiles/ssd1306_test.dir/mnt/d/Electronics/pico/pico-sdk/src/rp2_common/hardware_pll/pll.c.obj
 .ARM.attributes
                0x0000000000000300       0x2c CMakeFiles/ssd1306_test.dir/mnt/d/Electronics/pico/pico-sdk/src/rp2_common/hardware_watchdog/watchdog.c.obj
 .ARM.attributes
                0x000000000000032c       0x2c CMakeFiles/ssd1306_test.dir/mnt/d/Electronics/pico/pico-sdk/src/rp2_common/hardware_xosc/xosc.c.obj
 .ARM.attributes
                0x0000000000000358       0x2c CMakeFiles/ssd1306_test.dir/mnt/d/Electronics/pico/pico-sdk/src/rp2_common/pico_printf/printf.c.obj
 .ARM.attributes
                0x0000000000000384       0x22 CMakeFiles/ssd1306_test.dir/mnt/d/Electronics/pico/pico-sdk/src/rp2_common/pico_bit_ops/bit_ops_aeabi.S.obj
 .ARM.attributes
                0x00000000000003a6       0x2c CMakeFiles/ssd1306_test.dir/mnt/d/Electronics/pico/pico-sdk/src/rp2_common/pico_bootrom/bootrom.c.obj
 .ARM.attributes
                0x00000000000003d2       0x22 CMakeFiles/ssd1306_test.dir/mnt/d/Electronics/pico/pico-sdk/src/rp2_common/pico_divider/divider.S.obj
 .ARM.attributes
                0x00000000000003f4       0x22 CMakeFiles/ssd1306_test.dir/mnt/d/Electronics/pico/pico-sdk/src/rp2_common/pico_double/double_aeabi.S.obj
 .ARM.attributes
                0x0000000000000416       0x2c CMakeFiles/ssd1306_test.dir/mnt/d/Electronics/pico/pico-sdk/src/rp2_common/pico_double/double_init_rom.c.obj
 .ARM.attributes
                0x0000000000000442       0x22 CMakeFiles/ssd1306_test.dir/mnt/d/Electronics/pico/pico-sdk/src/rp2_common/pico_double/double_v1_rom_shim.S.obj
 .ARM.attributes
                0x0000000000000464       0x22 CMakeFiles/ssd1306_test.dir/mnt/d/Electronics/pico/pico-sdk/src/rp2_common/pico_int64_ops/pico_int64_ops_aeabi.S.obj
 .ARM.attributes
                0x0000000000000486       0x22 CMakeFiles/ssd1306_test.dir/mnt/d/Electronics/pico/pico-sdk/src/rp2_common/pico_float/float_aeabi.S.obj
 .ARM.attributes
                0x00000000000004a8       0x2c CMakeFiles/ssd1306_test.dir/mnt/d/Electronics/pico/pico-sdk/src/rp2_common/pico_float/float_init_rom.c.obj
 .ARM.attributes
                0x00000000000004d4       0x22 CMakeFiles/ssd1306_test.dir/mnt/d/Electronics/pico/pico-sdk/src/rp2_common/pico_float/float_v1_rom_shim.S.obj
 .ARM.attributes
                0x00000000000004f6       0x2c CMakeFiles/ssd1306_test.dir/mnt/d/Electronics/pico/pico-sdk/src/rp2_common/pico_malloc/pico_malloc.c.obj
 .ARM.attributes
                0x0000000000000522       0x22 CMakeFiles/ssd1306_test.dir/mnt/d/Electronics/pico/pico-sdk/src/rp2_common/pico_mem_ops/mem_ops_aeabi.S.obj
 .ARM.attributes
                0x0000000000000544       0x22 CMakeFiles/ssd1306_test.dir/mnt/d/Electronics/pico/pico-sdk/src/rp2_common/pico_standard_link/crt0.S.obj
 .ARM.attributes
                0x0000000000000566       0x32 CMakeFiles/ssd1306_test.dir/mnt/d/Electronics/pico/pico-sdk/src/rp2_common/pico_standard_link/binary_info.c.obj
 .ARM.attributes
                0x0000000000000598       0x2c CMakeFiles/ssd1306_test.dir/mnt/d/Electronics/pico/pico-sdk/src/rp2_common/pico_stdio/stdio.c.obj
 .ARM.attributes
                0x00000000000005c4       0x2c CMakeFiles/ssd1306_test.dir/mnt/d/Electronics/pico/pico-sdk/src/rp2_common/pico_unique_id/unique_id.c.obj
 .ARM.attributes
                0x00000000000005f0       0x2c CMakeFiles/ssd1306_test.dir/mnt/d/Electronics/pico/pico-sdk/src/rp2_common/hardware_flash/flash.c.obj
 .ARM.attributes
                0x000000000000061c       0x2c CMakeFiles/ssd1306_test.dir/mnt/d/Electronics/pico/pico-sdk/src/rp2_common/hardware_i2c/i2c.c.obj
 .ARM.attributes
                0x0000000000000648       0x22 /tmp/cctWMHzj.o
 .ARM.attributes
                0x000000000000066a       0x1e /usr/lib/gcc/arm-none-eabi/10.3.1/thumb/v6-m/nofp/libgcc.a(_dvmd_tls.o)
 .ARM.attributes
                0x0000000000000688       0x2c /usr/lib/gcc/arm-none-eabi/10.3.1/../../../arm-none-eabi/lib/thumb/v6-m/nofp/libc.a(lib_a-impure.o)
 .ARM.attributes
                0x00000000000006b4       0x2c /usr/lib/gcc/arm-none-eabi/10.3.1/../../../arm-none-eabi/lib/thumb/v6-m/nofp/libc.a(lib_a-malloc.o)
 .ARM.attributes
                0x00000000000006e0       0x2c /usr/lib/gcc/arm-none-eabi/10.3.1/../../../arm-none-eabi/lib/thumb/v6-m/nofp/libc.a(lib_a-mallocr.o)
 .ARM.attributes
                0x000000000000070c       0x2c /usr/lib/gcc/arm-none-eabi/10.3.1/../../../arm-none-eabi/lib/thumb/v6-m/nofp/libc.a(lib_a-mlock.o)
 .ARM.attributes
                0x0000000000000738       0x2c /usr/lib/gcc/arm-none-eabi/10.3.1/../../../arm-none-eabi/lib/thumb/v6-m/nofp/libc.a(lib_a-rand.o)
 .ARM.attributes
                0x0000000000000764       0x2c /usr/lib/gcc/arm-none-eabi/10.3.1/../../../arm-none-eabi/lib/thumb/v6-m/nofp/libc.a(lib_a-sbrkr.o)
 .ARM.attributes
                0x0000000000000790       0x2c /usr/lib/gcc/arm-none-eabi/10.3.1/../../../arm-none-eabi/lib/thumb/v6-m/nofp/libc.a(lib_a-strlen-stub.o)
 .ARM.attributes
                0x00000000000007bc       0x2c /usr/lib/gcc/arm-none-eabi/10.3.1/../../../arm-none-eabi/lib/thumb/v6-m/nofp/libc.a(lib_a-time.o)
 .ARM.attributes
                0x00000000000007e8       0x2c /usr/lib/gcc/arm-none-eabi/10.3.1/../../../arm-none-eabi/lib/thumb/v6-m/nofp/libc.a(lib_a-freer.o)
 .ARM.attributes
                0x0000000000000814       0x2c /usr/lib/gcc/arm-none-eabi/10.3.1/../../../arm-none-eabi/lib/thumb/v6-m/nofp/libc.a(lib_a-gettimeofdayr.o)
 .ARM.attributes
                0x0000000000000840       0x2c /usr/lib/gcc/arm-none-eabi/10.3.1/../../../arm-none-eabi/lib/thumb/v6-m/nofp/libc.a(lib_a-reent.o)
 .ARM.attributes
                0x000000000000086c       0x2c /usr/lib/gcc/arm-none-eabi/10.3.1/../../../arm-none-eabi/lib/thumb/v6-m/nofp/libnosys.a(gettod.o)
 .ARM.attributes
                0x0000000000000898       0x2c /usr/lib/gcc/arm-none-eabi/10.3.1/thumb/v6-m/nofp/crtend.o

.comment        0x0000000000000000       0x33
 .comment       0x0000000000000000       0x33 /usr/lib/gcc/arm-none-eabi/10.3.1/thumb/v6-m/nofp/crtbegin.o
                                         0x34 (size before relaxing)
 .comment       0x0000000000000033       0x34 CMakeFiles/ssd1306_test.dir/ssd1306_test.c.obj
 .comment       0x0000000000000033       0x34 CMakeFiles/ssd1306_test.dir/ssd1306.c.obj
 .comment       0x0000000000000033       0x34 CMakeFiles/ssd1306_test.dir/mnt/d/Electronics/pico/pico-sdk/src/rp2_common/hardware_gpio/gpio.c.obj
 .comment       0x0000000000000033       0x34 CMakeFiles/ssd1306_test.dir/mnt/d/Electronics/pico/pico-sdk/src/rp2_common/hardware_claim/claim.c.obj
 .comment       0x0000000000000033       0x34 CMakeFiles/ssd1306_test.dir/mnt/d/Electronics/pico/pico-sdk/src/rp2_common/pico_platform/platform.c.obj
 .comment       0x0000000000000033       0x34 CMakeFiles/ssd1306_test.dir/mnt/d/Electronics/pico/pico-sdk/src/rp2_common/hardware_sync/sync.c.obj
 .comment       0x0000000000000033       0x34 CMakeFiles/ssd1306_test.dir/mnt/d/Electronics/pico/pico-sdk/src/rp2_common/hardware_irq/irq.c.obj
 .comment       0x0000000000000033       0x34 CMakeFiles/ssd1306_test.dir/mnt/d/Electronics/pico/pico-sdk/src/common/pico_sync/lock_core.c.obj
 .comment       0x0000000000000033       0x34 CMakeFiles/ssd1306_test.dir/mnt/d/Electronics/pico/pico-sdk/src/common/pico_time/time.c.obj
 .comment       0x0000000000000033       0x34 CMakeFiles/ssd1306_test.dir/mnt/d/Electronics/pico/pico-sdk/src/rp2_common/hardware_timer/timer.c.obj
 .comment       0x0000000000000033       0x34 CMakeFiles/ssd1306_test.dir/mnt/d/Electronics/pico/pico-sdk/src/common/pico_util/pheap.c.obj
 .comment       0x0000000000000033       0x34 CMakeFiles/ssd1306_test.dir/mnt/d/Electronics/pico/pico-sdk/src/common/pico_sync/mutex.c.obj
 .comment       0x0000000000000033       0x34 CMakeFiles/ssd1306_test.dir/mnt/d/Electronics/pico/pico-sdk/src/rp2_common/pico_runtime/runtime.c.obj
 .comment       0x0000000000000033       0x34 CMakeFiles/ssd1306_test.dir/mnt/d/Electronics/pico/pico-sdk/src/rp2_common/hardware_clocks/clocks.c.obj
 .comment       0x0000000000000033       0x34 CMakeFiles/ssd1306_test.dir/mnt/d/Electronics/pico/pico-sdk/src/rp2_common/hardware_pll/pll.c.obj
 .comment       0x0000000000000033       0x34 CMakeFiles/ssd1306_test.dir/mnt/d/Electronics/pico/pico-sdk/src/rp2_common/hardware_watchdog/watchdog.c.obj
 .comment       0x0000000000000033       0x34 CMakeFiles/ssd1306_test.dir/mnt/d/Electronics/pico/pico-sdk/src/rp2_common/hardware_xosc/xosc.c.obj
 .comment       0x0000000000000033       0x34 CMakeFiles/ssd1306_test.dir/mnt/d/Electronics/pico/pico-sdk/src/rp2_common/pico_printf/printf.c.obj
 .comment       0x0000000000000033       0x34 CMakeFiles/ssd1306_test.dir/mnt/d/Electronics/pico/pico-sdk/src/rp2_common/pico_bootrom/bootrom.c.obj
 .comment       0x0000000000000033       0x34 CMakeFiles/ssd1306_test.dir/mnt/d/Electronics/pico/pico-sdk/src/rp2_common/pico_double/double_init_rom.c.obj
 .comment       0x0000000000000033       0x34 CMakeFiles/ssd1306_test.dir/mnt/d/Electronics/pico/pico-sdk/src/rp2_common/pico_float/float_init_rom.c.obj
 .comment       0x0000000000000033       0x34 CMakeFiles/ssd1306_test.dir/mnt/d/Electronics/pico/pico-sdk/src/rp2_common/pico_malloc/pico_malloc.c.obj
 .comment       0x0000000000000033       0x34 CMakeFiles/ssd1306_test.dir/mnt/d/Electronics/pico/pico-sdk/src/rp2_common/pico_standard_link/binary_info.c.obj
 .comment       0x0000000000000033       0x34 CMakeFiles/ssd1306_test.dir/mnt/d/Electronics/pico/pico-sdk/src/rp2_common/pico_stdio/stdio.c.obj
 .comment       0x0000000000000033       0x34 CMakeFiles/ssd1306_test.dir/mnt/d/Electronics/pico/pico-sdk/src/rp2_common/pico_unique_id/unique_id.c.obj
 .comment       0x0000000000000033       0x34 CMakeFiles/ssd1306_test.dir/mnt/d/Electronics/pico/pico-sdk/src/rp2_common/hardware_flash/flash.c.obj
 .comment       0x0000000000000033       0x34 CMakeFiles/ssd1306_test.dir/mnt/d/Electronics/pico/pico-sdk/src/rp2_common/hardware_i2c/i2c.c.obj
 .comment       0x0000000000000033       0x34 /usr/lib/gcc/arm-none-eabi/10.3.1/../../../arm-none-eabi/lib/thumb/v6-m/nofp/libc.a(lib_a-impure.o)
 .comment       0x0000000000000033       0x34 /usr/lib/gcc/arm-none-eabi/10.3.1/../../../arm-none-eabi/lib/thumb/v6-m/nofp/libc.a(lib_a-malloc.o)
 .comment       0x0000000000000033       0x34 /usr/lib/gcc/arm-none-eabi/10.3.1/../../../arm-none-eabi/lib/thumb/v6-m/nofp/libc.a(lib_a-mallocr.o)
 .comment       0x0000000000000033       0x34 /usr/lib/gcc/arm-none-eabi/10.3.1/../../../arm-none-eabi/lib/thumb/v6-m/nofp/libc.a(lib_a-mlock.o)
 .comment       0x0000000000000033       0x34 /usr/lib/gcc/arm-none-eabi/10.3.1/../../../arm-none-eabi/lib/thumb/v6-m/nofp/libc.a(lib_a-rand.o)
 .comment       0x0000000000000033       0x34 /usr/lib/gcc/arm-none-eabi/10.3.1/../../../arm-none-eabi/lib/thumb/v6-m/nofp/libc.a(lib_a-sbrkr.o)
 .comment       0x0000000000000033       0x34 /usr/lib/gcc/arm-none-eabi/10.3.1/../../../arm-none-eabi/lib/thumb/v6-m/nofp/libc.a(lib_a-strlen-stub.o)
 .comment       0x0000000000000033       0x34 /usr/lib/gcc/arm-none-eabi/10.3.1/../../../arm-none-eabi/lib/thumb/v6-m/nofp/libc.a(lib_a-time.o)
 .comment       0x0000000000000033       0x34 /usr/lib/gcc/arm-none-eabi/10.3.1/../../../arm-none-eabi/lib/thumb/v6-m/nofp/libc.a(lib_a-freer.o)
 .comment       0x0000000000000033       0x34 /usr/lib/gcc/arm-none-eabi/10.3.1/../../../arm-none-eabi/lib/thumb/v6-m/nofp/libc.a(lib_a-gettimeofdayr.o)
 .comment       0x0000000000000033       0x34 /usr/lib/gcc/arm-none-eabi/10.3.1/../../../arm-none-eabi/lib/thumb/v6-m/nofp/libc.a(lib_a-reent.o)
 .comment       0x0000000000000033       0x34 /usr/lib/gcc/arm-none-eabi/10.3.1/../../../arm-none-eabi/lib/thumb/v6-m/nofp/libnosys.a(gettod.o)
 .comment       0x0000000000000033       0x34 /usr/lib/gcc/arm-none-eabi/10.3.1/thumb/v6-m/nofp/crtend.o

.debug_line     0x0000000000000000     0x1d1b
 .debug_line    0x0000000000000000       0x60 /usr/lib/gcc/arm-none-eabi/10.3.1/thumb/v6-m/nofp/libgcc.a(_dvmd_tls.o)
 .debug_line    0x0000000000000060       0xe4 /usr/lib/gcc/arm-none-eabi/10.3.1/../../../arm-none-eabi/lib/thumb/v6-m/nofp/libc.a(lib_a-impure.o)
 .debug_line    0x0000000000000144      0x165 /usr/lib/gcc/arm-none-eabi/10.3.1/../../../arm-none-eabi/lib/thumb/v6-m/nofp/libc.a(lib_a-malloc.o)
 .debug_line    0x00000000000002a9      0x8e2 /usr/lib/gcc/arm-none-eabi/10.3.1/../../../arm-none-eabi/lib/thumb/v6-m/nofp/libc.a(lib_a-mallocr.o)
 .debug_line    0x0000000000000b8b      0x13e /usr/lib/gcc/arm-none-eabi/10.3.1/../../../arm-none-eabi/lib/thumb/v6-m/nofp/libc.a(lib_a-mlock.o)
 .debug_line    0x0000000000000cc9      0x184 /usr/lib/gcc/arm-none-eabi/10.3.1/../../../arm-none-eabi/lib/thumb/v6-m/nofp/libc.a(lib_a-rand.o)
 .debug_line    0x0000000000000e4d      0x183 /usr/lib/gcc/arm-none-eabi/10.3.1/../../../arm-none-eabi/lib/thumb/v6-m/nofp/libc.a(lib_a-sbrkr.o)
 .debug_line    0x0000000000000fd0      0x172 /usr/lib/gcc/arm-none-eabi/10.3.1/../../../arm-none-eabi/lib/thumb/v6-m/nofp/libc.a(lib_a-strlen-stub.o)
 .debug_line    0x0000000000001142      0x1d0 /usr/lib/gcc/arm-none-eabi/10.3.1/../../../arm-none-eabi/lib/thumb/v6-m/nofp/libc.a(lib_a-time.o)
 .debug_line    0x0000000000001312      0x47d /usr/lib/gcc/arm-none-eabi/10.3.1/../../../arm-none-eabi/lib/thumb/v6-m/nofp/libc.a(lib_a-freer.o)
 .debug_line    0x000000000000178f      0x1e9 /usr/lib/gcc/arm-none-eabi/10.3.1/../../../arm-none-eabi/lib/thumb/v6-m/nofp/libc.a(lib_a-gettimeofdayr.o)
 .debug_line    0x0000000000001978      0x27e /usr/lib/gcc/arm-none-eabi/10.3.1/../../../arm-none-eabi/lib/thumb/v6-m/nofp/libc.a(lib_a-reent.o)
 .debug_line    0x0000000000001bf6      0x125 /usr/lib/gcc/arm-none-eabi/10.3.1/../../../arm-none-eabi/lib/thumb/v6-m/nofp/libnosys.a(gettod.o)

.debug_info     0x0000000000000000     0x6c19
 .debug_info    0x0000000000000000       0x26 /usr/lib/gcc/arm-none-eabi/10.3.1/thumb/v6-m/nofp/libgcc.a(_dvmd_tls.o)
 .debug_info    0x0000000000000026      0x92a /usr/lib/gcc/arm-none-eabi/10.3.1/../../../arm-none-eabi/lib/thumb/v6-m/nofp/libc.a(lib_a-impure.o)
 .debug_info    0x0000000000000950      0x998 /usr/lib/gcc/arm-none-eabi/10.3.1/../../../arm-none-eabi/lib/thumb/v6-m/nofp/libc.a(lib_a-malloc.o)
 .debug_info    0x00000000000012e8      0xe80 /usr/lib/gcc/arm-none-eabi/10.3.1/../../../arm-none-eabi/lib/thumb/v6-m/nofp/libc.a(lib_a-mallocr.o)
 .debug_info    0x0000000000002168      0x942 /usr/lib/gcc/arm-none-eabi/10.3.1/../../../arm-none-eabi/lib/thumb/v6-m/nofp/libc.a(lib_a-mlock.o)
 .debug_info    0x0000000000002aaa      0x972 /usr/lib/gcc/arm-none-eabi/10.3.1/../../../arm-none-eabi/lib/thumb/v6-m/nofp/libc.a(lib_a-rand.o)
 .debug_info    0x000000000000341c      0x98e /usr/lib/gcc/arm-none-eabi/10.3.1/../../../arm-none-eabi/lib/thumb/v6-m/nofp/libc.a(lib_a-sbrkr.o)
 .debug_info    0x0000000000003daa       0xee /usr/lib/gcc/arm-none-eabi/10.3.1/../../../arm-none-eabi/lib/thumb/v6-m/nofp/libc.a(lib_a-strlen-stub.o)
 .debug_info    0x0000000000003e98      0x9b3 /usr/lib/gcc/arm-none-eabi/10.3.1/../../../arm-none-eabi/lib/thumb/v6-m/nofp/libc.a(lib_a-time.o)
 .debug_info    0x000000000000484b      0xce5 /usr/lib/gcc/arm-none-eabi/10.3.1/../../../arm-none-eabi/lib/thumb/v6-m/nofp/libc.a(lib_a-freer.o)
 .debug_info    0x0000000000005530      0x9e5 /usr/lib/gcc/arm-none-eabi/10.3.1/../../../arm-none-eabi/lib/thumb/v6-m/nofp/libc.a(lib_a-gettimeofdayr.o)
 .debug_info    0x0000000000005f15      0xbe1 /usr/lib/gcc/arm-none-eabi/10.3.1/../../../arm-none-eabi/lib/thumb/v6-m/nofp/libc.a(lib_a-reent.o)
 .debug_info    0x0000000000006af6      0x123 /usr/lib/gcc/arm-none-eabi/10.3.1/../../../arm-none-eabi/lib/thumb/v6-m/nofp/libnosys.a(gettod.o)

.debug_abbrev   0x0000000000000000     0x1818
 .debug_abbrev  0x0000000000000000       0x14 /usr/lib/gcc/arm-none-eabi/10.3.1/thumb/v6-m/nofp/libgcc.a(_dvmd_tls.o)
 .debug_abbrev  0x0000000000000014      0x1b8 /usr/lib/gcc/arm-none-eabi/10.3.1/../../../arm-none-eabi/lib/thumb/v6-m/nofp/libc.a(lib_a-impure.o)
 .debug_abbrev  0x00000000000001cc      0x21a /usr/lib/gcc/arm-none-eabi/10.3.1/../../../arm-none-eabi/lib/thumb/v6-m/nofp/libc.a(lib_a-malloc.o)
 .debug_abbrev  0x00000000000003e6      0x2f6 /usr/lib/gcc/arm-none-eabi/10.3.1/../../../arm-none-eabi/lib/thumb/v6-m/nofp/libc.a(lib_a-mallocr.o)
 .debug_abbrev  0x00000000000006dc      0x1f0 /usr/lib/gcc/arm-none-eabi/10.3.1/../../../arm-none-eabi/lib/thumb/v6-m/nofp/libc.a(lib_a-mlock.o)
 .debug_abbrev  0x00000000000008cc      0x219 /usr/lib/gcc/arm-none-eabi/10.3.1/../../../arm-none-eabi/lib/thumb/v6-m/nofp/libc.a(lib_a-rand.o)
 .debug_abbrev  0x0000000000000ae5      0x23d /usr/lib/gcc/arm-none-eabi/10.3.1/../../../arm-none-eabi/lib/thumb/v6-m/nofp/libc.a(lib_a-sbrkr.o)
 .debug_abbrev  0x0000000000000d22       0x8f /usr/lib/gcc/arm-none-eabi/10.3.1/../../../arm-none-eabi/lib/thumb/v6-m/nofp/libc.a(lib_a-strlen-stub.o)
 .debug_abbrev  0x0000000000000db1      0x20f /usr/lib/gcc/arm-none-eabi/10.3.1/../../../arm-none-eabi/lib/thumb/v6-m/nofp/libc.a(lib_a-time.o)
 .debug_abbrev  0x0000000000000fc0      0x2a1 /usr/lib/gcc/arm-none-eabi/10.3.1/../../../arm-none-eabi/lib/thumb/v6-m/nofp/libc.a(lib_a-freer.o)
 .debug_abbrev  0x0000000000001261      0x226 /usr/lib/gcc/arm-none-eabi/10.3.1/../../../arm-none-eabi/lib/thumb/v6-m/nofp/libc.a(lib_a-gettimeofdayr.o)
 .debug_abbrev  0x0000000000001487      0x2d0 /usr/lib/gcc/arm-none-eabi/10.3.1/../../../arm-none-eabi/lib/thumb/v6-m/nofp/libc.a(lib_a-reent.o)
 .debug_abbrev  0x0000000000001757       0xc1 /usr/lib/gcc/arm-none-eabi/10.3.1/../../../arm-none-eabi/lib/thumb/v6-m/nofp/libnosys.a(gettod.o)

.debug_aranges  0x0000000000000000      0x198
 .debug_aranges
                0x0000000000000000       0x20 /usr/lib/gcc/arm-none-eabi/10.3.1/thumb/v6-m/nofp/libgcc.a(_dvmd_tls.o)
 .debug_aranges
                0x0000000000000020       0x18 /usr/lib/gcc/arm-none-eabi/10.3.1/../../../arm-none-eabi/lib/thumb/v6-m/nofp/libc.a(lib_a-impure.o)
 .debug_aranges
                0x0000000000000038       0x20 /usr/lib/gcc/arm-none-eabi/10.3.1/../../../arm-none-eabi/lib/thumb/v6-m/nofp/libc.a(lib_a-malloc.o)
 .debug_aranges
                0x0000000000000058       0x20 /usr/lib/gcc/arm-none-eabi/10.3.1/../../../arm-none-eabi/lib/thumb/v6-m/nofp/libc.a(lib_a-mallocr.o)
 .debug_aranges
                0x0000000000000078       0x20 /usr/lib/gcc/arm-none-eabi/10.3.1/../../../arm-none-eabi/lib/thumb/v6-m/nofp/libc.a(lib_a-mlock.o)
 .debug_aranges
                0x0000000000000098       0x20 /usr/lib/gcc/arm-none-eabi/10.3.1/../../../arm-none-eabi/lib/thumb/v6-m/nofp/libc.a(lib_a-rand.o)
 .debug_aranges
                0x00000000000000b8       0x20 /usr/lib/gcc/arm-none-eabi/10.3.1/../../../arm-none-eabi/lib/thumb/v6-m/nofp/libc.a(lib_a-sbrkr.o)
 .debug_aranges
                0x00000000000000d8       0x20 /usr/lib/gcc/arm-none-eabi/10.3.1/../../../arm-none-eabi/lib/thumb/v6-m/nofp/libc.a(lib_a-strlen-stub.o)
 .debug_aranges
                0x00000000000000f8       0x20 /usr/lib/gcc/arm-none-eabi/10.3.1/../../../arm-none-eabi/lib/thumb/v6-m/nofp/libc.a(lib_a-time.o)
 .debug_aranges
                0x0000000000000118       0x20 /usr/lib/gcc/arm-none-eabi/10.3.1/../../../arm-none-eabi/lib/thumb/v6-m/nofp/libc.a(lib_a-freer.o)
 .debug_aranges
                0x0000000000000138       0x20 /usr/lib/gcc/arm-none-eabi/10.3.1/../../../arm-none-eabi/lib/thumb/v6-m/nofp/libc.a(lib_a-gettimeofdayr.o)
 .debug_aranges
                0x0000000000000158       0x20 /usr/lib/gcc/arm-none-eabi/10.3.1/../../../arm-none-eabi/lib/thumb/v6-m/nofp/libc.a(lib_a-reent.o)
 .debug_aranges
                0x0000000000000178       0x20 /usr/lib/gcc/arm-none-eabi/10.3.1/../../../arm-none-eabi/lib/thumb/v6-m/nofp/libnosys.a(gettod.o)

.debug_str      0x0000000000000000      0xcac
 .debug_str     0x0000000000000000       0xa6 /usr/lib/gcc/arm-none-eabi/10.3.1/thumb/v6-m/nofp/libgcc.a(_dvmd_tls.o)
 .debug_str     0x00000000000000a6      0x504 /usr/lib/gcc/arm-none-eabi/10.3.1/../../../arm-none-eabi/lib/thumb/v6-m/nofp/libc.a(lib_a-impure.o)
                                        0x57b (size before relaxing)
 .debug_str     0x00000000000005aa       0xb7 /usr/lib/gcc/arm-none-eabi/10.3.1/../../../arm-none-eabi/lib/thumb/v6-m/nofp/libc.a(lib_a-malloc.o)
                                        0x58f (size before relaxing)
 .debug_str     0x0000000000000661      0x21d /usr/lib/gcc/arm-none-eabi/10.3.1/../../../arm-none-eabi/lib/thumb/v6-m/nofp/libc.a(lib_a-mallocr.o)
                                        0x780 (size before relaxing)
 .debug_str     0x000000000000087e       0x4c /usr/lib/gcc/arm-none-eabi/10.3.1/../../../arm-none-eabi/lib/thumb/v6-m/nofp/libc.a(lib_a-mlock.o)
                                        0x588 (size before relaxing)
 .debug_str     0x00000000000008ca       0x45 /usr/lib/gcc/arm-none-eabi/10.3.1/../../../arm-none-eabi/lib/thumb/v6-m/nofp/libc.a(lib_a-rand.o)
                                        0x57f (size before relaxing)
 .debug_str     0x000000000000090f       0x47 /usr/lib/gcc/arm-none-eabi/10.3.1/../../../arm-none-eabi/lib/thumb/v6-m/nofp/libc.a(lib_a-sbrkr.o)
                                        0x572 (size before relaxing)
 .debug_str     0x0000000000000956       0xb9 /usr/lib/gcc/arm-none-eabi/10.3.1/../../../arm-none-eabi/lib/thumb/v6-m/nofp/libc.a(lib_a-strlen-stub.o)
                                        0x1c5 (size before relaxing)
 .debug_str     0x0000000000000a0f       0xcb /usr/lib/gcc/arm-none-eabi/10.3.1/../../../arm-none-eabi/lib/thumb/v6-m/nofp/libc.a(lib_a-time.o)
                                        0x5b5 (size before relaxing)
 .debug_str     0x0000000000000ada       0x34 /usr/lib/gcc/arm-none-eabi/10.3.1/../../../arm-none-eabi/lib/thumb/v6-m/nofp/libc.a(lib_a-freer.o)
                                        0x6ca (size before relaxing)
 .debug_str     0x0000000000000b0e       0x5b /usr/lib/gcc/arm-none-eabi/10.3.1/../../../arm-none-eabi/lib/thumb/v6-m/nofp/libc.a(lib_a-gettimeofdayr.o)
                                        0x5d6 (size before relaxing)
 .debug_str     0x0000000000000b69       0x5e /usr/lib/gcc/arm-none-eabi/10.3.1/../../../arm-none-eabi/lib/thumb/v6-m/nofp/libc.a(lib_a-reent.o)
                                        0x59a (size before relaxing)
 .debug_str     0x0000000000000bc7       0xe5 /usr/lib/gcc/arm-none-eabi/10.3.1/../../../arm-none-eabi/lib/thumb/v6-m/nofp/libnosys.a(gettod.o)
                                        0x1e9 (size before relaxing)

.debug_loc      0x0000000000000000     0x1885
 .debug_loc     0x0000000000000000       0x64 /usr/lib/gcc/arm-none-eabi/10.3.1/../../../arm-none-eabi/lib/thumb/v6-m/nofp/libc.a(lib_a-malloc.o)
 .debug_loc     0x0000000000000064      0xef0 /usr/lib/gcc/arm-none-eabi/10.3.1/../../../arm-none-eabi/lib/thumb/v6-m/nofp/libc.a(lib_a-mallocr.o)
 .debug_loc     0x0000000000000f54       0x56 /usr/lib/gcc/arm-none-eabi/10.3.1/../../../arm-none-eabi/lib/thumb/v6-m/nofp/libc.a(lib_a-rand.o)
 .debug_loc     0x0000000000000faa       0x79 /usr/lib/gcc/arm-none-eabi/10.3.1/../../../arm-none-eabi/lib/thumb/v6-m/nofp/libc.a(lib_a-sbrkr.o)
 .debug_loc     0x0000000000001023       0x90 /usr/lib/gcc/arm-none-eabi/10.3.1/../../../arm-none-eabi/lib/thumb/v6-m/nofp/libc.a(lib_a-strlen-stub.o)
 .debug_loc     0x00000000000010b3       0x3f /usr/lib/gcc/arm-none-eabi/10.3.1/../../../arm-none-eabi/lib/thumb/v6-m/nofp/libc.a(lib_a-time.o)
 .debug_loc     0x00000000000010f2      0x4e3 /usr/lib/gcc/arm-none-eabi/10.3.1/../../../arm-none-eabi/lib/thumb/v6-m/nofp/libc.a(lib_a-freer.o)
 .debug_loc     0x00000000000015d5       0xab /usr/lib/gcc/arm-none-eabi/10.3.1/../../../arm-none-eabi/lib/thumb/v6-m/nofp/libc.a(lib_a-gettimeofdayr.o)
 .debug_loc     0x0000000000001680      0x1e0 /usr/lib/gcc/arm-none-eabi/10.3.1/../../../arm-none-eabi/lib/thumb/v6-m/nofp/libc.a(lib_a-reent.o)
 .debug_loc     0x0000000000001860       0x25 /usr/lib/gcc/arm-none-eabi/10.3.1/../../../arm-none-eabi/lib/thumb/v6-m/nofp/libnosys.a(gettod.o)

.debug_frame    0x0000000000000000      0x254
 .debug_frame   0x0000000000000000       0x40 /usr/lib/gcc/arm-none-eabi/10.3.1/../../../arm-none-eabi/lib/thumb/v6-m/nofp/libc.a(lib_a-malloc.o)
 .debug_frame   0x0000000000000040       0x3c /usr/lib/gcc/arm-none-eabi/10.3.1/../../../arm-none-eabi/lib/thumb/v6-m/nofp/libc.a(lib_a-mallocr.o)
 .debug_frame   0x000000000000007c       0x30 /usr/lib/gcc/arm-none-eabi/10.3.1/../../../arm-none-eabi/lib/thumb/v6-m/nofp/libc.a(lib_a-mlock.o)
 .debug_frame   0x00000000000000ac       0x38 /usr/lib/gcc/arm-none-eabi/10.3.1/../../../arm-none-eabi/lib/thumb/v6-m/nofp/libc.a(lib_a-rand.o)
 .debug_frame   0x00000000000000e4       0x2c /usr/lib/gcc/arm-none-eabi/10.3.1/../../../arm-none-eabi/lib/thumb/v6-m/nofp/libc.a(lib_a-sbrkr.o)
 .debug_frame   0x0000000000000110       0x28 /usr/lib/gcc/arm-none-eabi/10.3.1/../../../arm-none-eabi/lib/thumb/v6-m/nofp/libc.a(lib_a-strlen-stub.o)
 .debug_frame   0x0000000000000138       0x2c /usr/lib/gcc/arm-none-eabi/10.3.1/../../../arm-none-eabi/lib/thumb/v6-m/nofp/libc.a(lib_a-time.o)
 .debug_frame   0x0000000000000164       0x54 /usr/lib/gcc/arm-none-eabi/10.3.1/../../../arm-none-eabi/lib/thumb/v6-m/nofp/libc.a(lib_a-freer.o)
 .debug_frame   0x00000000000001b8       0x2c /usr/lib/gcc/arm-none-eabi/10.3.1/../../../arm-none-eabi/lib/thumb/v6-m/nofp/libc.a(lib_a-gettimeofdayr.o)
 .debug_frame   0x00000000000001e4       0x50 /usr/lib/gcc/arm-none-eabi/10.3.1/../../../arm-none-eabi/lib/thumb/v6-m/nofp/libc.a(lib_a-reent.o)
 .debug_frame   0x0000000000000234       0x20 /usr/lib/gcc/arm-none-eabi/10.3.1/../../../arm-none-eabi/lib/thumb/v6-m/nofp/libnosys.a(gettod.o)

.debug_ranges   0x0000000000000000       0x50
 .debug_ranges  0x0000000000000000       0x50 /usr/lib/gcc/arm-none-eabi/10.3.1/../../../arm-none-eabi/lib/thumb/v6-m/nofp/libc.a(lib_a-mallocr.o)

.stab           0x0000000000000000       0x24
 .stab          0x0000000000000000       0x24 /usr/lib/gcc/arm-none-eabi/10.3.1/../../../arm-none-eabi/lib/thumb/v6-m/nofp/libnosys.a(gettod.o)

.stabstr        0x0000000000000000       0x4e
 .stabstr       0x0000000000000000       0x4e /usr/lib/gcc/arm-none-eabi/10.3.1/../../../arm-none-eabi/lib/thumb/v6-m/nofp/libnosys.a(gettod.o)
