Archive member included to satisfy reference by file (symbol)

/usr/lib/gcc/arm-none-eabi/10.3.1/thumb/v6-m/nofp/libgcc.a(_dvmd_tls.o)
                              CMakeFiles/Monitor-Control-Firmware_V2.dir/mnt/d/Electronics/pico/pico-sdk/src/rp2_common/pico_divider/divider.S.obj (__aeabi_idiv0)
/usr/lib/gcc/arm-none-eabi/10.3.1/../../../arm-none-eabi/lib/thumb/v6-m/nofp/libc.a(lib_a-atexit.o)
                              /usr/lib/gcc/arm-none-eabi/10.3.1/../../../arm-none-eabi/lib/thumb/v6-m/nofp/crt0.o (atexit)
/usr/lib/gcc/arm-none-eabi/10.3.1/../../../arm-none-eabi/lib/thumb/v6-m/nofp/libc.a(lib_a-calloc.o)
                              CMakeFiles/Monitor-Control-Firmware_V2.dir/mnt/d/Electronics/pico/pico-sdk/src/rp2_common/pico_malloc/pico_malloc.c.obj (calloc)
/usr/lib/gcc/arm-none-eabi/10.3.1/../../../arm-none-eabi/lib/thumb/v6-m/nofp/libc.a(lib_a-callocr.o)
                              /usr/lib/gcc/arm-none-eabi/10.3.1/../../../arm-none-eabi/lib/thumb/v6-m/nofp/libc.a(lib_a-calloc.o) (_calloc_r)
/usr/lib/gcc/arm-none-eabi/10.3.1/../../../arm-none-eabi/lib/thumb/v6-m/nofp/libc.a(lib_a-fini.o)
                              /usr/lib/gcc/arm-none-eabi/10.3.1/../../../arm-none-eabi/lib/thumb/v6-m/nofp/crt0.o (__libc_fini_array)
/usr/lib/gcc/arm-none-eabi/10.3.1/../../../arm-none-eabi/lib/thumb/v6-m/nofp/libc.a(lib_a-impure.o)
                              /usr/lib/gcc/arm-none-eabi/10.3.1/../../../arm-none-eabi/lib/thumb/v6-m/nofp/libc.a(lib_a-calloc.o) (_impure_ptr)
/usr/lib/gcc/arm-none-eabi/10.3.1/../../../arm-none-eabi/lib/thumb/v6-m/nofp/libc.a(lib_a-init.o)
                              /usr/lib/gcc/arm-none-eabi/10.3.1/../../../arm-none-eabi/lib/thumb/v6-m/nofp/crt0.o (__libc_init_array)
/usr/lib/gcc/arm-none-eabi/10.3.1/../../../arm-none-eabi/lib/thumb/v6-m/nofp/libc.a(lib_a-malloc.o)
                              CMakeFiles/Monitor-Control-Firmware_V2.dir/mnt/d/Electronics/pico/pico-sdk/src/rp2_common/pico_malloc/pico_malloc.c.obj (malloc)
/usr/lib/gcc/arm-none-eabi/10.3.1/../../../arm-none-eabi/lib/thumb/v6-m/nofp/libc.a(lib_a-mallocr.o)
                              /usr/lib/gcc/arm-none-eabi/10.3.1/../../../arm-none-eabi/lib/thumb/v6-m/nofp/libc.a(lib_a-callocr.o) (_malloc_r)
/usr/lib/gcc/arm-none-eabi/10.3.1/../../../arm-none-eabi/lib/thumb/v6-m/nofp/libc.a(lib_a-mlock.o)
                              /usr/lib/gcc/arm-none-eabi/10.3.1/../../../arm-none-eabi/lib/thumb/v6-m/nofp/libc.a(lib_a-mallocr.o) (__malloc_lock)
/usr/lib/gcc/arm-none-eabi/10.3.1/../../../arm-none-eabi/lib/thumb/v6-m/nofp/libc.a(lib_a-realloc.o)
                              CMakeFiles/Monitor-Control-Firmware_V2.dir/mnt/d/Electronics/pico/pico-sdk/src/rp2_common/pico_malloc/pico_malloc.c.obj (realloc)
/usr/lib/gcc/arm-none-eabi/10.3.1/../../../arm-none-eabi/lib/thumb/v6-m/nofp/libc.a(lib_a-reallocr.o)
                              /usr/lib/gcc/arm-none-eabi/10.3.1/../../../arm-none-eabi/lib/thumb/v6-m/nofp/libc.a(lib_a-realloc.o) (_realloc_r)
/usr/lib/gcc/arm-none-eabi/10.3.1/../../../arm-none-eabi/lib/thumb/v6-m/nofp/libc.a(lib_a-sbrkr.o)
                              /usr/lib/gcc/arm-none-eabi/10.3.1/../../../arm-none-eabi/lib/thumb/v6-m/nofp/libc.a(lib_a-mallocr.o) (_sbrk_r)
/usr/lib/gcc/arm-none-eabi/10.3.1/../../../arm-none-eabi/lib/thumb/v6-m/nofp/libc.a(lib_a-strlen-stub.o)
                              CMakeFiles/Monitor-Control-Firmware_V2.dir/mnt/d/Electronics/pico/pico-sdk/src/rp2_common/pico_stdio/stdio.c.obj (strlen)
/usr/lib/gcc/arm-none-eabi/10.3.1/../../../arm-none-eabi/lib/thumb/v6-m/nofp/libc.a(lib_a-__atexit.o)
                              /usr/lib/gcc/arm-none-eabi/10.3.1/../../../arm-none-eabi/lib/thumb/v6-m/nofp/libc.a(lib_a-atexit.o) (__register_exitproc)
/usr/lib/gcc/arm-none-eabi/10.3.1/../../../arm-none-eabi/lib/thumb/v6-m/nofp/libc.a(lib_a-freer.o)
                              /usr/lib/gcc/arm-none-eabi/10.3.1/../../../arm-none-eabi/lib/thumb/v6-m/nofp/libc.a(lib_a-malloc.o) (_free_r)
/usr/lib/gcc/arm-none-eabi/10.3.1/../../../arm-none-eabi/lib/thumb/v6-m/nofp/libc.a(lib_a-memmove.o)
                              /usr/lib/gcc/arm-none-eabi/10.3.1/../../../arm-none-eabi/lib/thumb/v6-m/nofp/libc.a(lib_a-reallocr.o) (memmove)
/usr/lib/gcc/arm-none-eabi/10.3.1/../../../arm-none-eabi/lib/thumb/v6-m/nofp/libc.a(lib_a-reent.o)
                              /usr/lib/gcc/arm-none-eabi/10.3.1/../../../arm-none-eabi/lib/thumb/v6-m/nofp/libc.a(lib_a-sbrkr.o) (errno)

Discarded input sections

 .text          0x0000000000000000        0x0 /usr/lib/gcc/arm-none-eabi/10.3.1/thumb/v6-m/nofp/crti.o
 .data          0x0000000000000000        0x0 /usr/lib/gcc/arm-none-eabi/10.3.1/thumb/v6-m/nofp/crti.o
 .bss           0x0000000000000000        0x0 /usr/lib/gcc/arm-none-eabi/10.3.1/thumb/v6-m/nofp/crti.o
 .data          0x0000000000000000        0x4 /usr/lib/gcc/arm-none-eabi/10.3.1/thumb/v6-m/nofp/crtbegin.o
[...]
Memory Configuration

Name             Origin             Length             Attributes
FLASH            0x0000000010000000 0x0000000000200000 xr
RAM              0x0000000020000000 0x0000000000040000 xrw
SCRATCH_X        0x0000000020040000 0x0000000000001000 xrw
SCRATCH_Y        0x0000000020041000 0x0000000000001000 xrw
*default*        0x0000000000000000 0xffffffffffffffff

Linker script and memory map

LOAD /usr/lib/gcc/arm-none-eabi/10.3.1/thumb/v6-m/nofp/crti.o
LOAD /usr/lib/gcc/arm-none-eabi/10.3.1/thumb/v6-m/nofp/crtbegin.o
LOAD /usr/lib/gcc/arm-none-eabi/10.3.1/../../../arm-none-eabi/lib/thumb/v6-m/nofp/crt0.o

.flash_begin    0x0000000010000000        0x0
                0x0000000010000000                __flash_binary_start = .

.boot2          0x0000000010000000      0x100
                0x0000000010000000                __boot2_start__ = .
 *(.boot2)
 .boot2         0x0000000010000000      0x100 /tmp/cciy8jp9.o
                0x0000000010000100                __boot2_end__ = .
                0x0000000000000001                ASSERT (((__boot2_end__ - __boot2_start__) == 0x100), ERROR: Pico second stage bootloader must be 256 bytes in size)

.text           0x0000000010000100     0x5488
                0x0000000010000100                __logical_binary_start = .
 *(.vectors)
 .vectors       0x0000000010000100       0xd4 CMakeFiles/Monitor-Control-Firmware_V2.dir/mnt/d/Electronics/pico/pico-sdk/src/rp2_common/pico_standard_link/crt0.S.obj
                0x0000000010000100                __vectors
                0x0000000010000100                __VECTOR_TABLE
                0x00000000100001c0                isr_invalid
                0x00000000100001c0                __default_isrs_start
                0x00000000100001c2                isr_nmi
                0x00000000100001c4                isr_hardfault
                0x00000000100001c6                isr_svcall
                0x00000000100001c8                isr_pendsv
                0x00000000100001ca                isr_systick
                0x00000000100001cc                isr_irq30
                0x00000000100001cc                __unhandled_user_irq
                0x00000000100001cc                isr_irq13
                0x00000000100001cc                isr_irq27
                0x00000000100001cc                isr_irq31
                0x00000000100001cc                isr_irq5
                0x00000000100001cc                isr_irq11
                0x00000000100001cc                isr_irq23
                0x00000000100001cc                isr_irq18
                0x00000000100001cc                isr_irq28
                0x00000000100001cc                isr_irq19
                0x00000000100001cc                isr_irq0
                0x00000000100001cc                isr_irq6
                0x00000000100001cc                isr_irq22
                0x00000000100001cc                isr_irq17
                0x00000000100001cc                isr_irq14
                0x00000000100001cc                isr_irq2
                0x00000000100001cc                isr_irq10
                0x00000000100001cc                isr_irq8
                0x00000000100001cc                isr_irq24
                0x00000000100001cc                isr_irq1
                0x00000000100001cc                isr_irq7
                0x00000000100001cc                isr_irq21
                0x00000000100001cc                isr_irq20
                0x00000000100001cc                isr_irq15
                0x00000000100001cc                isr_irq25
                0x00000000100001cc                isr_irq4
                0x00000000100001cc                isr_irq16
                0x00000000100001cc                isr_irq29
                0x00000000100001cc                isr_irq26
                0x00000000100001cc                __default_isrs_end
                0x00000000100001cc                isr_irq3
                0x00000000100001cc                isr_irq12
                0x00000000100001cc                isr_irq9
                0x00000000100001d2                unhandled_user_irq_num_in_r0
 *(.binary_info_header)
 .binary_info_header
                0x00000000100001d4       0x14 CMakeFiles/Monitor-Control-Firmware_V2.dir/mnt/d/Electronics/pico/pico-sdk/src/rp2_common/pico_standard_link/crt0.S.obj
                0x00000000100001e8                __binary_info_header_end = .
 *(.reset)
 .reset         0x00000000100001e8       0xa8 CMakeFiles/Monitor-Control-Firmware_V2.dir/mnt/d/Electronics/pico/pico-sdk/src/rp2_common/pico_standard_link/crt0.S.obj
                0x00000000100001e8                _entry_point
                0x0000000010000266                __get_current_exception
 .reset         0x0000000010000290       0x30 CMakeFiles/Monitor-Control-Firmware_V2.dir/mnt/d/Electronics/pico/pico-sdk/src/rp2_common/pico_standard_link/binary_info.c.obj
 *(.init)
 .init          0x00000000100002c0        0x4 /usr/lib/gcc/arm-none-eabi/10.3.1/thumb/v6-m/nofp/crti.o
                0x00000000100002c0                _init
 *(EXCLUDE_FILE(*libm.a: *libc.a:*lib_a-mem*.o *libgcc.a:) .text*)
 .text          0x00000000100002c4       0x98 /usr/lib/gcc/arm-none-eabi/10.3.1/thumb/v6-m/nofp/crtbegin.o
 .text.startup.main
                0x000000001000035c       0x44 CMakeFiles/Monitor-Control-Firmware_V2.dir/monitorcontrol.c.obj
                0x000000001000035c                main
 .text.pga2310_spi_setup
                0x00000000100003a0       0x5c CMakeFiles/Monitor-Control-Firmware_V2.dir/PGA2310/PGA2310.c.obj
                0x00000000100003a0                pga2310_spi_setup
 .text.pga2310_write
                0x00000000100003fc       0x20 CMakeFiles/Monitor-Control-Firmware_V2.dir/PGA2310/PGA2310.c.obj
                0x00000000100003fc                pga2310_write
 .text.decibels
                0x000000001000041c       0xa8 CMakeFiles/Monitor-Control-Firmware_V2.dir/VUmeter/VUmeter.c.obj
                0x000000001000041c                decibels
 .text.setup_gpios
                0x00000000100004c4       0x38 CMakeFiles/Monitor-Control-Firmware_V2.dir/VUmeter/display.c.obj
                0x00000000100004c4                setup_gpios
 .text.vu_display
                0x00000000100004fc       0x48 CMakeFiles/Monitor-Control-Firmware_V2.dir/VUmeter/display.c.obj
                0x00000000100004fc                vu_display
 .text.ssd1306_draw_char_with_font.part.0
                0x0000000010000544      0x148 CMakeFiles/Monitor-Control-Firmware_V2.dir/VUmeter/ssd1306.c.obj
 .text.ssd1306_init
                0x000000001000068c      0x14c CMakeFiles/Monitor-Control-Firmware_V2.dir/VUmeter/ssd1306.c.obj
                0x000000001000068c                ssd1306_init
 .text.ssd1306_clear
                0x00000000100007d8       0x10 CMakeFiles/Monitor-Control-Firmware_V2.dir/VUmeter/ssd1306.c.obj
                0x00000000100007d8                ssd1306_clear
 .text.ssd1306_draw_string
                0x00000000100007e8       0x68 CMakeFiles/Monitor-Control-Firmware_V2.dir/VUmeter/ssd1306.c.obj
                0x00000000100007e8                ssd1306_draw_string
 .text.ssd1306_show
                0x0000000010000850       0xd0 CMakeFiles/Monitor-Control-Firmware_V2.dir/VUmeter/ssd1306.c.obj
                0x0000000010000850                ssd1306_show
 .text.gpio_set_function
                0x0000000010000920       0x30 CMakeFiles/Monitor-Control-Firmware_V2.dir/mnt/d/Electronics/pico/pico-sdk/src/rp2_common/hardware_gpio/gpio.c.obj
                0x0000000010000920                gpio_set_function
 .text.gpio_set_pulls
                0x0000000010000950       0x30 CMakeFiles/Monitor-Control-Firmware_V2.dir/mnt/d/Electronics/pico/pico-sdk/src/rp2_common/hardware_gpio/gpio.c.obj
                0x0000000010000950                gpio_set_pulls
 .text.gpio_set_input_enabled
                0x0000000010000980       0x28 CMakeFiles/Monitor-Control-Firmware_V2.dir/mnt/d/Electronics/pico/pico-sdk/src/rp2_common/hardware_gpio/gpio.c.obj
                0x0000000010000980                gpio_set_input_enabled
 .text.gpio_init
                0x00000000100009a8       0x3c CMakeFiles/Monitor-Control-Firmware_V2.dir/mnt/d/Electronics/pico/pico-sdk/src/rp2_common/hardware_gpio/gpio.c.obj
                0x00000000100009a8                gpio_init
 .text.hw_claim_or_assert
                0x00000000100009e4       0x44 CMakeFiles/Monitor-Control-Firmware_V2.dir/mnt/d/Electronics/pico/pico-sdk/src/rp2_common/hardware_claim/claim.c.obj
                0x00000000100009e4                hw_claim_or_assert
 .text.running_on_fpga
                0x0000000010000a28       0x10 CMakeFiles/Monitor-Control-Firmware_V2.dir/mnt/d/Electronics/pico/pico-sdk/src/rp2_common/pico_platform/platform.c.obj
                0x0000000010000a28                running_on_fpga
 .text.spin_locks_reset
                0x0000000010000a38       0x1c CMakeFiles/Monitor-Control-Firmware_V2.dir/mnt/d/Electronics/pico/pico-sdk/src/rp2_common/hardware_sync/sync.c.obj
                0x0000000010000a38                spin_locks_reset
 .text.next_striped_spin_lock_num
                0x0000000010000a54       0x18 CMakeFiles/Monitor-Control-Firmware_V2.dir/mnt/d/Electronics/pico/pico-sdk/src/rp2_common/hardware_sync/sync.c.obj
                0x0000000010000a54                next_striped_spin_lock_num
 .text.irq_set_enabled
                0x0000000010000a6c       0x24 CMakeFiles/Monitor-Control-Firmware_V2.dir/mnt/d/Electronics/pico/pico-sdk/src/rp2_common/hardware_irq/irq.c.obj
                0x0000000010000a6c                irq_set_enabled
 .text.irq_get_vtable_handler
                0x0000000010000a90       0x10 CMakeFiles/Monitor-Control-Firmware_V2.dir/mnt/d/Electronics/pico/pico-sdk/src/rp2_common/hardware_irq/irq.c.obj
                0x0000000010000a90                irq_get_vtable_handler
 .text.irq_set_exclusive_handler
                0x0000000010000aa0       0x54 CMakeFiles/Monitor-Control-Firmware_V2.dir/mnt/d/Electronics/pico/pico-sdk/src/rp2_common/hardware_irq/irq.c.obj
                0x0000000010000aa0                irq_set_exclusive_handler
 .text.irq_remove_handler
                0x0000000010000af4      0x1b4 CMakeFiles/Monitor-Control-Firmware_V2.dir/mnt/d/Electronics/pico/pico-sdk/src/rp2_common/hardware_irq/irq.c.obj
                0x0000000010000af4                irq_remove_handler
 .text.irq_add_tail_to_free_list
                0x0000000010000ca8       0xb4 CMakeFiles/Monitor-Control-Firmware_V2.dir/mnt/d/Electronics/pico/pico-sdk/src/rp2_common/hardware_irq/irq.c.obj
                0x0000000010000ca8                irq_add_tail_to_free_list
 .text.irq_init_priorities
                0x0000000010000d5c       0x24 CMakeFiles/Monitor-Control-Firmware_V2.dir/mnt/d/Electronics/pico/pico-sdk/src/rp2_common/hardware_irq/irq.c.obj
                0x0000000010000d5c                irq_init_priorities
 .text.lock_init
                0x0000000010000d80       0x10 CMakeFiles/Monitor-Control-Firmware_V2.dir/mnt/d/Electronics/pico/pico-sdk/src/common/pico_sync/lock_core.c.obj
                0x0000000010000d80                lock_init
 .text.timer_pool_entry_comparator
                0x0000000010000d90       0x34 CMakeFiles/Monitor-Control-Firmware_V2.dir/mnt/d/Electronics/pico/pico-sdk/src/common/pico_time/time.c.obj
                0x0000000010000d90                timer_pool_entry_comparator
 .text.sleep_until_callback
                0x0000000010000dc4       0x30 CMakeFiles/Monitor-Control-Firmware_V2.dir/mnt/d/Electronics/pico/pico-sdk/src/common/pico_time/time.c.obj
 .text.add_alarm_under_lock.isra.0
                0x0000000010000df4      0x100 CMakeFiles/Monitor-Control-Firmware_V2.dir/mnt/d/Electronics/pico/pico-sdk/src/common/pico_time/time.c.obj
 .text.alarm_pool_alarm_callback
                0x0000000010000ef4      0x1c8 CMakeFiles/Monitor-Control-Firmware_V2.dir/mnt/d/Electronics/pico/pico-sdk/src/common/pico_time/time.c.obj
 .text.alarm_pool_add_alarm_at.constprop.0
                0x00000000100010bc      0x11c CMakeFiles/Monitor-Control-Firmware_V2.dir/mnt/d/Electronics/pico/pico-sdk/src/common/pico_time/time.c.obj
 .text.alarm_pool_init_default
                0x00000000100011d8       0x64 CMakeFiles/Monitor-Control-Firmware_V2.dir/mnt/d/Electronics/pico/pico-sdk/src/common/pico_time/time.c.obj
                0x00000000100011d8                alarm_pool_init_default
 .text.sleep_until
                0x000000001000123c       0xac CMakeFiles/Monitor-Control-Firmware_V2.dir/mnt/d/Electronics/pico/pico-sdk/src/common/pico_time/time.c.obj
                0x000000001000123c                sleep_until
 .text.sleep_ms
                0x00000000100012e8       0x38 CMakeFiles/Monitor-Control-Firmware_V2.dir/mnt/d/Electronics/pico/pico-sdk/src/common/pico_time/time.c.obj
                0x00000000100012e8                sleep_ms
 .text.hardware_alarm_irq_handler
                0x0000000010001320       0xb8 CMakeFiles/Monitor-Control-Firmware_V2.dir/mnt/d/Electronics/pico/pico-sdk/src/rp2_common/hardware_timer/timer.c.obj
 .text.hardware_alarm_claim
                0x00000000100013d8       0x18 CMakeFiles/Monitor-Control-Firmware_V2.dir/mnt/d/Electronics/pico/pico-sdk/src/rp2_common/hardware_timer/timer.c.obj
                0x00000000100013d8                hardware_alarm_claim
 .text.time_us_64
                0x00000000100013f0       0x14 CMakeFiles/Monitor-Control-Firmware_V2.dir/mnt/d/Electronics/pico/pico-sdk/src/rp2_common/hardware_timer/timer.c.obj
                0x00000000100013f0                time_us_64
 .text.busy_wait_until
                0x0000000010001404       0x20 CMakeFiles/Monitor-Control-Firmware_V2.dir/mnt/d/Electronics/pico/pico-sdk/src/rp2_common/hardware_timer/timer.c.obj
                0x0000000010001404                busy_wait_until
 .text.hardware_alarm_set_callback
                0x0000000010001424       0x8c CMakeFiles/Monitor-Control-Firmware_V2.dir/mnt/d/Electronics/pico/pico-sdk/src/rp2_common/hardware_timer/timer.c.obj
                0x0000000010001424                hardware_alarm_set_callback
 .text.hardware_alarm_set_target
                0x00000000100014b0       0xe0 CMakeFiles/Monitor-Control-Firmware_V2.dir/mnt/d/Electronics/pico/pico-sdk/src/rp2_common/hardware_timer/timer.c.obj
                0x00000000100014b0                hardware_alarm_set_target
 .text.hardware_alarm_cancel
                0x0000000010001590       0x3c CMakeFiles/Monitor-Control-Firmware_V2.dir/mnt/d/Electronics/pico/pico-sdk/src/rp2_common/hardware_timer/timer.c.obj
                0x0000000010001590                hardware_alarm_cancel
 .text.ph_merge_nodes
                0x00000000100015cc       0x68 CMakeFiles/Monitor-Control-Firmware_V2.dir/mnt/d/Electronics/pico/pico-sdk/src/common/pico_util/pheap.c.obj
 .text.ph_post_alloc_init
                0x0000000010001634       0x3c CMakeFiles/Monitor-Control-Firmware_V2.dir/mnt/d/Electronics/pico/pico-sdk/src/common/pico_util/pheap.c.obj
                0x0000000010001634                ph_post_alloc_init
 .text.ph_merge_two_pass
                0x0000000010001670       0x90 CMakeFiles/Monitor-Control-Firmware_V2.dir/mnt/d/Electronics/pico/pico-sdk/src/common/pico_util/pheap.c.obj
                0x0000000010001670                ph_merge_two_pass
 .text.ph_remove_any_head
                0x0000000010001700       0xf8 CMakeFiles/Monitor-Control-Firmware_V2.dir/mnt/d/Electronics/pico/pico-sdk/src/common/pico_util/pheap.c.obj
 .text.ph_remove_head
                0x00000000100017f8       0xfc CMakeFiles/Monitor-Control-Firmware_V2.dir/mnt/d/Electronics/pico/pico-sdk/src/common/pico_util/pheap.c.obj
                0x00000000100017f8                ph_remove_head
 .text.ph_remove_and_free_node
                0x00000000100018f4       0x7c CMakeFiles/Monitor-Control-Firmware_V2.dir/mnt/d/Electronics/pico/pico-sdk/src/common/pico_util/pheap.c.obj
                0x00000000100018f4                ph_remove_and_free_node
 .text.mutex_init
                0x0000000010001970       0x1c CMakeFiles/Monitor-Control-Firmware_V2.dir/mnt/d/Electronics/pico/pico-sdk/src/common/pico_sync/mutex.c.obj
                0x0000000010001970                mutex_init
 .text.recursive_mutex_init
                0x000000001000198c       0x1c CMakeFiles/Monitor-Control-Firmware_V2.dir/mnt/d/Electronics/pico/pico-sdk/src/common/pico_sync/mutex.c.obj
                0x000000001000198c                recursive_mutex_init
 .text.uart_init
                0x00000000100019a8       0xe0 CMakeFiles/Monitor-Control-Firmware_V2.dir/mnt/d/Electronics/pico/pico-sdk/src/rp2_common/hardware_uart/uart.c.obj
                0x00000000100019a8                uart_init
 .text.runtime_init
                0x0000000010001a88       0xf0 CMakeFiles/Monitor-Control-Firmware_V2.dir/mnt/d/Electronics/pico/pico-sdk/src/rp2_common/pico_runtime/runtime.c.obj
                0x0000000010001a88                runtime_init
 .text._sbrk    0x0000000010001b78       0x34 CMakeFiles/Monitor-Control-Firmware_V2.dir/mnt/d/Electronics/pico/pico-sdk/src/rp2_common/pico_runtime/runtime.c.obj
                0x0000000010001b78                _sbrk
 .text.exit     0x0000000010001bac        0x4 CMakeFiles/Monitor-Control-Firmware_V2.dir/mnt/d/Electronics/pico/pico-sdk/src/rp2_common/pico_runtime/runtime.c.obj
                0x0000000010001bac                exit
 .text.panic    0x0000000010001bb0       0x30 CMakeFiles/Monitor-Control-Firmware_V2.dir/mnt/d/Electronics/pico/pico-sdk/src/rp2_common/pico_runtime/runtime.c.obj
                0x0000000010001bb0                panic
 .text.hard_assertion_failure
                0x0000000010001be0        0xc CMakeFiles/Monitor-Control-Firmware_V2.dir/mnt/d/Electronics/pico/pico-sdk/src/rp2_common/pico_runtime/runtime.c.obj
                0x0000000010001be0                hard_assertion_failure
 .text.clocks_init
                0x0000000010001bec      0x2bc CMakeFiles/Monitor-Control-Firmware_V2.dir/mnt/d/Electronics/pico/pico-sdk/src/rp2_common/hardware_clocks/clocks.c.obj
                0x0000000010001bec                clocks_init
 .text.clock_get_hz
                0x0000000010001ea8        0xc CMakeFiles/Monitor-Control-Firmware_V2.dir/mnt/d/Electronics/pico/pico-sdk/src/rp2_common/hardware_clocks/clocks.c.obj
                0x0000000010001ea8                clock_get_hz
 .text.pll_init
                0x0000000010001eb4       0xb0 CMakeFiles/Monitor-Control-Firmware_V2.dir/mnt/d/Electronics/pico/pico-sdk/src/rp2_common/hardware_pll/pll.c.obj
                0x0000000010001eb4                pll_init
 .text.watchdog_start_tick
                0x0000000010001f64       0x10 CMakeFiles/Monitor-Control-Firmware_V2.dir/mnt/d/Electronics/pico/pico-sdk/src/rp2_common/hardware_watchdog/watchdog.c.obj
                0x0000000010001f64                watchdog_start_tick
 .text.xosc_init
                0x0000000010001f74       0x28 CMakeFiles/Monitor-Control-Firmware_V2.dir/mnt/d/Electronics/pico/pico-sdk/src/rp2_common/hardware_xosc/xosc.c.obj
                0x0000000010001f74                xosc_init
 .text._out_null
                0x0000000010001f9c        0x4 CMakeFiles/Monitor-Control-Firmware_V2.dir/mnt/d/Electronics/pico/pico-sdk/src/rp2_common/pico_printf/printf.c.obj
 .text._out_rev
                0x0000000010001fa0       0x9c CMakeFiles/Monitor-Control-Firmware_V2.dir/mnt/d/Electronics/pico/pico-sdk/src/rp2_common/pico_printf/printf.c.obj
 .text._ntoa_format
                0x000000001000203c      0x1cc CMakeFiles/Monitor-Control-Firmware_V2.dir/mnt/d/Electronics/pico/pico-sdk/src/rp2_common/pico_printf/printf.c.obj
 .text._out_char
                0x0000000010002208       0x10 CMakeFiles/Monitor-Control-Firmware_V2.dir/mnt/d/Electronics/pico/pico-sdk/src/rp2_common/pico_printf/printf.c.obj
 .text._out_fct
                0x0000000010002218       0x10 CMakeFiles/Monitor-Control-Firmware_V2.dir/mnt/d/Electronics/pico/pico-sdk/src/rp2_common/pico_printf/printf.c.obj
 .text._etoa    0x0000000010002228      0x44c CMakeFiles/Monitor-Control-Firmware_V2.dir/mnt/d/Electronics/pico/pico-sdk/src/rp2_common/pico_printf/printf.c.obj
 .text._ftoa    0x0000000010002674      0x398 CMakeFiles/Monitor-Control-Firmware_V2.dir/mnt/d/Electronics/pico/pico-sdk/src/rp2_common/pico_printf/printf.c.obj
 .text._vsnprintf
                0x0000000010002a0c      0xb04 CMakeFiles/Monitor-Control-Firmware_V2.dir/mnt/d/Electronics/pico/pico-sdk/src/rp2_common/pico_printf/printf.c.obj
 .text.vfctprintf
                0x0000000010003510       0x20 CMakeFiles/Monitor-Control-Firmware_V2.dir/mnt/d/Electronics/pico/pico-sdk/src/rp2_common/pico_printf/printf.c.obj
                0x0000000010003510                vfctprintf
 .text.weak_raw_vprintf
                0x0000000010003530       0x30 CMakeFiles/Monitor-Control-Firmware_V2.dir/mnt/d/Electronics/pico/pico-sdk/src/rp2_common/pico_printf/printf.c.obj
                0x0000000010003530                weak_raw_vprintf
 .text          0x0000000010003560       0x10 CMakeFiles/Monitor-Control-Firmware_V2.dir/mnt/d/Electronics/pico/pico-sdk/src/rp2_common/pico_bit_ops/bit_ops_aeabi.S.obj
 .text.rom_func_lookup
                0x0000000010003570       0x10 CMakeFiles/Monitor-Control-Firmware_V2.dir/mnt/d/Electronics/pico/pico-sdk/src/rp2_common/pico_bootrom/bootrom.c.obj
                0x0000000010003570                rom_func_lookup
 .text.rom_data_lookup
                0x0000000010003580       0x10 CMakeFiles/Monitor-Control-Firmware_V2.dir/mnt/d/Electronics/pico/pico-sdk/src/rp2_common/pico_bootrom/bootrom.c.obj
                0x0000000010003580                rom_data_lookup
 .text.rom_funcs_lookup
                0x0000000010003590       0x44 CMakeFiles/Monitor-Control-Firmware_V2.dir/mnt/d/Electronics/pico/pico-sdk/src/rp2_common/pico_bootrom/bootrom.c.obj
                0x0000000010003590                rom_funcs_lookup
 .text.__wrap___aeabi_idiv
                0x00000000100035d4       0x50 CMakeFiles/Monitor-Control-Firmware_V2.dir/mnt/d/Electronics/pico/pico-sdk/src/rp2_common/pico_divider/divider.S.obj
                0x00000000100035d4                __wrap___aeabi_idivmod
                0x00000000100035d4                divmod_s32s32
                0x00000000100035d4                div_s32s32
                0x00000000100035d4                __wrap___aeabi_idiv
                0x00000000100035dc                divmod_s32s32_unsafe
                0x0000000010003608                divmod_s32s32_savestate
 .text.__wrap___aeabi_uidiv
                0x0000000010003624       0x4c CMakeFiles/Monitor-Control-Firmware_V2.dir/mnt/d/Electronics/pico/pico-sdk/src/rp2_common/pico_divider/divider.S.obj
                0x0000000010003624                __wrap___aeabi_uidiv
                0x0000000010003624                __wrap___aeabi_uidivmod
                0x0000000010003624                div_u32u32
                0x0000000010003624                divmod_u32u32
                0x000000001000362c                divmod_u32u32_unsafe
                0x0000000010003654                divmod_u32u32_savestate
 .text.__wrap___aeabi_ldiv
                0x0000000010003670      0x434 CMakeFiles/Monitor-Control-Firmware_V2.dir/mnt/d/Electronics/pico/pico-sdk/src/rp2_common/pico_divider/divider.S.obj
                0x0000000010003670                div_s64s64
                0x0000000010003670                divmod_s64s64
                0x0000000010003670                __wrap___aeabi_ldivmod
                0x00000000100036a8                div_u64u64
                0x00000000100036a8                divmod_u64u64
                0x00000000100036a8                __wrap___aeabi_uldivmod
                0x00000000100036b8                divmod_u64u64_savestate
                0x00000000100036e0                divmod_s64s64_unsafe
                0x0000000010003768                divmod_u64u64_unsafe
 .text.__wrap___aeabi_darithmetic
                0x0000000010003aa4       0x80 CMakeFiles/Monitor-Control-Firmware_V2.dir/mnt/d/Electronics/pico/pico-sdk/src/rp2_common/pico_double/double_aeabi.S.obj
                0x0000000010003aa4                __wrap___aeabi_drsub
                0x0000000010003aaa                __wrap___aeabi_dsub
                0x0000000010003abc                __wrap___aeabi_dadd
                0x0000000010003ace                __wrap___aeabi_ddiv
                0x0000000010003b0a                __wrap___aeabi_dmul
 .text.__wrap___aeabi_cdcmple
                0x0000000010003b24       0x6c CMakeFiles/Monitor-Control-Firmware_V2.dir/mnt/d/Electronics/pico/pico-sdk/src/rp2_common/pico_double/double_aeabi.S.obj
                0x0000000010003b24                __wrap___aeabi_cdrcmple
                0x0000000010003b34                __wrap___aeabi_cdcmple
                0x0000000010003b34                __wrap___aeabi_cdcmpeq
 .text.__wrap___aeabi_dcmplt
                0x0000000010003b90        0xc CMakeFiles/Monitor-Control-Firmware_V2.dir/mnt/d/Electronics/pico/pico-sdk/src/rp2_common/pico_double/double_aeabi.S.obj
                0x0000000010003b90                __wrap___aeabi_dcmplt
 .text.__wrap___aeabi_dcmple
                0x0000000010003b9c       0x10 CMakeFiles/Monitor-Control-Firmware_V2.dir/mnt/d/Electronics/pico/pico-sdk/src/rp2_common/pico_double/double_aeabi.S.obj
                0x0000000010003b9c                __wrap___aeabi_dcmple
 .text.__wrap___aeabi_dcmpge
                0x0000000010003bac       0x10 CMakeFiles/Monitor-Control-Firmware_V2.dir/mnt/d/Electronics/pico/pico-sdk/src/rp2_common/pico_double/double_aeabi.S.obj
                0x0000000010003bac                __wrap___aeabi_dcmpge
 .text.__wrap___aeabi_dcmpgt
                0x0000000010003bbc        0xa CMakeFiles/Monitor-Control-Firmware_V2.dir/mnt/d/Electronics/pico/pico-sdk/src/rp2_common/pico_double/double_aeabi.S.obj
                0x0000000010003bbc                __wrap___aeabi_dcmpgt
 .text.__wrap___aeabi_dcmpun
                0x0000000010003bc6       0x1c CMakeFiles/Monitor-Control-Firmware_V2.dir/mnt/d/Electronics/pico/pico-sdk/src/rp2_common/pico_double/double_aeabi.S.obj
                0x0000000010003bc6                __wrap___aeabi_dcmpun
 *fill*         0x0000000010003be2        0x2 
 .text.__wrap___aeabi_i2d
                0x0000000010003be4       0x38 CMakeFiles/Monitor-Control-Firmware_V2.dir/mnt/d/Electronics/pico/pico-sdk/src/rp2_common/pico_double/double_aeabi.S.obj
                0x0000000010003be4                __wrap___aeabi_ui2d
                0x0000000010003bec                __wrap___aeabi_i2d
 .text.__wrap___aeabi_d2iz
                0x0000000010003c1c       0x48 CMakeFiles/Monitor-Control-Firmware_V2.dir/mnt/d/Electronics/pico/pico-sdk/src/rp2_common/pico_double/double_aeabi.S.obj
                0x0000000010003c1c                __wrap___aeabi_d2iz
                0x0000000010003c1c                double2int_z
 .text.__wrap___aeabi_d2uiz
                0x0000000010003c64       0x18 CMakeFiles/Monitor-Control-Firmware_V2.dir/mnt/d/Electronics/pico/pico-sdk/src/rp2_common/pico_double/double_aeabi.S.obj
                0x0000000010003c64                double2uint
                0x0000000010003c64                __wrap___aeabi_d2uiz
 .text.__aeabi_double_init
                0x0000000010003c7c       0x94 CMakeFiles/Monitor-Control-Firmware_V2.dir/mnt/d/Electronics/pico/pico-sdk/src/rp2_common/pico_double/double_init_rom.c.obj
                0x0000000010003c7c                __aeabi_double_init
 .text.double_table_shim_on_use_helper
                0x0000000010003d10       0x2c CMakeFiles/Monitor-Control-Firmware_V2.dir/mnt/d/Electronics/pico/pico-sdk/src/rp2_common/pico_double/double_v1_rom_shim.S.obj
                0x0000000010003d10                double_table_shim_on_use_helper
 .text.__wrap___aeabi_dsub
                0x0000000010003d3c       0x10 CMakeFiles/Monitor-Control-Firmware_V2.dir/mnt/d/Electronics/pico/pico-sdk/src/rp2_common/pico_double/double_v1_rom_shim.S.obj
                0x0000000010003d3c                drsub_shim
                0x0000000010003d42                dsub_shim
 .text.dadd_shim
                0x0000000010003d4c      0x15c CMakeFiles/Monitor-Control-Firmware_V2.dir/mnt/d/Electronics/pico/pico-sdk/src/rp2_common/pico_double/double_v1_rom_shim.S.obj
                0x0000000010003d4c                dadd_shim
 .text.dmul_shim
                0x0000000010003ea8      0x15c CMakeFiles/Monitor-Control-Firmware_V2.dir/mnt/d/Electronics/pico/pico-sdk/src/rp2_common/pico_double/double_v1_rom_shim.S.obj
                0x0000000010003ea8                dmul_shim
 .text.ddiv_shim
                0x0000000010004004      0x1b0 CMakeFiles/Monitor-Control-Firmware_V2.dir/mnt/d/Electronics/pico/pico-sdk/src/rp2_common/pico_double/double_v1_rom_shim.S.obj
                0x0000000010004004                ddiv_shim
 .text.double2uint_shim
                0x00000000100041b4        0xe CMakeFiles/Monitor-Control-Firmware_V2.dir/mnt/d/Electronics/pico/pico-sdk/src/rp2_common/pico_double/double_v1_rom_shim.S.obj
                0x00000000100041b4                double2uint_shim
                0x00000000100041b6                double2ufix_shim
 *fill*         0x00000000100041c2        0x2 
 .text.double2uint64_shim
                0x00000000100041c4       0x70 CMakeFiles/Monitor-Control-Firmware_V2.dir/mnt/d/Electronics/pico/pico-sdk/src/rp2_common/pico_double/double_v1_rom_shim.S.obj
                0x00000000100041c4                double2uint64_shim
                0x00000000100041c6                double2ufix64_shim
                0x00000000100041e6                d2fix_a
 .text.dunpacks
                0x0000000010004234       0x3c CMakeFiles/Monitor-Control-Firmware_V2.dir/mnt/d/Electronics/pico/pico-sdk/src/rp2_common/pico_double/double_v1_rom_shim.S.obj
                0x0000000010004234                dunpacks
 .text.__aeabi_lmul
                0x0000000010004270       0x32 CMakeFiles/Monitor-Control-Firmware_V2.dir/mnt/d/Electronics/pico/pico-sdk/src/rp2_common/pico_int64_ops/pico_int64_ops_aeabi.S.obj
                0x0000000010004270                __wrap___aeabi_lmul
 *fill*         0x00000000100042a2        0x2 
 .text.__wrap___aeabi_farithmetic
                0x00000000100042a4       0x48 CMakeFiles/Monitor-Control-Firmware_V2.dir/mnt/d/Electronics/pico/pico-sdk/src/rp2_common/pico_float/float_aeabi.S.obj
                0x00000000100042a4                __wrap___aeabi_frsub
                0x00000000100042aa                __wrap___aeabi_fsub
                0x00000000100042b0                __wrap___aeabi_fadd
                0x00000000100042b6                __wrap___aeabi_fdiv
                0x00000000100042de                __wrap___aeabi_fmul
 .text.__wrap___aeabi_i2f
                0x00000000100042ec       0x44 CMakeFiles/Monitor-Control-Firmware_V2.dir/mnt/d/Electronics/pico/pico-sdk/src/rp2_common/pico_float/float_aeabi.S.obj
                0x00000000100042ec                __wrap___aeabi_i2f
 .text.__wrap___aeabi_f2iz
                0x0000000010004330       0x4e CMakeFiles/Monitor-Control-Firmware_V2.dir/mnt/d/Electronics/pico/pico-sdk/src/rp2_common/pico_float/float_aeabi.S.obj
                0x0000000010004330                __wrap___aeabi_f2iz
                0x0000000010004330                float2int_z
 *fill*         0x000000001000437e        0x2 
 .text.float2int
                0x0000000010004380       0x14 CMakeFiles/Monitor-Control-Firmware_V2.dir/mnt/d/Electronics/pico/pico-sdk/src/rp2_common/pico_float/float_aeabi.S.obj
                0x0000000010004380                float2int
 .text.__wrap___aeabi_f2uiz
                0x0000000010004394        0xc CMakeFiles/Monitor-Control-Firmware_V2.dir/mnt/d/Electronics/pico/pico-sdk/src/rp2_common/pico_float/float_aeabi.S.obj
                0x0000000010004394                __wrap___aeabi_f2uiz
 .text.__aeabi_float_init
                0x00000000100043a0       0x64 CMakeFiles/Monitor-Control-Firmware_V2.dir/mnt/d/Electronics/pico/pico-sdk/src/rp2_common/pico_float/float_init_rom.c.obj
                0x00000000100043a0                __aeabi_float_init
 .text.float_table_shim_on_use_helper
                0x0000000010004404       0x2c CMakeFiles/Monitor-Control-Firmware_V2.dir/mnt/d/Electronics/pico/pico-sdk/src/rp2_common/pico_float/float_v1_rom_shim.S.obj
                0x0000000010004404                float_table_shim_on_use_helper
 .text.float232_shims
                0x0000000010004430       0x18 CMakeFiles/Monitor-Control-Firmware_V2.dir/mnt/d/Electronics/pico/pico-sdk/src/rp2_common/pico_float/float_v1_rom_shim.S.obj
                0x0000000010004430                float2int_shim
                0x0000000010004432                float2fix_shim
 .text.__wrap_malloc
                0x0000000010004448       0x24 CMakeFiles/Monitor-Control-Firmware_V2.dir/mnt/d/Electronics/pico/pico-sdk/src/rp2_common/pico_malloc/pico_malloc.c.obj
                0x0000000010004448                __wrap_malloc
 .text          0x000000001000446c       0x10 CMakeFiles/Monitor-Control-Firmware_V2.dir/mnt/d/Electronics/pico/pico-sdk/src/rp2_common/pico_mem_ops/mem_ops_aeabi.S.obj
                0x000000001000446c                __aeabi_mem_init
 .text.memset   0x000000001000447c        0xc CMakeFiles/Monitor-Control-Firmware_V2.dir/mnt/d/Electronics/pico/pico-sdk/src/rp2_common/pico_mem_ops/mem_ops_aeabi.S.obj
                0x000000001000447c                __wrap_memset
 .text.memcpy   0x0000000010004488        0xc CMakeFiles/Monitor-Control-Firmware_V2.dir/mnt/d/Electronics/pico/pico-sdk/src/rp2_common/pico_mem_ops/mem_ops_aeabi.S.obj
                0x0000000010004488                __wrap___aeabi_memcpy
                0x0000000010004488                __wrap_memcpy
 .text.stdio_out_chars_no_crlf
                0x0000000010004494       0x10 CMakeFiles/Monitor-Control-Firmware_V2.dir/mnt/d/Electronics/pico/pico-sdk/src/rp2_common/pico_stdio/stdio.c.obj
 .text.stdio_out_chars_crlf
                0x00000000100044a4       0xb4 CMakeFiles/Monitor-Control-Firmware_V2.dir/mnt/d/Electronics/pico/pico-sdk/src/rp2_common/pico_stdio/stdio.c.obj
 .text.stdio_buffered_printer
                0x0000000010004558       0x64 CMakeFiles/Monitor-Control-Firmware_V2.dir/mnt/d/Electronics/pico/pico-sdk/src/rp2_common/pico_stdio/stdio.c.obj
 .text.stdio_put_string.isra.0
                0x00000000100045bc       0xfc CMakeFiles/Monitor-Control-Firmware_V2.dir/mnt/d/Electronics/pico/pico-sdk/src/rp2_common/pico_stdio/stdio.c.obj
 .text.__wrap_putchar
                0x00000000100046b8       0xa0 CMakeFiles/Monitor-Control-Firmware_V2.dir/mnt/d/Electronics/pico/pico-sdk/src/rp2_common/pico_stdio/stdio.c.obj
                0x00000000100046b8                __wrap_putchar
 .text.__wrap_puts
                0x0000000010004758       0x3c CMakeFiles/Monitor-Control-Firmware_V2.dir/mnt/d/Electronics/pico/pico-sdk/src/rp2_common/pico_stdio/stdio.c.obj
                0x0000000010004758                __wrap_puts
 .text.stdio_set_driver_enabled
                0x0000000010004794       0x30 CMakeFiles/Monitor-Control-Firmware_V2.dir/mnt/d/Electronics/pico/pico-sdk/src/rp2_common/pico_stdio/stdio.c.obj
                0x0000000010004794                stdio_set_driver_enabled
 .text.__wrap_vprintf
                0x00000000100047c4       0xd8 CMakeFiles/Monitor-Control-Firmware_V2.dir/mnt/d/Electronics/pico/pico-sdk/src/rp2_common/pico_stdio/stdio.c.obj
                0x00000000100047c4                __wrap_vprintf
 .text.__wrap_printf
                0x000000001000489c       0x18 CMakeFiles/Monitor-Control-Firmware_V2.dir/mnt/d/Electronics/pico/pico-sdk/src/rp2_common/pico_stdio/stdio.c.obj
                0x000000001000489c                __wrap_printf
 .text.stdio_init_all
                0x00000000100048b4        0x8 CMakeFiles/Monitor-Control-Firmware_V2.dir/mnt/d/Electronics/pico/pico-sdk/src/rp2_common/pico_stdio/stdio.c.obj
                0x00000000100048b4                stdio_init_all
 .text.stdio_uart_out_chars
                0x00000000100048bc       0x4c CMakeFiles/Monitor-Control-Firmware_V2.dir/mnt/d/Electronics/pico/pico-sdk/src/rp2_common/pico_stdio_uart/stdio_uart.c.obj
 .text.stdio_uart_in_chars
                0x0000000010004908       0x38 CMakeFiles/Monitor-Control-Firmware_V2.dir/mnt/d/Electronics/pico/pico-sdk/src/rp2_common/pico_stdio_uart/stdio_uart.c.obj
                0x0000000010004908                stdio_uart_in_chars
 .text.stdio_uart_init
                0x0000000010004940       0x48 CMakeFiles/Monitor-Control-Firmware_V2.dir/mnt/d/Electronics/pico/pico-sdk/src/rp2_common/pico_stdio_uart/stdio_uart.c.obj
                0x0000000010004940                stdio_uart_init
 .text.spi_init
                0x0000000010004988       0xf8 CMakeFiles/Monitor-Control-Firmware_V2.dir/mnt/d/Electronics/pico/pico-sdk/src/rp2_common/hardware_spi/spi.c.obj
                0x0000000010004988                spi_init
 .text.i2c_set_baudrate
                0x0000000010004a80       0xc4 CMakeFiles/Monitor-Control-Firmware_V2.dir/mnt/d/Electronics/pico/pico-sdk/src/rp2_common/hardware_i2c/i2c.c.obj
                0x0000000010004a80                i2c_set_baudrate
 .text.i2c_init
                0x0000000010004b44       0x54 CMakeFiles/Monitor-Control-Firmware_V2.dir/mnt/d/Electronics/pico/pico-sdk/src/rp2_common/hardware_i2c/i2c.c.obj
                0x0000000010004b44                i2c_init
 .text.i2c_write_blocking
                0x0000000010004b98       0xd0 CMakeFiles/Monitor-Control-Firmware_V2.dir/mnt/d/Electronics/pico/pico-sdk/src/rp2_common/hardware_i2c/i2c.c.obj
                0x0000000010004b98                i2c_write_blocking
 .text.adc_init
                0x0000000010004c68       0x38 CMakeFiles/Monitor-Control-Firmware_V2.dir/mnt/d/Electronics/pico/pico-sdk/src/rp2_common/hardware_adc/adc.c.obj
                0x0000000010004c68                adc_init
 .text          0x0000000010004ca0       0x28 /usr/lib/gcc/arm-none-eabi/10.3.1/../../../arm-none-eabi/lib/thumb/v6-m/nofp/libc.a(lib_a-malloc.o)
                0x0000000010004ca0                malloc
                0x0000000010004cb4                free
 .text          0x0000000010004cc8      0x574 /usr/lib/gcc/arm-none-eabi/10.3.1/../../../arm-none-eabi/lib/thumb/v6-m/nofp/libc.a(lib_a-mallocr.o)
                0x0000000010004cc8                _malloc_r
 .text          0x000000001000523c        0x8 /usr/lib/gcc/arm-none-eabi/10.3.1/../../../arm-none-eabi/lib/thumb/v6-m/nofp/libc.a(lib_a-mlock.o)
                0x000000001000523c                __malloc_lock
                0x0000000010005240                __malloc_unlock
 .text          0x0000000010005244       0x24 /usr/lib/gcc/arm-none-eabi/10.3.1/../../../arm-none-eabi/lib/thumb/v6-m/nofp/libc.a(lib_a-sbrkr.o)
                0x0000000010005244                _sbrk_r
 .text          0x0000000010005268       0x5c /usr/lib/gcc/arm-none-eabi/10.3.1/../../../arm-none-eabi/lib/thumb/v6-m/nofp/libc.a(lib_a-strlen-stub.o)
                0x0000000010005268                strlen
 .text          0x00000000100052c4      0x260 /usr/lib/gcc/arm-none-eabi/10.3.1/../../../arm-none-eabi/lib/thumb/v6-m/nofp/libc.a(lib_a-freer.o)
                0x00000000100052c4                _malloc_trim_r
                0x0000000010005360                _free_r
 *(.fini)
 .fini          0x0000000010005524        0x4 /usr/lib/gcc/arm-none-eabi/10.3.1/thumb/v6-m/nofp/crti.o
                0x0000000010005524                _fini
 .fini.__stub   0x0000000010005528       0x60 linker stubs
 *crtbegin.o(.ctors)
 *crtbegin?.o(.ctors)
 *(EXCLUDE_FILE(*crtend.o *crtend?.o) .ctors)
 *(SORT_BY_NAME(.ctors.*))
 *(.ctors)
 *crtbegin.o(.dtors)
 *crtbegin?.o(.dtors)
 *(EXCLUDE_FILE(*crtend.o *crtend?.o) .dtors)
 *(SORT_BY_NAME(.dtors.*))
 *(.dtors)
 *(.eh_frame*)
 .eh_frame      0x0000000010005588        0x0 /usr/lib/gcc/arm-none-eabi/10.3.1/thumb/v6-m/nofp/crtbegin.o
                0x0000000010005588                . = ALIGN (0x4)

.glue_7         0x0000000010005588        0x0
 .glue_7        0x0000000010005588        0x0 linker stubs

.glue_7t        0x0000000010005588        0x0
 .glue_7t       0x0000000010005588        0x0 linker stubs

.vfp11_veneer   0x0000000010005588        0x0
 .vfp11_veneer  0x0000000010005588        0x0 linker stubs

.v4_bx          0x0000000010005588        0x0
 .v4_bx         0x0000000010005588        0x0 linker stubs

.iplt           0x0000000010005588        0x0
 .iplt          0x0000000010005588        0x0 /usr/lib/gcc/arm-none-eabi/10.3.1/thumb/v6-m/nofp/crtbegin.o

.rodata         0x0000000010005588      0x598
 *(EXCLUDE_FILE(*libm.a: *libc.a:*lib_a-mem*.o *libgcc.a:) .rodata*)
 .rodata.main.str1.4
                0x0000000010005588       0x12 CMakeFiles/Monitor-Control-Firmware_V2.dir/monitorcontrol.c.obj
 *fill*         0x000000001000559a        0x2 
 .rodata.ssd1306_init.str1.4
                0x000000001000559c       0x3f CMakeFiles/Monitor-Control-Firmware_V2.dir/VUmeter/ssd1306.c.obj
 *fill*         0x00000000100055db        0x1 
 .rodata.ssd1306_show.str1.4
                0x00000000100055dc        0xd CMakeFiles/Monitor-Control-Firmware_V2.dir/VUmeter/ssd1306.c.obj
 *fill*         0x00000000100055e9        0x3 
 .rodata.font_8x5
                0x00000000100055ec      0x1e0 CMakeFiles/Monitor-Control-Firmware_V2.dir/VUmeter/ssd1306.c.obj
                0x00000000100055ec                font_8x5
 .rodata.hardware_alarm_claim.str1.4
                0x00000000100057cc       0x22 CMakeFiles/Monitor-Control-Firmware_V2.dir/mnt/d/Electronics/pico/pico-sdk/src/rp2_common/hardware_timer/timer.c.obj
 *fill*         0x00000000100057ee        0x2 
 .rodata.panic.str1.4
                0x00000000100057f0       0x12 CMakeFiles/Monitor-Control-Firmware_V2.dir/mnt/d/Electronics/pico/pico-sdk/src/rp2_common/pico_runtime/runtime.c.obj
 *fill*         0x0000000010005802        0x2 
 .rodata.hard_assertion_failure.str1.4
                0x0000000010005804        0xc CMakeFiles/Monitor-Control-Firmware_V2.dir/mnt/d/Electronics/pico/pico-sdk/src/rp2_common/pico_runtime/runtime.c.obj
 .rodata._ftoa.str1.4
                0x0000000010005810       0x15 CMakeFiles/Monitor-Control-Firmware_V2.dir/mnt/d/Electronics/pico/pico-sdk/src/rp2_common/pico_printf/printf.c.obj
 *fill*         0x0000000010005825        0x3 
 .rodata._vsnprintf
                0x0000000010005828      0x1e0 CMakeFiles/Monitor-Control-Firmware_V2.dir/mnt/d/Electronics/pico/pico-sdk/src/rp2_common/pico_printf/printf.c.obj
 .rodata.pow10.0
                0x0000000010005a08       0x50 CMakeFiles/Monitor-Control-Firmware_V2.dir/mnt/d/Electronics/pico/pico-sdk/src/rp2_common/pico_printf/printf.c.obj
 .rodata.__wrap_malloc.str1.4
                0x0000000010005a58        0xe CMakeFiles/Monitor-Control-Firmware_V2.dir/mnt/d/Electronics/pico/pico-sdk/src/rp2_common/pico_malloc/pico_malloc.c.obj
 *fill*         0x0000000010005a66        0x2 
 .rodata.str1.4
                0x0000000010005a68       0x50 CMakeFiles/Monitor-Control-Firmware_V2.dir/mnt/d/Electronics/pico/pico-sdk/src/rp2_common/pico_standard_link/binary_info.c.obj
 .rodata.__bi_44
                0x0000000010005ab8        0xc CMakeFiles/Monitor-Control-Firmware_V2.dir/mnt/d/Electronics/pico/pico-sdk/src/rp2_common/pico_standard_link/binary_info.c.obj
 .rodata.__bi_75
                0x0000000010005ac4        0xc CMakeFiles/Monitor-Control-Firmware_V2.dir/mnt/d/Electronics/pico/pico-sdk/src/rp2_common/pico_standard_link/binary_info.c.obj
 .rodata.__bi_81
                0x0000000010005ad0        0xc CMakeFiles/Monitor-Control-Firmware_V2.dir/mnt/d/Electronics/pico/pico-sdk/src/rp2_common/pico_standard_link/binary_info.c.obj
 .rodata.crlf_str.0
                0x0000000010005adc        0x2 CMakeFiles/Monitor-Control-Firmware_V2.dir/mnt/d/Electronics/pico/pico-sdk/src/rp2_common/pico_stdio/stdio.c.obj
 *fill*         0x0000000010005ade        0x2 
 .rodata.str1.4
                0x0000000010005ae0       0x2c CMakeFiles/Monitor-Control-Firmware_V2.dir/mnt/d/Electronics/pico/pico-sdk/src/rp2_common/pico_stdio_uart/stdio_uart.c.obj
 .rodata.__bi_28.4
                0x0000000010005b0c        0xc CMakeFiles/Monitor-Control-Firmware_V2.dir/mnt/d/Electronics/pico/pico-sdk/src/rp2_common/pico_stdio_uart/stdio_uart.c.obj
 .rodata.__bi_29.5
                0x0000000010005b18        0x8 CMakeFiles/Monitor-Control-Firmware_V2.dir/mnt/d/Electronics/pico/pico-sdk/src/rp2_common/pico_stdio_uart/stdio_uart.c.obj
                0x0000000010005b20                . = ALIGN (0x4)
 *(SORT_BY_ALIGNMENT(SORT_BY_NAME(.flashdata*)))
                0x0000000010005b20                . = ALIGN (0x4)

.rel.dyn        0x0000000010005b20        0x0
 .rel.iplt      0x0000000010005b20        0x0 /usr/lib/gcc/arm-none-eabi/10.3.1/thumb/v6-m/nofp/crtbegin.o

.ARM.extab
 *(.ARM.extab* .gnu.linkonce.armextab.*)
                0x0000000010005b20                __exidx_start = .

.ARM.exidx
 *(.ARM.exidx* .gnu.linkonce.armexidx.*)
                0x0000000010005b20                __exidx_end = .
                0x0000000010005b20                . = ALIGN (0x4)
                0x0000000010005b20                __binary_info_start = .

.binary_info    0x0000000010005b20       0x24
 *(.binary_info.keep.*)
 .binary_info.keep.__bi_ptr22
                0x0000000010005b20        0x4 CMakeFiles/Monitor-Control-Firmware_V2.dir/mnt/d/Electronics/pico/pico-sdk/src/rp2_common/pico_standard_link/binary_info.c.obj
 .binary_info.keep.__bi_ptr30
                0x0000000010005b24        0x4 CMakeFiles/Monitor-Control-Firmware_V2.dir/mnt/d/Electronics/pico/pico-sdk/src/rp2_common/pico_standard_link/binary_info.c.obj
 .binary_info.keep.__bi_ptr38
                0x0000000010005b28        0x4 CMakeFiles/Monitor-Control-Firmware_V2.dir/mnt/d/Electronics/pico/pico-sdk/src/rp2_common/pico_standard_link/binary_info.c.obj
 .binary_info.keep.__bi_ptr44
                0x0000000010005b2c        0x4 CMakeFiles/Monitor-Control-Firmware_V2.dir/mnt/d/Electronics/pico/pico-sdk/src/rp2_common/pico_standard_link/binary_info.c.obj
 .binary_info.keep.__bi_ptr50
                0x0000000010005b30        0x4 CMakeFiles/Monitor-Control-Firmware_V2.dir/mnt/d/Electronics/pico/pico-sdk/src/rp2_common/pico_standard_link/binary_info.c.obj
 .binary_info.keep.__bi_ptr75
                0x0000000010005b34        0x4 CMakeFiles/Monitor-Control-Firmware_V2.dir/mnt/d/Electronics/pico/pico-sdk/src/rp2_common/pico_standard_link/binary_info.c.obj
 .binary_info.keep.__bi_ptr81
                0x0000000010005b38        0x4 CMakeFiles/Monitor-Control-Firmware_V2.dir/mnt/d/Electronics/pico/pico-sdk/src/rp2_common/pico_standard_link/binary_info.c.obj
 *(.binary_info.*)
 .binary_info.__bi_ptr28
                0x0000000010005b3c        0x4 CMakeFiles/Monitor-Control-Firmware_V2.dir/mnt/d/Electronics/pico/pico-sdk/src/rp2_common/pico_stdio_uart/stdio_uart.c.obj
 .binary_info.__bi_ptr29
                0x0000000010005b40        0x4 CMakeFiles/Monitor-Control-Firmware_V2.dir/mnt/d/Electronics/pico/pico-sdk/src/rp2_common/pico_stdio_uart/stdio_uart.c.obj
                0x0000000010005b44                __binary_info_end = .
                0x0000000010005b44                . = ALIGN (0x4)
                0x0000000010005b44                __etext = .

.ram_vector_table
                0x0000000020000000       0xc0
 *(.ram_vector_table)
 .ram_vector_table
                0x0000000020000000       0xc0 CMakeFiles/Monitor-Control-Firmware_V2.dir/mnt/d/Electronics/pico/pico-sdk/src/rp2_common/pico_runtime/runtime.c.obj
                0x0000000020000000                ram_vector_table

.data           0x00000000200000c0      0xa24 load address 0x0000000010005b44
                0x00000000200000c0                __data_start__ = .
 *(vtable)
 *(.time_critical*)
 .time_critical.mutex_enter_blocking
                0x00000000200000c0       0x48 CMakeFiles/Monitor-Control-Firmware_V2.dir/mnt/d/Electronics/pico/pico-sdk/src/common/pico_sync/mutex.c.obj
                0x00000000200000c0                mutex_enter_blocking
 .time_critical.mutex_try_enter
                0x0000000020000108       0x44 CMakeFiles/Monitor-Control-Firmware_V2.dir/mnt/d/Electronics/pico/pico-sdk/src/common/pico_sync/mutex.c.obj
                0x0000000020000108                mutex_try_enter
 .time_critical.mutex_exit
                0x000000002000014c       0x28 CMakeFiles/Monitor-Control-Firmware_V2.dir/mnt/d/Electronics/pico/pico-sdk/src/common/pico_sync/mutex.c.obj
                0x000000002000014c                mutex_exit
 .time_critical.spi_write16_blocking
                0x0000000020000174       0x50 CMakeFiles/Monitor-Control-Firmware_V2.dir/mnt/d/Electronics/pico/pico-sdk/src/rp2_common/hardware_spi/spi.c.obj
                0x0000000020000174                spi_write16_blocking
 *(.text*)
 .text          0x00000000200001c4        0x4 /usr/lib/gcc/arm-none-eabi/10.3.1/thumb/v6-m/nofp/libgcc.a(_dvmd_tls.o)
                0x00000000200001c4                __aeabi_ldiv0
                0x00000000200001c4                __aeabi_idiv0
                0x00000000200001c8                . = ALIGN (0x4)
 *(.rodata*)
                0x00000000200001c8                . = ALIGN (0x4)
 *(.data*)
 .data.striped_spin_lock_num
                0x00000000200001c8        0x1 CMakeFiles/Monitor-Control-Firmware_V2.dir/mnt/d/Electronics/pico/pico-sdk/src/rp2_common/hardware_sync/sync.c.obj
 *fill*         0x00000000200001c9        0x3 
 .data          0x00000000200001cc       0x48 CMakeFiles/Monitor-Control-Firmware_V2.dir/mnt/d/Electronics/pico/pico-sdk/src/rp2_common/hardware_irq/irq_handler_chain.S.obj
                0x00000000200001cc                irq_handler_chain_slots
                0x00000000200001fc                irq_handler_chain_first_slot
                0x0000000020000206                irq_handler_chain_remove_tail
 .data.default_alarm_pool
                0x0000000020000214       0x18 CMakeFiles/Monitor-Control-Firmware_V2.dir/mnt/d/Electronics/pico/pico-sdk/src/common/pico_time/time.c.obj
 .data.default_alarm_pool_heap
                0x000000002000022c       0x10 CMakeFiles/Monitor-Control-Firmware_V2.dir/mnt/d/Electronics/pico/pico-sdk/src/common/pico_time/time.c.obj
 *fill*         0x000000002000023c        0x4 
 .data.aeabi_bits_funcs
                0x0000000020000240       0x10 CMakeFiles/Monitor-Control-Firmware_V2.dir/mnt/d/Electronics/pico/pico-sdk/src/rp2_common/pico_bit_ops/bit_ops_aeabi.S.obj
                0x0000000020000240                aeabi_bits_funcs
                0x0000000020000250                aeabi_bits_funcs_end
 .data.aeabi_mem_funcs
                0x0000000020000250       0x10 CMakeFiles/Monitor-Control-Firmware_V2.dir/mnt/d/Electronics/pico/pico-sdk/src/rp2_common/pico_mem_ops/mem_ops_aeabi.S.obj
                0x0000000020000250                aeabi_mem_funcs
                0x0000000020000260                aeabi_mem_funcs_end
 .data.stdio_uart
                0x0000000020000260       0x14 CMakeFiles/Monitor-Control-Firmware_V2.dir/mnt/d/Electronics/pico/pico-sdk/src/rp2_common/pico_stdio_uart/stdio_uart.c.obj
                0x0000000020000260                stdio_uart
 .data.i2c0_inst
                0x0000000020000274        0x8 CMakeFiles/Monitor-Control-Firmware_V2.dir/mnt/d/Electronics/pico/pico-sdk/src/rp2_common/hardware_i2c/i2c.c.obj
                0x0000000020000274                i2c0_inst
 .data.i2c1_inst
                0x000000002000027c        0x8 CMakeFiles/Monitor-Control-Firmware_V2.dir/mnt/d/Electronics/pico/pico-sdk/src/rp2_common/hardware_i2c/i2c.c.obj
                0x000000002000027c                i2c1_inst
 *fill*         0x0000000020000284        0x4 
 .data          0x0000000020000288      0x430 /usr/lib/gcc/arm-none-eabi/10.3.1/../../../arm-none-eabi/lib/thumb/v6-m/nofp/libc.a(lib_a-impure.o)
                0x0000000020000288                _impure_ptr
 .data          0x00000000200006b8      0x410 /usr/lib/gcc/arm-none-eabi/10.3.1/../../../arm-none-eabi/lib/thumb/v6-m/nofp/libc.a(lib_a-mallocr.o)
                0x00000000200006b8                __malloc_sbrk_base
                0x00000000200006bc                __malloc_trim_threshold
                0x00000000200006c0                __malloc_av_
                0x0000000020000ac8                . = ALIGN (0x4)
 *(.after_data.*)
                0x0000000020000ac8                . = ALIGN (0x4)
                0x0000000020000ac8                PROVIDE (__mutex_array_start = .)
 *(SORT_BY_NAME(.mutex_array.*))
 *(.mutex_array)
 .mutex_array   0x0000000020000ac8        0x8 CMakeFiles/Monitor-Control-Firmware_V2.dir/mnt/d/Electronics/pico/pico-sdk/src/rp2_common/pico_stdio/stdio.c.obj
                0x0000000020000ad0                PROVIDE (__mutex_array_end = .)
                0x0000000020000ad0                . = ALIGN (0x4)
                0x0000000020000ad0                PROVIDE (__preinit_array_start = .)
 *(SORT_BY_NAME(.preinit_array.*))
 .preinit_array.00001
                0x0000000020000ad0        0x4 CMakeFiles/Monitor-Control-Firmware_V2.dir/mnt/d/Electronics/pico/pico-sdk/src/rp2_common/pico_mem_ops/mem_ops_aeabi.S.obj
 .preinit_array.00010
                0x0000000020000ad4        0x4 CMakeFiles/Monitor-Control-Firmware_V2.dir/mnt/d/Electronics/pico/pico-sdk/src/rp2_common/pico_bit_ops/bit_ops_aeabi.S.obj
 .preinit_array.00020
                0x0000000020000ad8        0x4 CMakeFiles/Monitor-Control-Firmware_V2.dir/mnt/d/Electronics/pico/pico-sdk/src/rp2_common/pico_double/double_aeabi.S.obj
 .preinit_array.00020
                0x0000000020000adc        0x4 CMakeFiles/Monitor-Control-Firmware_V2.dir/mnt/d/Electronics/pico/pico-sdk/src/rp2_common/pico_float/float_aeabi.S.obj
 *(.preinit_array)
                0x0000000020000ae0                PROVIDE (__preinit_array_end = .)
                0x0000000020000ae0                . = ALIGN (0x4)
                0x0000000020000ae0                PROVIDE (__init_array_start = .)
 *(SORT_BY_NAME(.init_array.*))
 *(.init_array)
 .init_array    0x0000000020000ae0        0x4 /usr/lib/gcc/arm-none-eabi/10.3.1/thumb/v6-m/nofp/crtbegin.o
                0x0000000020000ae4                PROVIDE (__init_array_end = .)
                0x0000000020000ae4                . = ALIGN (0x4)
                0x0000000020000ae4                PROVIDE (__fini_array_start = .)
 *(SORT_BY_NAME(.fini_array.*))
 *(.fini_array)
                0x0000000020000ae4                PROVIDE (__fini_array_end = .)
 *(.jcr)
                0x0000000020000ae4                . = ALIGN (0x4)
                0x0000000020000ae4                __data_end__ = .

.tm_clone_table
                0x0000000020000ae4        0x0 load address 0x0000000010006568
 .tm_clone_table
                0x0000000020000ae4        0x0 /usr/lib/gcc/arm-none-eabi/10.3.1/thumb/v6-m/nofp/crtbegin.o
 .tm_clone_table
                0x0000000020000ae4        0x0 /usr/lib/gcc/arm-none-eabi/10.3.1/thumb/v6-m/nofp/crtend.o

.igot.plt       0x0000000020000ae4        0x0 load address 0x0000000010006568
 .igot.plt      0x0000000020000ae4        0x0 /usr/lib/gcc/arm-none-eabi/10.3.1/thumb/v6-m/nofp/crtbegin.o

.uninitialized_data
                0x0000000020000ae4        0x0 load address 0x0000000010006568
                0x0000000020000ae4                . = ALIGN (0x4)
 *(.uninitialized_data*)

.scratch_x      0x0000000020040000        0x0 load address 0x0000000010006568
                0x0000000020040000                __scratch_x_start__ = .
 *(.scratch_x.*)
                0x0000000020040000                . = ALIGN (0x4)
                0x0000000020040000                __scratch_x_end__ = .
                0x0000000010006568                __scratch_x_source__ = LOADADDR (.scratch_x)

.scratch_y      0x0000000020041000        0x0 load address 0x0000000010006568
                0x0000000020041000                __scratch_y_start__ = .
 *(.scratch_y.*)
                0x0000000020041000                . = ALIGN (0x4)
                0x0000000020041000                __scratch_y_end__ = .
                0x0000000010006568                __scratch_y_source__ = LOADADDR (.scratch_y)

.bss            0x0000000020000ae8      0x410
                0x0000000020000ae8                . = ALIGN (0x4)
                0x0000000020000ae8                __bss_start__ = .
 *(SORT_BY_ALIGNMENT(SORT_BY_NAME(.bss*)))
 .bss.default_alarm_pool_entries
                0x0000000020000ae8      0x100 CMakeFiles/Monitor-Control-Firmware_V2.dir/mnt/d/Electronics/pico/pico-sdk/src/common/pico_time/time.c.obj
 .bss.sd_table  0x0000000020000be8      0x100 CMakeFiles/Monitor-Control-Firmware_V2.dir/mnt/d/Electronics/pico/pico-sdk/src/rp2_common/pico_double/double_init_rom.c.obj
                0x0000000020000be8                sd_table
 .bss.sf_table  0x0000000020000ce8      0x100 CMakeFiles/Monitor-Control-Firmware_V2.dir/mnt/d/Electronics/pico/pico-sdk/src/rp2_common/pico_float/float_init_rom.c.obj
                0x0000000020000ce8                sf_table
 .bss           0x0000000020000de8       0x1c /usr/lib/gcc/arm-none-eabi/10.3.1/thumb/v6-m/nofp/crtbegin.o
 .bss           0x0000000020000e04       0x34 /usr/lib/gcc/arm-none-eabi/10.3.1/../../../arm-none-eabi/lib/thumb/v6-m/nofp/libc.a(lib_a-mallocr.o)
                0x0000000020000e04                __malloc_top_pad
                0x0000000020000e08                __malloc_current_mallinfo
                0x0000000020000e30                __malloc_max_sbrked_mem
                0x0000000020000e34                __malloc_max_total_mem
 .bss           0x0000000020000e38        0x4 /usr/lib/gcc/arm-none-eabi/10.3.1/../../../arm-none-eabi/lib/thumb/v6-m/nofp/libc.a(lib_a-reent.o)
                0x0000000020000e38                errno
 .bss.alarm_callbacks
                0x0000000020000e3c       0x10 CMakeFiles/Monitor-Control-Firmware_V2.dir/mnt/d/Electronics/pico/pico-sdk/src/rp2_common/hardware_timer/timer.c.obj
 .bss.configured_freq
                0x0000000020000e4c       0x28 CMakeFiles/Monitor-Control-Firmware_V2.dir/mnt/d/Electronics/pico/pico-sdk/src/rp2_common/hardware_clocks/clocks.c.obj
 .bss.default_alarm_pool_entry_ids_high
                0x0000000020000e74       0x10 CMakeFiles/Monitor-Control-Firmware_V2.dir/mnt/d/Electronics/pico/pico-sdk/src/common/pico_time/time.c.obj
 .bss.default_alarm_pool_heap_nodes
                0x0000000020000e84       0x30 CMakeFiles/Monitor-Control-Firmware_V2.dir/mnt/d/Electronics/pico/pico-sdk/src/common/pico_time/time.c.obj
 .bss.drivers   0x0000000020000eb4        0x4 CMakeFiles/Monitor-Control-Firmware_V2.dir/mnt/d/Electronics/pico/pico-sdk/src/rp2_common/pico_stdio/stdio.c.obj
 .bss.filter    0x0000000020000eb8        0x4 CMakeFiles/Monitor-Control-Firmware_V2.dir/mnt/d/Electronics/pico/pico-sdk/src/rp2_common/pico_stdio/stdio.c.obj
 .bss.heap_end.0
                0x0000000020000ebc        0x4 CMakeFiles/Monitor-Control-Firmware_V2.dir/mnt/d/Electronics/pico/pico-sdk/src/rp2_common/pico_runtime/runtime.c.obj
 .bss.lazy_vsnprintf
                0x0000000020000ec0        0x4 CMakeFiles/Monitor-Control-Firmware_V2.dir/mnt/d/Electronics/pico/pico-sdk/src/rp2_common/pico_printf/printf.c.obj
 .bss.pools     0x0000000020000ec4       0x10 CMakeFiles/Monitor-Control-Firmware_V2.dir/mnt/d/Electronics/pico/pico-sdk/src/common/pico_time/time.c.obj
 .bss.sf_clz_func
                0x0000000020000ed4        0x4 CMakeFiles/Monitor-Control-Firmware_V2.dir/mnt/d/Electronics/pico/pico-sdk/src/rp2_common/pico_double/double_init_rom.c.obj
                0x0000000020000ed4                sf_clz_func
 .bss.sleep_notifier
                0x0000000020000ed8        0x4 CMakeFiles/Monitor-Control-Firmware_V2.dir/mnt/d/Electronics/pico/pico-sdk/src/common/pico_time/time.c.obj
 .bss.target_hi
                0x0000000020000edc       0x10 CMakeFiles/Monitor-Control-Firmware_V2.dir/mnt/d/Electronics/pico/pico-sdk/src/rp2_common/hardware_timer/timer.c.obj
 .bss.uart_char_to_line_feed
                0x0000000020000eec        0x4 CMakeFiles/Monitor-Control-Firmware_V2.dir/mnt/d/Electronics/pico/pico-sdk/src/rp2_common/hardware_uart/uart.c.obj
                0x0000000020000eec                uart_char_to_line_feed
 .bss.uart_instance
                0x0000000020000ef0        0x4 CMakeFiles/Monitor-Control-Firmware_V2.dir/mnt/d/Electronics/pico/pico-sdk/src/rp2_common/pico_stdio_uart/stdio_uart.c.obj
 .bss.claimed   0x0000000020000ef4        0x1 CMakeFiles/Monitor-Control-Firmware_V2.dir/mnt/d/Electronics/pico/pico-sdk/src/rp2_common/hardware_timer/timer.c.obj
 .bss.irq_hander_chain_free_slot_head
                0x0000000020000ef5        0x1 CMakeFiles/Monitor-Control-Firmware_V2.dir/mnt/d/Electronics/pico/pico-sdk/src/rp2_common/hardware_irq/irq.c.obj
 .bss.timer_callbacks_pending
                0x0000000020000ef6        0x1 CMakeFiles/Monitor-Control-Firmware_V2.dir/mnt/d/Electronics/pico/pico-sdk/src/rp2_common/hardware_timer/timer.c.obj
 *(COMMON)
                0x0000000020000ef8                . = ALIGN (0x4)
 *fill*         0x0000000020000ef7        0x1 
                0x0000000020000ef8                __bss_end__ = .

.heap           0x0000000020000ef8      0x800
                0x0000000020000ef8                __end__ = .
                0x0000000020000ef8                end = __end__
 *(.heap*)
 .heap          0x0000000020000ef8      0x800 CMakeFiles/Monitor-Control-Firmware_V2.dir/mnt/d/Electronics/pico/pico-sdk/src/rp2_common/pico_standard_link/crt0.S.obj
                0x00000000200016f8                __HeapLimit = .

.stack1_dummy   0x0000000020040000        0x0
 *(.stack1*)

.stack_dummy    0x0000000020041000      0x800
 *(.stack*)
 .stack         0x0000000020041000      0x800 CMakeFiles/Monitor-Control-Firmware_V2.dir/mnt/d/Electronics/pico/pico-sdk/src/rp2_common/pico_standard_link/crt0.S.obj

.flash_end      0x0000000010006568        0x0
                0x0000000010006568                __flash_binary_end = .
                0x0000000020040000                __StackLimit = (ORIGIN (RAM) + LENGTH (RAM))
                0x0000000020041000                __StackOneTop = (ORIGIN (SCRATCH_X) + LENGTH (SCRATCH_X))
                0x0000000020042000                __StackTop = (ORIGIN (SCRATCH_Y) + LENGTH (SCRATCH_Y))
                0x0000000020041000                __StackOneBottom = (__StackOneTop - SIZEOF (.stack1_dummy))
                0x0000000020041800                __StackBottom = (__StackTop - SIZEOF (.stack_dummy))
                0x0000000020042000                PROVIDE (__stack = __StackTop)
                0x0000000000000001                ASSERT ((__StackLimit >= __HeapLimit), region RAM overflowed)
                0x0000000000000001                ASSERT (((__binary_info_header_end - __logical_binary_start) <= 0x100), Binary info must be in first 256 bytes of the binary)
LOAD CMakeFiles/Monitor-Control-Firmware_V2.dir/monitorcontrol.c.obj
LOAD CMakeFiles/Monitor-Control-Firmware_V2.dir/PGA2310/PGA2310.c.obj
LOAD CMakeFiles/Monitor-Control-Firmware_V2.dir/VUmeter/VUmeter.c.obj
LOAD CMakeFiles/Monitor-Control-Firmware_V2.dir/VUmeter/display.c.obj
LOAD CMakeFiles/Monitor-Control-Firmware_V2.dir/VUmeter/ssd1306.c.obj
LOAD CMakeFiles/Monitor-Control-Firmware_V2.dir/mnt/d/Electronics/pico/pico-sdk/src/rp2_common/pico_stdlib/stdlib.c.obj
LOAD CMakeFiles/Monitor-Control-Firmware_V2.dir/mnt/d/Electronics/pico/pico-sdk/src/rp2_common/hardware_gpio/gpio.c.obj
LOAD CMakeFiles/Monitor-Control-Firmware_V2.dir/mnt/d/Electronics/pico/pico-sdk/src/rp2_common/hardware_claim/claim.c.obj
LOAD CMakeFiles/Monitor-Control-Firmware_V2.dir/mnt/d/Electronics/pico/pico-sdk/src/rp2_common/pico_platform/platform.c.obj
LOAD CMakeFiles/Monitor-Control-Firmware_V2.dir/mnt/d/Electronics/pico/pico-sdk/src/rp2_common/hardware_sync/sync.c.obj
LOAD CMakeFiles/Monitor-Control-Firmware_V2.dir/mnt/d/Electronics/pico/pico-sdk/src/rp2_common/hardware_irq/irq.c.obj
LOAD CMakeFiles/Monitor-Control-Firmware_V2.dir/mnt/d/Electronics/pico/pico-sdk/src/rp2_common/hardware_irq/irq_handler_chain.S.obj
LOAD CMakeFiles/Monitor-Control-Firmware_V2.dir/mnt/d/Electronics/pico/pico-sdk/src/common/pico_sync/sem.c.obj
LOAD CMakeFiles/Monitor-Control-Firmware_V2.dir/mnt/d/Electronics/pico/pico-sdk/src/common/pico_sync/lock_core.c.obj
LOAD CMakeFiles/Monitor-Control-Firmware_V2.dir/mnt/d/Electronics/pico/pico-sdk/src/common/pico_time/time.c.obj
LOAD CMakeFiles/Monitor-Control-Firmware_V2.dir/mnt/d/Electronics/pico/pico-sdk/src/common/pico_time/timeout_helper.c.obj
LOAD CMakeFiles/Monitor-Control-Firmware_V2.dir/mnt/d/Electronics/pico/pico-sdk/src/rp2_common/hardware_timer/timer.c.obj
LOAD CMakeFiles/Monitor-Control-Firmware_V2.dir/mnt/d/Electronics/pico/pico-sdk/src/common/pico_util/datetime.c.obj
LOAD CMakeFiles/Monitor-Control-Firmware_V2.dir/mnt/d/Electronics/pico/pico-sdk/src/common/pico_util/pheap.c.obj
LOAD CMakeFiles/Monitor-Control-Firmware_V2.dir/mnt/d/Electronics/pico/pico-sdk/src/common/pico_util/queue.c.obj
LOAD CMakeFiles/Monitor-Control-Firmware_V2.dir/mnt/d/Electronics/pico/pico-sdk/src/common/pico_sync/mutex.c.obj
LOAD CMakeFiles/Monitor-Control-Firmware_V2.dir/mnt/d/Electronics/pico/pico-sdk/src/common/pico_sync/critical_section.c.obj
LOAD CMakeFiles/Monitor-Control-Firmware_V2.dir/mnt/d/Electronics/pico/pico-sdk/src/rp2_common/hardware_uart/uart.c.obj
LOAD CMakeFiles/Monitor-Control-Firmware_V2.dir/mnt/d/Electronics/pico/pico-sdk/src/rp2_common/hardware_divider/divider.S.obj
LOAD CMakeFiles/Monitor-Control-Firmware_V2.dir/mnt/d/Electronics/pico/pico-sdk/src/rp2_common/pico_runtime/runtime.c.obj
LOAD CMakeFiles/Monitor-Control-Firmware_V2.dir/mnt/d/Electronics/pico/pico-sdk/src/rp2_common/hardware_clocks/clocks.c.obj
LOAD CMakeFiles/Monitor-Control-Firmware_V2.dir/mnt/d/Electronics/pico/pico-sdk/src/rp2_common/hardware_pll/pll.c.obj
LOAD CMakeFiles/Monitor-Control-Firmware_V2.dir/mnt/d/Electronics/pico/pico-sdk/src/rp2_common/hardware_vreg/vreg.c.obj
LOAD CMakeFiles/Monitor-Control-Firmware_V2.dir/mnt/d/Electronics/pico/pico-sdk/src/rp2_common/hardware_watchdog/watchdog.c.obj
LOAD CMakeFiles/Monitor-Control-Firmware_V2.dir/mnt/d/Electronics/pico/pico-sdk/src/rp2_common/hardware_xosc/xosc.c.obj
LOAD CMakeFiles/Monitor-Control-Firmware_V2.dir/mnt/d/Electronics/pico/pico-sdk/src/rp2_common/pico_printf/printf.c.obj
LOAD CMakeFiles/Monitor-Control-Firmware_V2.dir/mnt/d/Electronics/pico/pico-sdk/src/rp2_common/pico_bit_ops/bit_ops_aeabi.S.obj
LOAD CMakeFiles/Monitor-Control-Firmware_V2.dir/mnt/d/Electronics/pico/pico-sdk/src/rp2_common/pico_bootrom/bootrom.c.obj
LOAD CMakeFiles/Monitor-Control-Firmware_V2.dir/mnt/d/Electronics/pico/pico-sdk/src/rp2_common/pico_divider/divider.S.obj
LOAD CMakeFiles/Monitor-Control-Firmware_V2.dir/mnt/d/Electronics/pico/pico-sdk/src/rp2_common/pico_double/double_aeabi.S.obj
LOAD CMakeFiles/Monitor-Control-Firmware_V2.dir/mnt/d/Electronics/pico/pico-sdk/src/rp2_common/pico_double/double_init_rom.c.obj
LOAD CMakeFiles/Monitor-Control-Firmware_V2.dir/mnt/d/Electronics/pico/pico-sdk/src/rp2_common/pico_double/double_math.c.obj
LOAD CMakeFiles/Monitor-Control-Firmware_V2.dir/mnt/d/Electronics/pico/pico-sdk/src/rp2_common/pico_double/double_v1_rom_shim.S.obj
LOAD CMakeFiles/Monitor-Control-Firmware_V2.dir/mnt/d/Electronics/pico/pico-sdk/src/rp2_common/pico_int64_ops/pico_int64_ops_aeabi.S.obj
LOAD CMakeFiles/Monitor-Control-Firmware_V2.dir/mnt/d/Electronics/pico/pico-sdk/src/rp2_common/pico_float/float_aeabi.S.obj
LOAD CMakeFiles/Monitor-Control-Firmware_V2.dir/mnt/d/Electronics/pico/pico-sdk/src/rp2_common/pico_float/float_init_rom.c.obj
LOAD CMakeFiles/Monitor-Control-Firmware_V2.dir/mnt/d/Electronics/pico/pico-sdk/src/rp2_common/pico_float/float_math.c.obj
LOAD CMakeFiles/Monitor-Control-Firmware_V2.dir/mnt/d/Electronics/pico/pico-sdk/src/rp2_common/pico_float/float_v1_rom_shim.S.obj
LOAD CMakeFiles/Monitor-Control-Firmware_V2.dir/mnt/d/Electronics/pico/pico-sdk/src/rp2_common/pico_malloc/pico_malloc.c.obj
LOAD CMakeFiles/Monitor-Control-Firmware_V2.dir/mnt/d/Electronics/pico/pico-sdk/src/rp2_common/pico_mem_ops/mem_ops_aeabi.S.obj
LOAD CMakeFiles/Monitor-Control-Firmware_V2.dir/mnt/d/Electronics/pico/pico-sdk/src/rp2_common/pico_standard_link/crt0.S.obj
LOAD CMakeFiles/Monitor-Control-Firmware_V2.dir/mnt/d/Electronics/pico/pico-sdk/src/rp2_common/pico_standard_link/new_delete.cpp.obj
LOAD CMakeFiles/Monitor-Control-Firmware_V2.dir/mnt/d/Electronics/pico/pico-sdk/src/rp2_common/pico_standard_link/binary_info.c.obj
LOAD CMakeFiles/Monitor-Control-Firmware_V2.dir/mnt/d/Electronics/pico/pico-sdk/src/rp2_common/pico_stdio/stdio.c.obj
LOAD CMakeFiles/Monitor-Control-Firmware_V2.dir/mnt/d/Electronics/pico/pico-sdk/src/rp2_common/pico_stdio_uart/stdio_uart.c.obj
LOAD CMakeFiles/Monitor-Control-Firmware_V2.dir/mnt/d/Electronics/pico/pico-sdk/src/rp2_common/hardware_spi/spi.c.obj
LOAD CMakeFiles/Monitor-Control-Firmware_V2.dir/mnt/d/Electronics/pico/pico-sdk/src/rp2_common/hardware_i2c/i2c.c.obj
LOAD CMakeFiles/Monitor-Control-Firmware_V2.dir/mnt/d/Electronics/pico/pico-sdk/src/rp2_common/hardware_adc/adc.c.obj
LOAD /tmp/cciy8jp9.o
LOAD /usr/lib/gcc/arm-none-eabi/10.3.1/../../../arm-none-eabi/lib/thumb/v6-m/nofp/libstdc++.a
LOAD /usr/lib/gcc/arm-none-eabi/10.3.1/../../../arm-none-eabi/lib/thumb/v6-m/nofp/libm.a
START GROUP
LOAD /usr/lib/gcc/arm-none-eabi/10.3.1/thumb/v6-m/nofp/libgcc.a
LOAD /usr/lib/gcc/arm-none-eabi/10.3.1/../../../arm-none-eabi/lib/thumb/v6-m/nofp/libc.a
END GROUP
START GROUP
LOAD /usr/lib/gcc/arm-none-eabi/10.3.1/thumb/v6-m/nofp/libgcc.a
LOAD /usr/lib/gcc/arm-none-eabi/10.3.1/../../../arm-none-eabi/lib/thumb/v6-m/nofp/libc.a
LOAD /usr/lib/gcc/arm-none-eabi/10.3.1/../../../arm-none-eabi/lib/thumb/v6-m/nofp/libnosys.a
END GROUP
LOAD /usr/lib/gcc/arm-none-eabi/10.3.1/thumb/v6-m/nofp/crtend.o
LOAD /usr/lib/gcc/arm-none-eabi/10.3.1/thumb/v6-m/nofp/crtn.o
OUTPUT(Monitor-Control-Firmware_V2.elf elf32-littlearm)
LOAD linker stubs

.ARM.attributes
                0x0000000000000000       0x28
 .ARM.attributes
                0x0000000000000000       0x1e /usr/lib/gcc/arm-none-eabi/10.3.1/thumb/v6-m/nofp/crti.o
 .ARM.attributes
                0x000000000000001e       0x2c /usr/lib/gcc/arm-none-eabi/10.3.1/thumb/v6-m/nofp/crtbegin.o
 .ARM.attributes
                0x000000000000004a       0x2c CMakeFiles/Monitor-Control-Firmware_V2.dir/monitorcontrol.c.obj
 .ARM.attributes
                0x0000000000000076       0x2c CMakeFiles/Monitor-Control-Firmware_V2.dir/PGA2310/PGA2310.c.obj
 .ARM.attributes
                0x00000000000000a2       0x2c CMakeFiles/Monitor-Control-Firmware_V2.dir/VUmeter/VUmeter.c.obj
 .ARM.attributes
                0x00000000000000ce       0x2c CMakeFiles/Monitor-Control-Firmware_V2.dir/VUmeter/display.c.obj
 .ARM.attributes
                0x00000000000000fa       0x2c CMakeFiles/Monitor-Control-Firmware_V2.dir/VUmeter/ssd1306.c.obj
 .ARM.attributes
                0x0000000000000126       0x2c CMakeFiles/Monitor-Control-Firmware_V2.dir/mnt/d/Electronics/pico/pico-sdk/src/rp2_common/hardware_gpio/gpio.c.obj
 .ARM.attributes
                0x0000000000000152       0x2c CMakeFiles/Monitor-Control-Firmware_V2.dir/mnt/d/Electronics/pico/pico-sdk/src/rp2_common/hardware_claim/claim.c.obj
 .ARM.attributes
                0x000000000000017e       0x2c CMakeFiles/Monitor-Control-Firmware_V2.dir/mnt/d/Electronics/pico/pico-sdk/src/rp2_common/pico_platform/platform.c.obj
 .ARM.attributes
                0x00000000000001aa       0x2c CMakeFiles/Monitor-Control-Firmware_V2.dir/mnt/d/Electronics/pico/pico-sdk/src/rp2_common/hardware_sync/sync.c.obj
 .ARM.attributes
                0x00000000000001d6       0x2c CMakeFiles/Monitor-Control-Firmware_V2.dir/mnt/d/Electronics/pico/pico-sdk/src/rp2_common/hardware_irq/irq.c.obj
 .ARM.attributes
                0x0000000000000202       0x22 CMakeFiles/Monitor-Control-Firmware_V2.dir/mnt/d/Electronics/pico/pico-sdk/src/rp2_common/hardware_irq/irq_handler_chain.S.obj
 .ARM.attributes
                0x0000000000000224       0x2c CMakeFiles/Monitor-Control-Firmware_V2.dir/mnt/d/Electronics/pico/pico-sdk/src/common/pico_sync/lock_core.c.obj
 .ARM.attributes
                0x0000000000000250       0x2c CMakeFiles/Monitor-Control-Firmware_V2.dir/mnt/d/Electronics/pico/pico-sdk/src/common/pico_time/time.c.obj
 .ARM.attributes
                0x000000000000027c       0x2c CMakeFiles/Monitor-Control-Firmware_V2.dir/mnt/d/Electronics/pico/pico-sdk/src/rp2_common/hardware_timer/timer.c.obj
 .ARM.attributes
                0x00000000000002a8       0x2c CMakeFiles/Monitor-Control-Firmware_V2.dir/mnt/d/Electronics/pico/pico-sdk/src/common/pico_util/pheap.c.obj
 .ARM.attributes
                0x00000000000002d4       0x2c CMakeFiles/Monitor-Control-Firmware_V2.dir/mnt/d/Electronics/pico/pico-sdk/src/common/pico_sync/mutex.c.obj
 .ARM.attributes
                0x0000000000000300       0x2c CMakeFiles/Monitor-Control-Firmware_V2.dir/mnt/d/Electronics/pico/pico-sdk/src/rp2_common/hardware_uart/uart.c.obj
 .ARM.attributes
                0x000000000000032c       0x2c CMakeFiles/Monitor-Control-Firmware_V2.dir/mnt/d/Electronics/pico/pico-sdk/src/rp2_common/pico_runtime/runtime.c.obj
 .ARM.attributes
                0x0000000000000358       0x2c CMakeFiles/Monitor-Control-Firmware_V2.dir/mnt/d/Electronics/pico/pico-sdk/src/rp2_common/hardware_clocks/clocks.c.obj
 .ARM.attributes
                0x0000000000000384       0x2c CMakeFiles/Monitor-Control-Firmware_V2.dir/mnt/d/Electronics/pico/pico-sdk/src/rp2_common/hardware_pll/pll.c.obj
 .ARM.attributes
                0x00000000000003b0       0x2c CMakeFiles/Monitor-Control-Firmware_V2.dir/mnt/d/Electronics/pico/pico-sdk/src/rp2_common/hardware_watchdog/watchdog.c.obj
 .ARM.attributes
                0x00000000000003dc       0x2c CMakeFiles/Monitor-Control-Firmware_V2.dir/mnt/d/Electronics/pico/pico-sdk/src/rp2_common/hardware_xosc/xosc.c.obj
 .ARM.attributes
                0x0000000000000408       0x2c CMakeFiles/Monitor-Control-Firmware_V2.dir/mnt/d/Electronics/pico/pico-sdk/src/rp2_common/pico_printf/printf.c.obj
 .ARM.attributes
                0x0000000000000434       0x22 CMakeFiles/Monitor-Control-Firmware_V2.dir/mnt/d/Electronics/pico/pico-sdk/src/rp2_common/pico_bit_ops/bit_ops_aeabi.S.obj
 .ARM.attributes
                0x0000000000000456       0x2c CMakeFiles/Monitor-Control-Firmware_V2.dir/mnt/d/Electronics/pico/pico-sdk/src/rp2_common/pico_bootrom/bootrom.c.obj
 .ARM.attributes
                0x0000000000000482       0x22 CMakeFiles/Monitor-Control-Firmware_V2.dir/mnt/d/Electronics/pico/pico-sdk/src/rp2_common/pico_divider/divider.S.obj
 .ARM.attributes
                0x00000000000004a4       0x22 CMakeFiles/Monitor-Control-Firmware_V2.dir/mnt/d/Electronics/pico/pico-sdk/src/rp2_common/pico_double/double_aeabi.S.obj
 .ARM.attributes
                0x00000000000004c6       0x2c CMakeFiles/Monitor-Control-Firmware_V2.dir/mnt/d/Electronics/pico/pico-sdk/src/rp2_common/pico_double/double_init_rom.c.obj
 .ARM.attributes
                0x00000000000004f2       0x22 CMakeFiles/Monitor-Control-Firmware_V2.dir/mnt/d/Electronics/pico/pico-sdk/src/rp2_common/pico_double/double_v1_rom_shim.S.obj
 .ARM.attributes
                0x0000000000000514       0x22 CMakeFiles/Monitor-Control-Firmware_V2.dir/mnt/d/Electronics/pico/pico-sdk/src/rp2_common/pico_int64_ops/pico_int64_ops_aeabi.S.obj
 .ARM.attributes
                0x0000000000000536       0x22 CMakeFiles/Monitor-Control-Firmware_V2.dir/mnt/d/Electronics/pico/pico-sdk/src/rp2_common/pico_float/float_aeabi.S.obj
 .ARM.attributes
                0x0000000000000558       0x2c CMakeFiles/Monitor-Control-Firmware_V2.dir/mnt/d/Electronics/pico/pico-sdk/src/rp2_common/pico_float/float_init_rom.c.obj
 .ARM.attributes
                0x0000000000000584       0x22 CMakeFiles/Monitor-Control-Firmware_V2.dir/mnt/d/Electronics/pico/pico-sdk/src/rp2_common/pico_float/float_v1_rom_shim.S.obj
 .ARM.attributes
                0x00000000000005a6       0x2c CMakeFiles/Monitor-Control-Firmware_V2.dir/mnt/d/Electronics/pico/pico-sdk/src/rp2_common/pico_malloc/pico_malloc.c.obj
 .ARM.attributes
                0x00000000000005d2       0x22 CMakeFiles/Monitor-Control-Firmware_V2.dir/mnt/d/Electronics/pico/pico-sdk/src/rp2_common/pico_mem_ops/mem_ops_aeabi.S.obj
 .ARM.attributes
                0x00000000000005f4       0x22 CMakeFiles/Monitor-Control-Firmware_V2.dir/mnt/d/Electronics/pico/pico-sdk/src/rp2_common/pico_standard_link/crt0.S.obj
 .ARM.attributes
                0x0000000000000616       0x32 CMakeFiles/Monitor-Control-Firmware_V2.dir/mnt/d/Electronics/pico/pico-sdk/src/rp2_common/pico_standard_link/binary_info.c.obj
 .ARM.attributes
                0x0000000000000648       0x2c CMakeFiles/Monitor-Control-Firmware_V2.dir/mnt/d/Electronics/pico/pico-sdk/src/rp2_common/pico_stdio/stdio.c.obj
 .ARM.attributes
                0x0000000000000674       0x2c CMakeFiles/Monitor-Control-Firmware_V2.dir/mnt/d/Electronics/pico/pico-sdk/src/rp2_common/pico_stdio_uart/stdio_uart.c.obj
 .ARM.attributes
                0x00000000000006a0       0x2c CMakeFiles/Monitor-Control-Firmware_V2.dir/mnt/d/Electronics/pico/pico-sdk/src/rp2_common/hardware_spi/spi.c.obj
 .ARM.attributes
                0x00000000000006cc       0x2c CMakeFiles/Monitor-Control-Firmware_V2.dir/mnt/d/Electronics/pico/pico-sdk/src/rp2_common/hardware_i2c/i2c.c.obj
 .ARM.attributes
                0x00000000000006f8       0x2c CMakeFiles/Monitor-Control-Firmware_V2.dir/mnt/d/Electronics/pico/pico-sdk/src/rp2_common/hardware_adc/adc.c.obj
 .ARM.attributes
                0x0000000000000724       0x22 /tmp/cciy8jp9.o
 .ARM.attributes
                0x0000000000000746       0x1e /usr/lib/gcc/arm-none-eabi/10.3.1/thumb/v6-m/nofp/libgcc.a(_dvmd_tls.o)
 .ARM.attributes
                0x0000000000000764       0x2c /usr/lib/gcc/arm-none-eabi/10.3.1/../../../arm-none-eabi/lib/thumb/v6-m/nofp/libc.a(lib_a-impure.o)
 .ARM.attributes
                0x0000000000000790       0x2c /usr/lib/gcc/arm-none-eabi/10.3.1/../../../arm-none-eabi/lib/thumb/v6-m/nofp/libc.a(lib_a-malloc.o)
 .ARM.attributes
                0x00000000000007bc       0x2c /usr/lib/gcc/arm-none-eabi/10.3.1/../../../arm-none-eabi/lib/thumb/v6-m/nofp/libc.a(lib_a-mallocr.o)
 .ARM.attributes
                0x00000000000007e8       0x2c /usr/lib/gcc/arm-none-eabi/10.3.1/../../../arm-none-eabi/lib/thumb/v6-m/nofp/libc.a(lib_a-mlock.o)
 .ARM.attributes
                0x0000000000000814       0x2c /usr/lib/gcc/arm-none-eabi/10.3.1/../../../arm-none-eabi/lib/thumb/v6-m/nofp/libc.a(lib_a-sbrkr.o)
 .ARM.attributes
                0x0000000000000840       0x2c /usr/lib/gcc/arm-none-eabi/10.3.1/../../../arm-none-eabi/lib/thumb/v6-m/nofp/libc.a(lib_a-strlen-stub.o)
 .ARM.attributes
                0x000000000000086c       0x2c /usr/lib/gcc/arm-none-eabi/10.3.1/../../../arm-none-eabi/lib/thumb/v6-m/nofp/libc.a(lib_a-freer.o)
 .ARM.attributes
                0x0000000000000898       0x2c /usr/lib/gcc/arm-none-eabi/10.3.1/../../../arm-none-eabi/lib/thumb/v6-m/nofp/libc.a(lib_a-reent.o)
 .ARM.attributes
                0x00000000000008c4       0x2c /usr/lib/gcc/arm-none-eabi/10.3.1/thumb/v6-m/nofp/crtend.o

.comment        0x0000000000000000       0x33
 .comment       0x0000000000000000       0x33 /usr/lib/gcc/arm-none-eabi/10.3.1/thumb/v6-m/nofp/crtbegin.o
                                         0x34 (size before relaxing)
 .comment       0x0000000000000033       0x34 CMakeFiles/Monitor-Control-Firmware_V2.dir/monitorcontrol.c.obj
 .comment       0x0000000000000033       0x34 CMakeFiles/Monitor-Control-Firmware_V2.dir/PGA2310/PGA2310.c.obj
 .comment       0x0000000000000033       0x34 CMakeFiles/Monitor-Control-Firmware_V2.dir/VUmeter/VUmeter.c.obj
 .comment       0x0000000000000033       0x34 CMakeFiles/Monitor-Control-Firmware_V2.dir/VUmeter/display.c.obj
 .comment       0x0000000000000033       0x34 CMakeFiles/Monitor-Control-Firmware_V2.dir/VUmeter/ssd1306.c.obj
 .comment       0x0000000000000033       0x34 CMakeFiles/Monitor-Control-Firmware_V2.dir/mnt/d/Electronics/pico/pico-sdk/src/rp2_common/hardware_gpio/gpio.c.obj
 .comment       0x0000000000000033       0x34 CMakeFiles/Monitor-Control-Firmware_V2.dir/mnt/d/Electronics/pico/pico-sdk/src/rp2_common/hardware_claim/claim.c.obj
 .comment       0x0000000000000033       0x34 CMakeFiles/Monitor-Control-Firmware_V2.dir/mnt/d/Electronics/pico/pico-sdk/src/rp2_common/pico_platform/platform.c.obj
 .comment       0x0000000000000033       0x34 CMakeFiles/Monitor-Control-Firmware_V2.dir/mnt/d/Electronics/pico/pico-sdk/src/rp2_common/hardware_sync/sync.c.obj
 .comment       0x0000000000000033       0x34 CMakeFiles/Monitor-Control-Firmware_V2.dir/mnt/d/Electronics/pico/pico-sdk/src/rp2_common/hardware_irq/irq.c.obj
 .comment       0x0000000000000033       0x34 CMakeFiles/Monitor-Control-Firmware_V2.dir/mnt/d/Electronics/pico/pico-sdk/src/common/pico_sync/lock_core.c.obj
 .comment       0x0000000000000033       0x34 CMakeFiles/Monitor-Control-Firmware_V2.dir/mnt/d/Electronics/pico/pico-sdk/src/common/pico_time/time.c.obj
 .comment       0x0000000000000033       0x34 CMakeFiles/Monitor-Control-Firmware_V2.dir/mnt/d/Electronics/pico/pico-sdk/src/rp2_common/hardware_timer/timer.c.obj
 .comment       0x0000000000000033       0x34 CMakeFiles/Monitor-Control-Firmware_V2.dir/mnt/d/Electronics/pico/pico-sdk/src/common/pico_util/pheap.c.obj
 .comment       0x0000000000000033       0x34 CMakeFiles/Monitor-Control-Firmware_V2.dir/mnt/d/Electronics/pico/pico-sdk/src/common/pico_sync/mutex.c.obj
 .comment       0x0000000000000033       0x34 CMakeFiles/Monitor-Control-Firmware_V2.dir/mnt/d/Electronics/pico/pico-sdk/src/rp2_common/hardware_uart/uart.c.obj
 .comment       0x0000000000000033       0x34 CMakeFiles/Monitor-Control-Firmware_V2.dir/mnt/d/Electronics/pico/pico-sdk/src/rp2_common/pico_runtime/runtime.c.obj
 .comment       0x0000000000000033       0x34 CMakeFiles/Monitor-Control-Firmware_V2.dir/mnt/d/Electronics/pico/pico-sdk/src/rp2_common/hardware_clocks/clocks.c.obj
 .comment       0x0000000000000033       0x34 CMakeFiles/Monitor-Control-Firmware_V2.dir/mnt/d/Electronics/pico/pico-sdk/src/rp2_common/hardware_pll/pll.c.obj
 .comment       0x0000000000000033       0x34 CMakeFiles/Monitor-Control-Firmware_V2.dir/mnt/d/Electronics/pico/pico-sdk/src/rp2_common/hardware_watchdog/watchdog.c.obj
 .comment       0x0000000000000033       0x34 CMakeFiles/Monitor-Control-Firmware_V2.dir/mnt/d/Electronics/pico/pico-sdk/src/rp2_common/hardware_xosc/xosc.c.obj
 .comment       0x0000000000000033       0x34 CMakeFiles/Monitor-Control-Firmware_V2.dir/mnt/d/Electronics/pico/pico-sdk/src/rp2_common/pico_printf/printf.c.obj
 .comment       0x0000000000000033       0x34 CMakeFiles/Monitor-Control-Firmware_V2.dir/mnt/d/Electronics/pico/pico-sdk/src/rp2_common/pico_bootrom/bootrom.c.obj
 .comment       0x0000000000000033       0x34 CMakeFiles/Monitor-Control-Firmware_V2.dir/mnt/d/Electronics/pico/pico-sdk/src/rp2_common/pico_double/double_init_rom.c.obj
 .comment       0x0000000000000033       0x34 CMakeFiles/Monitor-Control-Firmware_V2.dir/mnt/d/Electronics/pico/pico-sdk/src/rp2_common/pico_float/float_init_rom.c.obj
 .comment       0x0000000000000033       0x34 CMakeFiles/Monitor-Control-Firmware_V2.dir/mnt/d/Electronics/pico/pico-sdk/src/rp2_common/pico_malloc/pico_malloc.c.obj
 .comment       0x0000000000000033       0x34 CMakeFiles/Monitor-Control-Firmware_V2.dir/mnt/d/Electronics/pico/pico-sdk/src/rp2_common/pico_standard_link/binary_info.c.obj
 .comment       0x0000000000000033       0x34 CMakeFiles/Monitor-Control-Firmware_V2.dir/mnt/d/Electronics/pico/pico-sdk/src/rp2_common/pico_stdio/stdio.c.obj
 .comment       0x0000000000000033       0x34 CMakeFiles/Monitor-Control-Firmware_V2.dir/mnt/d/Electronics/pico/pico-sdk/src/rp2_common/pico_stdio_uart/stdio_uart.c.obj
 .comment       0x0000000000000033       0x34 CMakeFiles/Monitor-Control-Firmware_V2.dir/mnt/d/Electronics/pico/pico-sdk/src/rp2_common/hardware_spi/spi.c.obj
 .comment       0x0000000000000033       0x34 CMakeFiles/Monitor-Control-Firmware_V2.dir/mnt/d/Electronics/pico/pico-sdk/src/rp2_common/hardware_i2c/i2c.c.obj
 .comment       0x0000000000000033       0x34 CMakeFiles/Monitor-Control-Firmware_V2.dir/mnt/d/Electronics/pico/pico-sdk/src/rp2_common/hardware_adc/adc.c.obj
 .comment       0x0000000000000033       0x34 /usr/lib/gcc/arm-none-eabi/10.3.1/../../../arm-none-eabi/lib/thumb/v6-m/nofp/libc.a(lib_a-impure.o)
 .comment       0x0000000000000033       0x34 /usr/lib/gcc/arm-none-eabi/10.3.1/../../../arm-none-eabi/lib/thumb/v6-m/nofp/libc.a(lib_a-malloc.o)
 .comment       0x0000000000000033       0x34 /usr/lib/gcc/arm-none-eabi/10.3.1/../../../arm-none-eabi/lib/thumb/v6-m/nofp/libc.a(lib_a-mallocr.o)
 .comment       0x0000000000000033       0x34 /usr/lib/gcc/arm-none-eabi/10.3.1/../../../arm-none-eabi/lib/thumb/v6-m/nofp/libc.a(lib_a-mlock.o)
 .comment       0x0000000000000033       0x34 /usr/lib/gcc/arm-none-eabi/10.3.1/../../../arm-none-eabi/lib/thumb/v6-m/nofp/libc.a(lib_a-sbrkr.o)
 .comment       0x0000000000000033       0x34 /usr/lib/gcc/arm-none-eabi/10.3.1/../../../arm-none-eabi/lib/thumb/v6-m/nofp/libc.a(lib_a-strlen-stub.o)
 .comment       0x0000000000000033       0x34 /usr/lib/gcc/arm-none-eabi/10.3.1/../../../arm-none-eabi/lib/thumb/v6-m/nofp/libc.a(lib_a-freer.o)
 .comment       0x0000000000000033       0x34 /usr/lib/gcc/arm-none-eabi/10.3.1/../../../arm-none-eabi/lib/thumb/v6-m/nofp/libc.a(lib_a-reent.o)
 .comment       0x0000000000000033       0x34 /usr/lib/gcc/arm-none-eabi/10.3.1/thumb/v6-m/nofp/crtend.o

.debug_line     0x0000000000000000     0x16b9
 .debug_line    0x0000000000000000       0x60 /usr/lib/gcc/arm-none-eabi/10.3.1/thumb/v6-m/nofp/libgcc.a(_dvmd_tls.o)
 .debug_line    0x0000000000000060       0xe4 /usr/lib/gcc/arm-none-eabi/10.3.1/../../../arm-none-eabi/lib/thumb/v6-m/nofp/libc.a(lib_a-impure.o)
 .debug_line    0x0000000000000144      0x165 /usr/lib/gcc/arm-none-eabi/10.3.1/../../../arm-none-eabi/lib/thumb/v6-m/nofp/libc.a(lib_a-malloc.o)
 .debug_line    0x00000000000002a9      0x8e2 /usr/lib/gcc/arm-none-eabi/10.3.1/../../../arm-none-eabi/lib/thumb/v6-m/nofp/libc.a(lib_a-mallocr.o)
 .debug_line    0x0000000000000b8b      0x13e /usr/lib/gcc/arm-none-eabi/10.3.1/../../../arm-none-eabi/lib/thumb/v6-m/nofp/libc.a(lib_a-mlock.o)
 .debug_line    0x0000000000000cc9      0x183 /usr/lib/gcc/arm-none-eabi/10.3.1/../../../arm-none-eabi/lib/thumb/v6-m/nofp/libc.a(lib_a-sbrkr.o)
 .debug_line    0x0000000000000e4c      0x172 /usr/lib/gcc/arm-none-eabi/10.3.1/../../../arm-none-eabi/lib/thumb/v6-m/nofp/libc.a(lib_a-strlen-stub.o)
 .debug_line    0x0000000000000fbe      0x47d /usr/lib/gcc/arm-none-eabi/10.3.1/../../../arm-none-eabi/lib/thumb/v6-m/nofp/libc.a(lib_a-freer.o)
 .debug_line    0x000000000000143b      0x27e /usr/lib/gcc/arm-none-eabi/10.3.1/../../../arm-none-eabi/lib/thumb/v6-m/nofp/libc.a(lib_a-reent.o)

.debug_info     0x0000000000000000     0x4dec
 .debug_info    0x0000000000000000       0x26 /usr/lib/gcc/arm-none-eabi/10.3.1/thumb/v6-m/nofp/libgcc.a(_dvmd_tls.o)
 .debug_info    0x0000000000000026      0x92a /usr/lib/gcc/arm-none-eabi/10.3.1/../../../arm-none-eabi/lib/thumb/v6-m/nofp/libc.a(lib_a-impure.o)
 .debug_info    0x0000000000000950      0x998 /usr/lib/gcc/arm-none-eabi/10.3.1/../../../arm-none-eabi/lib/thumb/v6-m/nofp/libc.a(lib_a-malloc.o)
 .debug_info    0x00000000000012e8      0xe80 /usr/lib/gcc/arm-none-eabi/10.3.1/../../../arm-none-eabi/lib/thumb/v6-m/nofp/libc.a(lib_a-mallocr.o)
 .debug_info    0x0000000000002168      0x942 /usr/lib/gcc/arm-none-eabi/10.3.1/../../../arm-none-eabi/lib/thumb/v6-m/nofp/libc.a(lib_a-mlock.o)
 .debug_info    0x0000000000002aaa      0x98e /usr/lib/gcc/arm-none-eabi/10.3.1/../../../arm-none-eabi/lib/thumb/v6-m/nofp/libc.a(lib_a-sbrkr.o)
 .debug_info    0x0000000000003438       0xee /usr/lib/gcc/arm-none-eabi/10.3.1/../../../arm-none-eabi/lib/thumb/v6-m/nofp/libc.a(lib_a-strlen-stub.o)
 .debug_info    0x0000000000003526      0xce5 /usr/lib/gcc/arm-none-eabi/10.3.1/../../../arm-none-eabi/lib/thumb/v6-m/nofp/libc.a(lib_a-freer.o)
 .debug_info    0x000000000000420b      0xbe1 /usr/lib/gcc/arm-none-eabi/10.3.1/../../../arm-none-eabi/lib/thumb/v6-m/nofp/libc.a(lib_a-reent.o)

.debug_abbrev   0x0000000000000000     0x1109
 .debug_abbrev  0x0000000000000000       0x14 /usr/lib/gcc/arm-none-eabi/10.3.1/thumb/v6-m/nofp/libgcc.a(_dvmd_tls.o)
 .debug_abbrev  0x0000000000000014      0x1b8 /usr/lib/gcc/arm-none-eabi/10.3.1/../../../arm-none-eabi/lib/thumb/v6-m/nofp/libc.a(lib_a-impure.o)
 .debug_abbrev  0x00000000000001cc      0x21a /usr/lib/gcc/arm-none-eabi/10.3.1/../../../arm-none-eabi/lib/thumb/v6-m/nofp/libc.a(lib_a-malloc.o)
 .debug_abbrev  0x00000000000003e6      0x2f6 /usr/lib/gcc/arm-none-eabi/10.3.1/../../../arm-none-eabi/lib/thumb/v6-m/nofp/libc.a(lib_a-mallocr.o)
 .debug_abbrev  0x00000000000006dc      0x1f0 /usr/lib/gcc/arm-none-eabi/10.3.1/../../../arm-none-eabi/lib/thumb/v6-m/nofp/libc.a(lib_a-mlock.o)
 .debug_abbrev  0x00000000000008cc      0x23d /usr/lib/gcc/arm-none-eabi/10.3.1/../../../arm-none-eabi/lib/thumb/v6-m/nofp/libc.a(lib_a-sbrkr.o)
 .debug_abbrev  0x0000000000000b09       0x8f /usr/lib/gcc/arm-none-eabi/10.3.1/../../../arm-none-eabi/lib/thumb/v6-m/nofp/libc.a(lib_a-strlen-stub.o)
 .debug_abbrev  0x0000000000000b98      0x2a1 /usr/lib/gcc/arm-none-eabi/10.3.1/../../../arm-none-eabi/lib/thumb/v6-m/nofp/libc.a(lib_a-freer.o)
 .debug_abbrev  0x0000000000000e39      0x2d0 /usr/lib/gcc/arm-none-eabi/10.3.1/../../../arm-none-eabi/lib/thumb/v6-m/nofp/libc.a(lib_a-reent.o)

.debug_aranges  0x0000000000000000      0x118
 .debug_aranges
                0x0000000000000000       0x20 /usr/lib/gcc/arm-none-eabi/10.3.1/thumb/v6-m/nofp/libgcc.a(_dvmd_tls.o)
 .debug_aranges
                0x0000000000000020       0x18 /usr/lib/gcc/arm-none-eabi/10.3.1/../../../arm-none-eabi/lib/thumb/v6-m/nofp/libc.a(lib_a-impure.o)
 .debug_aranges
                0x0000000000000038       0x20 /usr/lib/gcc/arm-none-eabi/10.3.1/../../../arm-none-eabi/lib/thumb/v6-m/nofp/libc.a(lib_a-malloc.o)
 .debug_aranges
                0x0000000000000058       0x20 /usr/lib/gcc/arm-none-eabi/10.3.1/../../../arm-none-eabi/lib/thumb/v6-m/nofp/libc.a(lib_a-mallocr.o)
 .debug_aranges
                0x0000000000000078       0x20 /usr/lib/gcc/arm-none-eabi/10.3.1/../../../arm-none-eabi/lib/thumb/v6-m/nofp/libc.a(lib_a-mlock.o)
 .debug_aranges
                0x0000000000000098       0x20 /usr/lib/gcc/arm-none-eabi/10.3.1/../../../arm-none-eabi/lib/thumb/v6-m/nofp/libc.a(lib_a-sbrkr.o)
 .debug_aranges
                0x00000000000000b8       0x20 /usr/lib/gcc/arm-none-eabi/10.3.1/../../../arm-none-eabi/lib/thumb/v6-m/nofp/libc.a(lib_a-strlen-stub.o)
 .debug_aranges
                0x00000000000000d8       0x20 /usr/lib/gcc/arm-none-eabi/10.3.1/../../../arm-none-eabi/lib/thumb/v6-m/nofp/libc.a(lib_a-freer.o)
 .debug_aranges
                0x00000000000000f8       0x20 /usr/lib/gcc/arm-none-eabi/10.3.1/../../../arm-none-eabi/lib/thumb/v6-m/nofp/libc.a(lib_a-reent.o)

.debug_str      0x0000000000000000      0xa5c
 .debug_str     0x0000000000000000       0xa6 /usr/lib/gcc/arm-none-eabi/10.3.1/thumb/v6-m/nofp/libgcc.a(_dvmd_tls.o)
 .debug_str     0x00000000000000a6      0x504 /usr/lib/gcc/arm-none-eabi/10.3.1/../../../arm-none-eabi/lib/thumb/v6-m/nofp/libc.a(lib_a-impure.o)
                                        0x57b (size before relaxing)
 .debug_str     0x00000000000005aa       0xb7 /usr/lib/gcc/arm-none-eabi/10.3.1/../../../arm-none-eabi/lib/thumb/v6-m/nofp/libc.a(lib_a-malloc.o)
                                        0x58f (size before relaxing)
 .debug_str     0x0000000000000661      0x21d /usr/lib/gcc/arm-none-eabi/10.3.1/../../../arm-none-eabi/lib/thumb/v6-m/nofp/libc.a(lib_a-mallocr.o)
                                        0x780 (size before relaxing)
 .debug_str     0x000000000000087e       0x4c /usr/lib/gcc/arm-none-eabi/10.3.1/../../../arm-none-eabi/lib/thumb/v6-m/nofp/libc.a(lib_a-mlock.o)
                                        0x588 (size before relaxing)
 .debug_str     0x00000000000008ca       0x47 /usr/lib/gcc/arm-none-eabi/10.3.1/../../../arm-none-eabi/lib/thumb/v6-m/nofp/libc.a(lib_a-sbrkr.o)
                                        0x572 (size before relaxing)
 .debug_str     0x0000000000000911       0xb9 /usr/lib/gcc/arm-none-eabi/10.3.1/../../../arm-none-eabi/lib/thumb/v6-m/nofp/libc.a(lib_a-strlen-stub.o)
                                        0x1c5 (size before relaxing)
 .debug_str     0x00000000000009ca       0x34 /usr/lib/gcc/arm-none-eabi/10.3.1/../../../arm-none-eabi/lib/thumb/v6-m/nofp/libc.a(lib_a-freer.o)
                                        0x6ca (size before relaxing)
 .debug_str     0x00000000000009fe       0x5e /usr/lib/gcc/arm-none-eabi/10.3.1/../../../arm-none-eabi/lib/thumb/v6-m/nofp/libc.a(lib_a-reent.o)
                                        0x59a (size before relaxing)

.debug_loc      0x0000000000000000     0x1720
 .debug_loc     0x0000000000000000       0x64 /usr/lib/gcc/arm-none-eabi/10.3.1/../../../arm-none-eabi/lib/thumb/v6-m/nofp/libc.a(lib_a-malloc.o)
 .debug_loc     0x0000000000000064      0xef0 /usr/lib/gcc/arm-none-eabi/10.3.1/../../../arm-none-eabi/lib/thumb/v6-m/nofp/libc.a(lib_a-mallocr.o)
 .debug_loc     0x0000000000000f54       0x79 /usr/lib/gcc/arm-none-eabi/10.3.1/../../../arm-none-eabi/lib/thumb/v6-m/nofp/libc.a(lib_a-sbrkr.o)
 .debug_loc     0x0000000000000fcd       0x90 /usr/lib/gcc/arm-none-eabi/10.3.1/../../../arm-none-eabi/lib/thumb/v6-m/nofp/libc.a(lib_a-strlen-stub.o)
 .debug_loc     0x000000000000105d      0x4e3 /usr/lib/gcc/arm-none-eabi/10.3.1/../../../arm-none-eabi/lib/thumb/v6-m/nofp/libc.a(lib_a-freer.o)
 .debug_loc     0x0000000000001540      0x1e0 /usr/lib/gcc/arm-none-eabi/10.3.1/../../../arm-none-eabi/lib/thumb/v6-m/nofp/libc.a(lib_a-reent.o)

.debug_frame    0x0000000000000000      0x1a4
 .debug_frame   0x0000000000000000       0x40 /usr/lib/gcc/arm-none-eabi/10.3.1/../../../arm-none-eabi/lib/thumb/v6-m/nofp/libc.a(lib_a-malloc.o)
 .debug_frame   0x0000000000000040       0x3c /usr/lib/gcc/arm-none-eabi/10.3.1/../../../arm-none-eabi/lib/thumb/v6-m/nofp/libc.a(lib_a-mallocr.o)
 .debug_frame   0x000000000000007c       0x30 /usr/lib/gcc/arm-none-eabi/10.3.1/../../../arm-none-eabi/lib/thumb/v6-m/nofp/libc.a(lib_a-mlock.o)
 .debug_frame   0x00000000000000ac       0x2c /usr/lib/gcc/arm-none-eabi/10.3.1/../../../arm-none-eabi/lib/thumb/v6-m/nofp/libc.a(lib_a-sbrkr.o)
 .debug_frame   0x00000000000000d8       0x28 /usr/lib/gcc/arm-none-eabi/10.3.1/../../../arm-none-eabi/lib/thumb/v6-m/nofp/libc.a(lib_a-strlen-stub.o)