Archive member included to satisfy reference by file (symbol)

/usr/lib/gcc/arm-none-eabi/10.3.1/thumb/v6-m/nofp/libgcc.a(_dvmd_tls.o)
                              CMakeFiles/Monitor-Control-Firmware_V2.dir/mnt/d/Electronics/pico/pico-sdk/src/rp2_common/pico_divider/divider.S.obj (__aeabi_idiv0)
/usr/lib/gcc/arm-none-eabi/10.3.1/../../../arm-none-eabi/lib/thumb/v6-m/nofp/libc.a(lib_a-atexit.o)
                              /usr/lib/gcc/arm-none-eabi/10.3.1/../../../arm-none-eabi/lib/thumb/v6-m/nofp/crt0.o (atexit)
/usr/lib/gcc/arm-none-eabi/10.3.1/../../../arm-none-eabi/lib/thumb/v6-m/nofp/libc.a(lib_a-calloc.o)
                              CMakeFiles/Monitor-Control-Firmware_V2.dir/mnt/d/Electronics/pico/pico-sdk/src/rp2_common/pico_malloc/pico_malloc.c.obj (calloc)
/usr/lib/gcc/arm-none-eabi/10.3.1/../../../arm-none-eabi/lib/thumb/v6-m/nofp/libc.a(lib_a-callocr.o)
                              /usr/lib/gcc/arm-none-eabi/10.3.1/../../../arm-none-eabi/lib/thumb/v6-m/nofp/libc.a(lib_a-calloc.o) (_calloc_r)
/usr/lib/gcc/arm-none-eabi/10.3.1/../../../arm-none-eabi/lib/thumb/v6-m/nofp/libc.a(lib_a-fini.o)
                              /usr/lib/gcc/arm-none-eabi/10.3.1/../../../arm-none-eabi/lib/thumb/v6-m/nofp/crt0.o (__libc_fini_array)
/usr/lib/gcc/arm-none-eabi/10.3.1/../../../arm-none-eabi/lib/thumb/v6-m/nofp/libc.a(lib_a-impure.o)
                              /usr/lib/gcc/arm-none-eabi/10.3.1/../../../arm-none-eabi/lib/thumb/v6-m/nofp/libc.a(lib_a-calloc.o) (_impure_ptr)
/usr/lib/gcc/arm-none-eabi/10.3.1/../../../arm-none-eabi/lib/thumb/v6-m/nofp/libc.a(lib_a-init.o)
                              /usr/lib/gcc/arm-none-eabi/10.3.1/../../../arm-none-eabi/lib/thumb/v6-m/nofp/crt0.o (__libc_init_array)
/usr/lib/gcc/arm-none-eabi/10.3.1/../../../arm-none-eabi/lib/thumb/v6-m/nofp/libc.a(lib_a-malloc.o)
                              CMakeFiles/Monitor-Control-Firmware_V2.dir/mnt/d/Electronics/pico/pico-sdk/src/rp2_common/pico_malloc/pico_malloc.c.obj (malloc)
/usr/lib/gcc/arm-none-eabi/10.3.1/../../../arm-none-eabi/lib/thumb/v6-m/nofp/libc.a(lib_a-mallocr.o)
                              /usr/lib/gcc/arm-none-eabi/10.3.1/../../../arm-none-eabi/lib/thumb/v6-m/nofp/libc.a(lib_a-callocr.o) (_malloc_r)
/usr/lib/gcc/arm-none-eabi/10.3.1/../../../arm-none-eabi/lib/thumb/v6-m/nofp/libc.a(lib_a-mlock.o)
                              /usr/lib/gcc/arm-none-eabi/10.3.1/../../../arm-none-eabi/lib/thumb/v6-m/nofp/libc.a(lib_a-mallocr.o) (__malloc_lock)
/usr/lib/gcc/arm-none-eabi/10.3.1/../../../arm-none-eabi/lib/thumb/v6-m/nofp/libc.a(lib_a-realloc.o)
                              CMakeFiles/Monitor-Control-Firmware_V2.dir/mnt/d/Electronics/pico/pico-sdk/src/rp2_common/pico_malloc/pico_malloc.c.obj (realloc)
/usr/lib/gcc/arm-none-eabi/10.3.1/../../../arm-none-eabi/lib/thumb/v6-m/nofp/libc.a(lib_a-reallocr.o)
                              /usr/lib/gcc/arm-none-eabi/10.3.1/../../../arm-none-eabi/lib/thumb/v6-m/nofp/libc.a(lib_a-realloc.o) (_realloc_r)
/usr/lib/gcc/arm-none-eabi/10.3.1/../../../arm-none-eabi/lib/thumb/v6-m/nofp/libc.a(lib_a-sbrkr.o)
                              /usr/lib/gcc/arm-none-eabi/10.3.1/../../../arm-none-eabi/lib/thumb/v6-m/nofp/libc.a(lib_a-mallocr.o) (_sbrk_r)
/usr/lib/gcc/arm-none-eabi/10.3.1/../../../arm-none-eabi/lib/thumb/v6-m/nofp/libc.a(lib_a-strlen-stub.o)
                              CMakeFiles/Monitor-Control-Firmware_V2.dir/mnt/d/Electronics/pico/pico-sdk/src/rp2_common/pico_stdio/stdio.c.obj (strlen)
/usr/lib/gcc/arm-none-eabi/10.3.1/../../../arm-none-eabi/lib/thumb/v6-m/nofp/libc.a(lib_a-__atexit.o)
                              /usr/lib/gcc/arm-none-eabi/10.3.1/../../../arm-none-eabi/lib/thumb/v6-m/nofp/libc.a(lib_a-atexit.o) (__register_exitproc)
/usr/lib/gcc/arm-none-eabi/10.3.1/../../../arm-none-eabi/lib/thumb/v6-m/nofp/libc.a(lib_a-freer.o)
                              /usr/lib/gcc/arm-none-eabi/10.3.1/../../../arm-none-eabi/lib/thumb/v6-m/nofp/libc.a(lib_a-malloc.o) (_free_r)
/usr/lib/gcc/arm-none-eabi/10.3.1/../../../arm-none-eabi/lib/thumb/v6-m/nofp/libc.a(lib_a-memmove.o)
                              /usr/lib/gcc/arm-none-eabi/10.3.1/../../../arm-none-eabi/lib/thumb/v6-m/nofp/libc.a(lib_a-reallocr.o) (memmove)
/usr/lib/gcc/arm-none-eabi/10.3.1/../../../arm-none-eabi/lib/thumb/v6-m/nofp/libc.a(lib_a-reent.o)
                              /usr/lib/gcc/arm-none-eabi/10.3.1/../../../arm-none-eabi/lib/thumb/v6-m/nofp/libc.a(lib_a-sbrkr.o) (errno)

Discarded input sections

 .text          0x0000000000000000        0x0 /usr/lib/gcc/arm-none-eabi/10.3.1/thumb/v6-m/nofp/crti.o
 .data          0x0000000000000000        0x0 /usr/lib/gcc/arm-none-eabi/10.3.1/thumb/v6-m/nofp/crti.o
 .bss           0x0000000000000000        0x0 /usr/lib/gcc/arm-none-eabi/10.3.1/thumb/v6-m/nofp/crti.o
 .data          0x0000000000000000        0x4 /usr/lib/gcc/arm-none-eabi/10.3.1/thumb/v6-m/nofp/crtbegin.o
[...]
Memory Configuration

Name             Origin             Length             Attributes
FLASH            0x0000000010000000 0x0000000000200000 xr
RAM              0x0000000020000000 0x0000000000040000 xrw
SCRATCH_X        0x0000000020040000 0x0000000000001000 xrw
SCRATCH_Y        0x0000000020041000 0x0000000000001000 xrw
*default*        0x0000000000000000 0xffffffffffffffff

Linker script and memory map

LOAD /usr/lib/gcc/arm-none-eabi/10.3.1/thumb/v6-m/nofp/crti.o
LOAD /usr/lib/gcc/arm-none-eabi/10.3.1/thumb/v6-m/nofp/crtbegin.o
LOAD /usr/lib/gcc/arm-none-eabi/10.3.1/../../../arm-none-eabi/lib/thumb/v6-m/nofp/crt0.o

.flash_begin    0x0000000010000000        0x0
                0x0000000010000000                __flash_binary_start = .

.boot2          0x0000000010000000      0x100
                0x0000000010000000                __boot2_start__ = .
 *(.boot2)
 .boot2         0x0000000010000000      0x100 /tmp/cci0J8cw.o
                0x0000000010000100                __boot2_end__ = .
                0x0000000000000001                ASSERT (((__boot2_end__ - __boot2_start__) == 0x100), ERROR: Pico second stage bootloader must be 256 bytes in size)

.text           0x0000000010000100     0x4cf0
                0x0000000010000100                __logical_binary_start = .
 *(.vectors)
 .vectors       0x0000000010000100       0xd4 CMakeFiles/Monitor-Control-Firmware_V2.dir/mnt/d/Electronics/pico/pico-sdk/src/rp2_common/pico_standard_link/crt0.S.obj
                0x0000000010000100                __vectors
                0x0000000010000100                __VECTOR_TABLE
                0x00000000100001c0                isr_invalid
                0x00000000100001c0                __default_isrs_start
                0x00000000100001c2                isr_nmi
                0x00000000100001c4                isr_hardfault
                0x00000000100001c6                isr_svcall
                0x00000000100001c8                isr_pendsv
                0x00000000100001ca                isr_systick
                0x00000000100001cc                isr_irq30
                0x00000000100001cc                __unhandled_user_irq
                0x00000000100001cc                isr_irq13
                0x00000000100001cc                isr_irq27
                0x00000000100001cc                isr_irq31
                0x00000000100001cc                isr_irq5
                0x00000000100001cc                isr_irq11
                0x00000000100001cc                isr_irq23
                0x00000000100001cc                isr_irq18
                0x00000000100001cc                isr_irq28
                0x00000000100001cc                isr_irq19
                0x00000000100001cc                isr_irq0
                0x00000000100001cc                isr_irq6
                0x00000000100001cc                isr_irq22
                0x00000000100001cc                isr_irq17
                0x00000000100001cc                isr_irq14
                0x00000000100001cc                isr_irq2
                0x00000000100001cc                isr_irq10
                0x00000000100001cc                isr_irq8
                0x00000000100001cc                isr_irq24
                0x00000000100001cc                isr_irq1
                0x00000000100001cc                isr_irq7
                0x00000000100001cc                isr_irq21
                0x00000000100001cc                isr_irq20
                0x00000000100001cc                isr_irq15
                0x00000000100001cc                isr_irq25
                0x00000000100001cc                isr_irq4
                0x00000000100001cc                isr_irq16
                0x00000000100001cc                isr_irq29
                0x00000000100001cc                isr_irq26
                0x00000000100001cc                __default_isrs_end
                0x00000000100001cc                isr_irq3
                0x00000000100001cc                isr_irq12
                0x00000000100001cc                isr_irq9
                0x00000000100001d2                unhandled_user_irq_num_in_r0
 *(.binary_info_header)
 .binary_info_header
                0x00000000100001d4       0x14 CMakeFiles/Monitor-Control-Firmware_V2.dir/mnt/d/Electronics/pico/pico-sdk/src/rp2_common/pico_standard_link/crt0.S.obj
                0x00000000100001e8                __binary_info_header_end = .
 *(.reset)
 .reset         0x00000000100001e8       0xa8 CMakeFiles/Monitor-Control-Firmware_V2.dir/mnt/d/Electronics/pico/pico-sdk/src/rp2_common/pico_standard_link/crt0.S.obj
                0x00000000100001e8                _entry_point
                0x0000000010000266                __get_current_exception
 .reset         0x0000000010000290       0x30 CMakeFiles/Monitor-Control-Firmware_V2.dir/mnt/d/Electronics/pico/pico-sdk/src/rp2_common/pico_standard_link/binary_info.c.obj
 *(.init)
 .init          0x00000000100002c0        0x4 /usr/lib/gcc/arm-none-eabi/10.3.1/thumb/v6-m/nofp/crti.o
                0x00000000100002c0                _init
 *(EXCLUDE_FILE(*libm.a: *libc.a:*lib_a-mem*.o *libgcc.a:) .text*)
 .text          0x00000000100002c4       0x98 /usr/lib/gcc/arm-none-eabi/10.3.1/thumb/v6-m/nofp/crtbegin.o
 .text.startup.main
                0x000000001000035c       0x3c CMakeFiles/Monitor-Control-Firmware_V2.dir/monitorcontrol.c.obj
                0x000000001000035c                main
 .text.vu_setup
                0x0000000010000398       0x70 CMakeFiles/Monitor-Control-Firmware_V2.dir/VUmeter/VUmeter.c.obj
                0x0000000010000398                vu_setup
 .text.vu_calc  0x0000000010000408       0x38 CMakeFiles/Monitor-Control-Firmware_V2.dir/VUmeter/VUmeter.c.obj
                0x0000000010000408                vu_calc
 .text.setup_gpios
                0x0000000010000440       0x38 CMakeFiles/Monitor-Control-Firmware_V2.dir/VUmeter/display.c.obj
                0x0000000010000440                setup_gpios
 .text.meter_display
                0x0000000010000478       0x20 CMakeFiles/Monitor-Control-Firmware_V2.dir/VUmeter/display.c.obj
                0x0000000010000478                meter_display
 .text.ssd1306_init
                0x0000000010000498      0x14c CMakeFiles/Monitor-Control-Firmware_V2.dir/VUmeter/ssd1306.c.obj
                0x0000000010000498                ssd1306_init
 .text.ssd1306_clear
                0x00000000100005e4       0x10 CMakeFiles/Monitor-Control-Firmware_V2.dir/VUmeter/ssd1306.c.obj
                0x00000000100005e4                ssd1306_clear
 .text.ssd1306_draw_square
                0x00000000100005f4       0x6c CMakeFiles/Monitor-Control-Firmware_V2.dir/VUmeter/ssd1306.c.obj
                0x00000000100005f4                ssd1306_draw_square
 .text.ssd1306_show
                0x0000000010000660       0xd0 CMakeFiles/Monitor-Control-Firmware_V2.dir/VUmeter/ssd1306.c.obj
                0x0000000010000660                ssd1306_show
 .text.gpio_set_function
                0x0000000010000730       0x30 CMakeFiles/Monitor-Control-Firmware_V2.dir/mnt/d/Electronics/pico/pico-sdk/src/rp2_common/hardware_gpio/gpio.c.obj
                0x0000000010000730                gpio_set_function
 .text.gpio_set_pulls
                0x0000000010000760       0x30 CMakeFiles/Monitor-Control-Firmware_V2.dir/mnt/d/Electronics/pico/pico-sdk/src/rp2_common/hardware_gpio/gpio.c.obj
                0x0000000010000760                gpio_set_pulls
 .text.gpio_set_input_enabled
                0x0000000010000790       0x28 CMakeFiles/Monitor-Control-Firmware_V2.dir/mnt/d/Electronics/pico/pico-sdk/src/rp2_common/hardware_gpio/gpio.c.obj
                0x0000000010000790                gpio_set_input_enabled
 .text.hw_claim_or_assert
                0x00000000100007b8       0x44 CMakeFiles/Monitor-Control-Firmware_V2.dir/mnt/d/Electronics/pico/pico-sdk/src/rp2_common/hardware_claim/claim.c.obj
                0x00000000100007b8                hw_claim_or_assert
 .text.running_on_fpga
                0x00000000100007fc       0x10 CMakeFiles/Monitor-Control-Firmware_V2.dir/mnt/d/Electronics/pico/pico-sdk/src/rp2_common/pico_platform/platform.c.obj
                0x00000000100007fc                running_on_fpga
 .text.spin_locks_reset
                0x000000001000080c       0x1c CMakeFiles/Monitor-Control-Firmware_V2.dir/mnt/d/Electronics/pico/pico-sdk/src/rp2_common/hardware_sync/sync.c.obj
                0x000000001000080c                spin_locks_reset
 .text.next_striped_spin_lock_num
                0x0000000010000828       0x18 CMakeFiles/Monitor-Control-Firmware_V2.dir/mnt/d/Electronics/pico/pico-sdk/src/rp2_common/hardware_sync/sync.c.obj
                0x0000000010000828                next_striped_spin_lock_num
 .text.irq_set_enabled
                0x0000000010000840       0x24 CMakeFiles/Monitor-Control-Firmware_V2.dir/mnt/d/Electronics/pico/pico-sdk/src/rp2_common/hardware_irq/irq.c.obj
                0x0000000010000840                irq_set_enabled
 .text.irq_get_vtable_handler
                0x0000000010000864       0x10 CMakeFiles/Monitor-Control-Firmware_V2.dir/mnt/d/Electronics/pico/pico-sdk/src/rp2_common/hardware_irq/irq.c.obj
                0x0000000010000864                irq_get_vtable_handler
 .text.irq_set_exclusive_handler
                0x0000000010000874       0x54 CMakeFiles/Monitor-Control-Firmware_V2.dir/mnt/d/Electronics/pico/pico-sdk/src/rp2_common/hardware_irq/irq.c.obj
                0x0000000010000874                irq_set_exclusive_handler
 .text.irq_remove_handler
                0x00000000100008c8      0x1b4 CMakeFiles/Monitor-Control-Firmware_V2.dir/mnt/d/Electronics/pico/pico-sdk/src/rp2_common/hardware_irq/irq.c.obj
                0x00000000100008c8                irq_remove_handler
 .text.irq_add_tail_to_free_list
                0x0000000010000a7c       0xb4 CMakeFiles/Monitor-Control-Firmware_V2.dir/mnt/d/Electronics/pico/pico-sdk/src/rp2_common/hardware_irq/irq.c.obj
                0x0000000010000a7c                irq_add_tail_to_free_list
 .text.irq_init_priorities
                0x0000000010000b30       0x24 CMakeFiles/Monitor-Control-Firmware_V2.dir/mnt/d/Electronics/pico/pico-sdk/src/rp2_common/hardware_irq/irq.c.obj
                0x0000000010000b30                irq_init_priorities
 .text.lock_init
                0x0000000010000b54       0x10 CMakeFiles/Monitor-Control-Firmware_V2.dir/mnt/d/Electronics/pico/pico-sdk/src/common/pico_sync/lock_core.c.obj
                0x0000000010000b54                lock_init
 .text.timer_pool_entry_comparator
                0x0000000010000b64       0x34 CMakeFiles/Monitor-Control-Firmware_V2.dir/mnt/d/Electronics/pico/pico-sdk/src/common/pico_time/time.c.obj
                0x0000000010000b64                timer_pool_entry_comparator
 .text.add_alarm_under_lock.isra.0
                0x0000000010000b98      0x100 CMakeFiles/Monitor-Control-Firmware_V2.dir/mnt/d/Electronics/pico/pico-sdk/src/common/pico_time/time.c.obj
 .text.alarm_pool_alarm_callback
                0x0000000010000c98      0x1c8 CMakeFiles/Monitor-Control-Firmware_V2.dir/mnt/d/Electronics/pico/pico-sdk/src/common/pico_time/time.c.obj
 .text.alarm_pool_init_default
                0x0000000010000e60       0x64 CMakeFiles/Monitor-Control-Firmware_V2.dir/mnt/d/Electronics/pico/pico-sdk/src/common/pico_time/time.c.obj
                0x0000000010000e60                alarm_pool_init_default
 .text.hardware_alarm_irq_handler
                0x0000000010000ec4       0xb8 CMakeFiles/Monitor-Control-Firmware_V2.dir/mnt/d/Electronics/pico/pico-sdk/src/rp2_common/hardware_timer/timer.c.obj
 .text.hardware_alarm_claim
                0x0000000010000f7c       0x18 CMakeFiles/Monitor-Control-Firmware_V2.dir/mnt/d/Electronics/pico/pico-sdk/src/rp2_common/hardware_timer/timer.c.obj
                0x0000000010000f7c                hardware_alarm_claim
 .text.time_us_64
                0x0000000010000f94       0x14 CMakeFiles/Monitor-Control-Firmware_V2.dir/mnt/d/Electronics/pico/pico-sdk/src/rp2_common/hardware_timer/timer.c.obj
                0x0000000010000f94                time_us_64
 .text.hardware_alarm_set_callback
                0x0000000010000fa8       0x8c CMakeFiles/Monitor-Control-Firmware_V2.dir/mnt/d/Electronics/pico/pico-sdk/src/rp2_common/hardware_timer/timer.c.obj
                0x0000000010000fa8                hardware_alarm_set_callback
 .text.hardware_alarm_set_target
                0x0000000010001034       0xe0 CMakeFiles/Monitor-Control-Firmware_V2.dir/mnt/d/Electronics/pico/pico-sdk/src/rp2_common/hardware_timer/timer.c.obj
                0x0000000010001034                hardware_alarm_set_target
 .text.hardware_alarm_cancel
                0x0000000010001114       0x3c CMakeFiles/Monitor-Control-Firmware_V2.dir/mnt/d/Electronics/pico/pico-sdk/src/rp2_common/hardware_timer/timer.c.obj
                0x0000000010001114                hardware_alarm_cancel
 .text.ph_merge_nodes
                0x0000000010001150       0x68 CMakeFiles/Monitor-Control-Firmware_V2.dir/mnt/d/Electronics/pico/pico-sdk/src/common/pico_util/pheap.c.obj
 .text.ph_post_alloc_init
                0x00000000100011b8       0x3c CMakeFiles/Monitor-Control-Firmware_V2.dir/mnt/d/Electronics/pico/pico-sdk/src/common/pico_util/pheap.c.obj
                0x00000000100011b8                ph_post_alloc_init
 .text.ph_merge_two_pass
                0x00000000100011f4       0x90 CMakeFiles/Monitor-Control-Firmware_V2.dir/mnt/d/Electronics/pico/pico-sdk/src/common/pico_util/pheap.c.obj
                0x00000000100011f4                ph_merge_two_pass
 .text.ph_remove_any_head
                0x0000000010001284       0xf8 CMakeFiles/Monitor-Control-Firmware_V2.dir/mnt/d/Electronics/pico/pico-sdk/src/common/pico_util/pheap.c.obj
 .text.ph_remove_head
                0x000000001000137c       0xfc CMakeFiles/Monitor-Control-Firmware_V2.dir/mnt/d/Electronics/pico/pico-sdk/src/common/pico_util/pheap.c.obj
                0x000000001000137c                ph_remove_head
 .text.ph_remove_and_free_node
                0x0000000010001478       0x7c CMakeFiles/Monitor-Control-Firmware_V2.dir/mnt/d/Electronics/pico/pico-sdk/src/common/pico_util/pheap.c.obj
                0x0000000010001478                ph_remove_and_free_node
 .text.mutex_init
                0x00000000100014f4       0x1c CMakeFiles/Monitor-Control-Firmware_V2.dir/mnt/d/Electronics/pico/pico-sdk/src/common/pico_sync/mutex.c.obj
                0x00000000100014f4                mutex_init
 .text.recursive_mutex_init
                0x0000000010001510       0x1c CMakeFiles/Monitor-Control-Firmware_V2.dir/mnt/d/Electronics/pico/pico-sdk/src/common/pico_sync/mutex.c.obj
                0x0000000010001510                recursive_mutex_init
 .text.runtime_init
                0x000000001000152c       0xf0 CMakeFiles/Monitor-Control-Firmware_V2.dir/mnt/d/Electronics/pico/pico-sdk/src/rp2_common/pico_runtime/runtime.c.obj
                0x000000001000152c                runtime_init
 .text._sbrk    0x000000001000161c       0x34 CMakeFiles/Monitor-Control-Firmware_V2.dir/mnt/d/Electronics/pico/pico-sdk/src/rp2_common/pico_runtime/runtime.c.obj
                0x000000001000161c                _sbrk
 .text.exit     0x0000000010001650        0x4 CMakeFiles/Monitor-Control-Firmware_V2.dir/mnt/d/Electronics/pico/pico-sdk/src/rp2_common/pico_runtime/runtime.c.obj
                0x0000000010001650                exit
 .text.panic    0x0000000010001654       0x30 CMakeFiles/Monitor-Control-Firmware_V2.dir/mnt/d/Electronics/pico/pico-sdk/src/rp2_common/pico_runtime/runtime.c.obj
                0x0000000010001654                panic
 .text.hard_assertion_failure
                0x0000000010001684        0xc CMakeFiles/Monitor-Control-Firmware_V2.dir/mnt/d/Electronics/pico/pico-sdk/src/rp2_common/pico_runtime/runtime.c.obj
                0x0000000010001684                hard_assertion_failure
 .text.clocks_init
                0x0000000010001690      0x2bc CMakeFiles/Monitor-Control-Firmware_V2.dir/mnt/d/Electronics/pico/pico-sdk/src/rp2_common/hardware_clocks/clocks.c.obj
                0x0000000010001690                clocks_init
 .text.clock_get_hz
                0x000000001000194c        0xc CMakeFiles/Monitor-Control-Firmware_V2.dir/mnt/d/Electronics/pico/pico-sdk/src/rp2_common/hardware_clocks/clocks.c.obj
                0x000000001000194c                clock_get_hz
 .text.pll_init
                0x0000000010001958       0xb0 CMakeFiles/Monitor-Control-Firmware_V2.dir/mnt/d/Electronics/pico/pico-sdk/src/rp2_common/hardware_pll/pll.c.obj
                0x0000000010001958                pll_init
 .text.watchdog_start_tick
                0x0000000010001a08       0x10 CMakeFiles/Monitor-Control-Firmware_V2.dir/mnt/d/Electronics/pico/pico-sdk/src/rp2_common/hardware_watchdog/watchdog.c.obj
                0x0000000010001a08                watchdog_start_tick
 .text.xosc_init
                0x0000000010001a18       0x28 CMakeFiles/Monitor-Control-Firmware_V2.dir/mnt/d/Electronics/pico/pico-sdk/src/rp2_common/hardware_xosc/xosc.c.obj
                0x0000000010001a18                xosc_init
 .text._out_null
                0x0000000010001a40        0x4 CMakeFiles/Monitor-Control-Firmware_V2.dir/mnt/d/Electronics/pico/pico-sdk/src/rp2_common/pico_printf/printf.c.obj
 .text._out_rev
                0x0000000010001a44       0x9c CMakeFiles/Monitor-Control-Firmware_V2.dir/mnt/d/Electronics/pico/pico-sdk/src/rp2_common/pico_printf/printf.c.obj
 .text._ntoa_format
                0x0000000010001ae0      0x1cc CMakeFiles/Monitor-Control-Firmware_V2.dir/mnt/d/Electronics/pico/pico-sdk/src/rp2_common/pico_printf/printf.c.obj
 .text._out_char
                0x0000000010001cac       0x10 CMakeFiles/Monitor-Control-Firmware_V2.dir/mnt/d/Electronics/pico/pico-sdk/src/rp2_common/pico_printf/printf.c.obj
 .text._out_fct
                0x0000000010001cbc       0x10 CMakeFiles/Monitor-Control-Firmware_V2.dir/mnt/d/Electronics/pico/pico-sdk/src/rp2_common/pico_printf/printf.c.obj
 .text._etoa    0x0000000010001ccc      0x44c CMakeFiles/Monitor-Control-Firmware_V2.dir/mnt/d/Electronics/pico/pico-sdk/src/rp2_common/pico_printf/printf.c.obj
 .text._ftoa    0x0000000010002118      0x398 CMakeFiles/Monitor-Control-Firmware_V2.dir/mnt/d/Electronics/pico/pico-sdk/src/rp2_common/pico_printf/printf.c.obj
 .text._vsnprintf
                0x00000000100024b0      0xb04 CMakeFiles/Monitor-Control-Firmware_V2.dir/mnt/d/Electronics/pico/pico-sdk/src/rp2_common/pico_printf/printf.c.obj
 .text.vfctprintf
                0x0000000010002fb4       0x20 CMakeFiles/Monitor-Control-Firmware_V2.dir/mnt/d/Electronics/pico/pico-sdk/src/rp2_common/pico_printf/printf.c.obj
                0x0000000010002fb4                vfctprintf
 .text.weak_raw_vprintf
                0x0000000010002fd4       0x30 CMakeFiles/Monitor-Control-Firmware_V2.dir/mnt/d/Electronics/pico/pico-sdk/src/rp2_common/pico_printf/printf.c.obj
                0x0000000010002fd4                weak_raw_vprintf
 .text          0x0000000010003004       0x10 CMakeFiles/Monitor-Control-Firmware_V2.dir/mnt/d/Electronics/pico/pico-sdk/src/rp2_common/pico_bit_ops/bit_ops_aeabi.S.obj
 .text.rom_func_lookup
                0x0000000010003014       0x10 CMakeFiles/Monitor-Control-Firmware_V2.dir/mnt/d/Electronics/pico/pico-sdk/src/rp2_common/pico_bootrom/bootrom.c.obj
                0x0000000010003014                rom_func_lookup
 .text.rom_data_lookup
                0x0000000010003024       0x10 CMakeFiles/Monitor-Control-Firmware_V2.dir/mnt/d/Electronics/pico/pico-sdk/src/rp2_common/pico_bootrom/bootrom.c.obj
                0x0000000010003024                rom_data_lookup
 .text.rom_funcs_lookup
                0x0000000010003034       0x44 CMakeFiles/Monitor-Control-Firmware_V2.dir/mnt/d/Electronics/pico/pico-sdk/src/rp2_common/pico_bootrom/bootrom.c.obj
                0x0000000010003034                rom_funcs_lookup
 .text.__wrap___aeabi_idiv
                0x0000000010003078       0x50 CMakeFiles/Monitor-Control-Firmware_V2.dir/mnt/d/Electronics/pico/pico-sdk/src/rp2_common/pico_divider/divider.S.obj
                0x0000000010003078                __wrap___aeabi_idivmod
                0x0000000010003078                divmod_s32s32
                0x0000000010003078                div_s32s32
                0x0000000010003078                __wrap___aeabi_idiv
                0x0000000010003080                divmod_s32s32_unsafe
                0x00000000100030ac                divmod_s32s32_savestate
 .text.__wrap___aeabi_uidiv
                0x00000000100030c8       0x4c CMakeFiles/Monitor-Control-Firmware_V2.dir/mnt/d/Electronics/pico/pico-sdk/src/rp2_common/pico_divider/divider.S.obj
                0x00000000100030c8                __wrap___aeabi_uidiv
                0x00000000100030c8                __wrap___aeabi_uidivmod
                0x00000000100030c8                div_u32u32
                0x00000000100030c8                divmod_u32u32
                0x00000000100030d0                divmod_u32u32_unsafe
                0x00000000100030f8                divmod_u32u32_savestate
 .text.__wrap___aeabi_ldiv
                0x0000000010003114      0x434 CMakeFiles/Monitor-Control-Firmware_V2.dir/mnt/d/Electronics/pico/pico-sdk/src/rp2_common/pico_divider/divider.S.obj
                0x0000000010003114                div_s64s64
                0x0000000010003114                divmod_s64s64
                0x0000000010003114                __wrap___aeabi_ldivmod
                0x000000001000314c                div_u64u64
                0x000000001000314c                divmod_u64u64
                0x000000001000314c                __wrap___aeabi_uldivmod
                0x000000001000315c                divmod_u64u64_savestate
                0x0000000010003184                divmod_s64s64_unsafe
                0x000000001000320c                divmod_u64u64_unsafe
 .text.__wrap___aeabi_darithmetic
                0x0000000010003548       0x80 CMakeFiles/Monitor-Control-Firmware_V2.dir/mnt/d/Electronics/pico/pico-sdk/src/rp2_common/pico_double/double_aeabi.S.obj
                0x0000000010003548                __wrap___aeabi_drsub
                0x000000001000354e                __wrap___aeabi_dsub
                0x0000000010003560                __wrap___aeabi_dadd
                0x0000000010003572                __wrap___aeabi_ddiv
                0x00000000100035ae                __wrap___aeabi_dmul
 .text.__wrap___aeabi_cdcmple
                0x00000000100035c8       0x6c CMakeFiles/Monitor-Control-Firmware_V2.dir/mnt/d/Electronics/pico/pico-sdk/src/rp2_common/pico_double/double_aeabi.S.obj
                0x00000000100035c8                __wrap___aeabi_cdrcmple
                0x00000000100035d8                __wrap___aeabi_cdcmple
                0x00000000100035d8                __wrap___aeabi_cdcmpeq
 .text.__wrap___aeabi_dcmplt
                0x0000000010003634        0xc CMakeFiles/Monitor-Control-Firmware_V2.dir/mnt/d/Electronics/pico/pico-sdk/src/rp2_common/pico_double/double_aeabi.S.obj
                0x0000000010003634                __wrap___aeabi_dcmplt
 .text.__wrap___aeabi_dcmple
                0x0000000010003640       0x10 CMakeFiles/Monitor-Control-Firmware_V2.dir/mnt/d/Electronics/pico/pico-sdk/src/rp2_common/pico_double/double_aeabi.S.obj
                0x0000000010003640                __wrap___aeabi_dcmple
 .text.__wrap___aeabi_dcmpge
                0x0000000010003650       0x10 CMakeFiles/Monitor-Control-Firmware_V2.dir/mnt/d/Electronics/pico/pico-sdk/src/rp2_common/pico_double/double_aeabi.S.obj
                0x0000000010003650                __wrap___aeabi_dcmpge
 .text.__wrap___aeabi_dcmpgt
                0x0000000010003660        0xa CMakeFiles/Monitor-Control-Firmware_V2.dir/mnt/d/Electronics/pico/pico-sdk/src/rp2_common/pico_double/double_aeabi.S.obj
                0x0000000010003660                __wrap___aeabi_dcmpgt
 .text.__wrap___aeabi_dcmpun
                0x000000001000366a       0x1c CMakeFiles/Monitor-Control-Firmware_V2.dir/mnt/d/Electronics/pico/pico-sdk/src/rp2_common/pico_double/double_aeabi.S.obj
                0x000000001000366a                __wrap___aeabi_dcmpun
 *fill*         0x0000000010003686        0x2 
 .text.__wrap___aeabi_i2d
                0x0000000010003688       0x38 CMakeFiles/Monitor-Control-Firmware_V2.dir/mnt/d/Electronics/pico/pico-sdk/src/rp2_common/pico_double/double_aeabi.S.obj
                0x0000000010003688                __wrap___aeabi_ui2d
                0x0000000010003690                __wrap___aeabi_i2d
 .text.__wrap___aeabi_d2iz
                0x00000000100036c0       0x48 CMakeFiles/Monitor-Control-Firmware_V2.dir/mnt/d/Electronics/pico/pico-sdk/src/rp2_common/pico_double/double_aeabi.S.obj
                0x00000000100036c0                __wrap___aeabi_d2iz
                0x00000000100036c0                double2int_z
 .text.__wrap___aeabi_d2uiz
                0x0000000010003708       0x18 CMakeFiles/Monitor-Control-Firmware_V2.dir/mnt/d/Electronics/pico/pico-sdk/src/rp2_common/pico_double/double_aeabi.S.obj
                0x0000000010003708                double2uint
                0x0000000010003708                __wrap___aeabi_d2uiz
 .text.__aeabi_double_init
                0x0000000010003720       0x94 CMakeFiles/Monitor-Control-Firmware_V2.dir/mnt/d/Electronics/pico/pico-sdk/src/rp2_common/pico_double/double_init_rom.c.obj
                0x0000000010003720                __aeabi_double_init
 .text.double_table_shim_on_use_helper
                0x00000000100037b4       0x2c CMakeFiles/Monitor-Control-Firmware_V2.dir/mnt/d/Electronics/pico/pico-sdk/src/rp2_common/pico_double/double_v1_rom_shim.S.obj
                0x00000000100037b4                double_table_shim_on_use_helper
 .text.__wrap___aeabi_dsub
                0x00000000100037e0       0x10 CMakeFiles/Monitor-Control-Firmware_V2.dir/mnt/d/Electronics/pico/pico-sdk/src/rp2_common/pico_double/double_v1_rom_shim.S.obj
                0x00000000100037e0                drsub_shim
                0x00000000100037e6                dsub_shim
 .text.dadd_shim
                0x00000000100037f0      0x15c CMakeFiles/Monitor-Control-Firmware_V2.dir/mnt/d/Electronics/pico/pico-sdk/src/rp2_common/pico_double/double_v1_rom_shim.S.obj
                0x00000000100037f0                dadd_shim
 .text.dmul_shim
                0x000000001000394c      0x15c CMakeFiles/Monitor-Control-Firmware_V2.dir/mnt/d/Electronics/pico/pico-sdk/src/rp2_common/pico_double/double_v1_rom_shim.S.obj
                0x000000001000394c                dmul_shim
 .text.ddiv_shim
                0x0000000010003aa8      0x1b0 CMakeFiles/Monitor-Control-Firmware_V2.dir/mnt/d/Electronics/pico/pico-sdk/src/rp2_common/pico_double/double_v1_rom_shim.S.obj
                0x0000000010003aa8                ddiv_shim
 .text.double2uint_shim
                0x0000000010003c58        0xe CMakeFiles/Monitor-Control-Firmware_V2.dir/mnt/d/Electronics/pico/pico-sdk/src/rp2_common/pico_double/double_v1_rom_shim.S.obj
                0x0000000010003c58                double2uint_shim
                0x0000000010003c5a                double2ufix_shim
 *fill*         0x0000000010003c66        0x2 
 .text.double2uint64_shim
                0x0000000010003c68       0x70 CMakeFiles/Monitor-Control-Firmware_V2.dir/mnt/d/Electronics/pico/pico-sdk/src/rp2_common/pico_double/double_v1_rom_shim.S.obj
                0x0000000010003c68                double2uint64_shim
                0x0000000010003c6a                double2ufix64_shim
                0x0000000010003c8a                d2fix_a
 .text.dunpacks
                0x0000000010003cd8       0x3c CMakeFiles/Monitor-Control-Firmware_V2.dir/mnt/d/Electronics/pico/pico-sdk/src/rp2_common/pico_double/double_v1_rom_shim.S.obj
                0x0000000010003cd8                dunpacks
 .text.__wrap___aeabi_farithmetic
                0x0000000010003d14       0x48 CMakeFiles/Monitor-Control-Firmware_V2.dir/mnt/d/Electronics/pico/pico-sdk/src/rp2_common/pico_float/float_aeabi.S.obj
                0x0000000010003d14                __wrap___aeabi_frsub
                0x0000000010003d1a                __wrap___aeabi_fsub
                0x0000000010003d20                __wrap___aeabi_fadd
                0x0000000010003d26                __wrap___aeabi_fdiv
                0x0000000010003d4e                __wrap___aeabi_fmul
 .text.__wrap___aeabi_i2f
                0x0000000010003d5c       0x44 CMakeFiles/Monitor-Control-Firmware_V2.dir/mnt/d/Electronics/pico/pico-sdk/src/rp2_common/pico_float/float_aeabi.S.obj
                0x0000000010003d5c                __wrap___aeabi_i2f
 .text.__wrap___aeabi_f2iz
                0x0000000010003da0       0x4e CMakeFiles/Monitor-Control-Firmware_V2.dir/mnt/d/Electronics/pico/pico-sdk/src/rp2_common/pico_float/float_aeabi.S.obj
                0x0000000010003da0                __wrap___aeabi_f2iz
                0x0000000010003da0                float2int_z
 *fill*         0x0000000010003dee        0x2 
 .text.float2int
                0x0000000010003df0       0x14 CMakeFiles/Monitor-Control-Firmware_V2.dir/mnt/d/Electronics/pico/pico-sdk/src/rp2_common/pico_float/float_aeabi.S.obj
                0x0000000010003df0                float2int
 .text.__wrap___aeabi_f2uiz
                0x0000000010003e04        0xc CMakeFiles/Monitor-Control-Firmware_V2.dir/mnt/d/Electronics/pico/pico-sdk/src/rp2_common/pico_float/float_aeabi.S.obj
                0x0000000010003e04                __wrap___aeabi_f2uiz
 .text.__aeabi_float_init
                0x0000000010003e10       0x64 CMakeFiles/Monitor-Control-Firmware_V2.dir/mnt/d/Electronics/pico/pico-sdk/src/rp2_common/pico_float/float_init_rom.c.obj
                0x0000000010003e10                __aeabi_float_init
 .text.float_table_shim_on_use_helper
                0x0000000010003e74       0x2c CMakeFiles/Monitor-Control-Firmware_V2.dir/mnt/d/Electronics/pico/pico-sdk/src/rp2_common/pico_float/float_v1_rom_shim.S.obj
                0x0000000010003e74                float_table_shim_on_use_helper
 .text.float232_shims
                0x0000000010003ea0       0x18 CMakeFiles/Monitor-Control-Firmware_V2.dir/mnt/d/Electronics/pico/pico-sdk/src/rp2_common/pico_float/float_v1_rom_shim.S.obj
                0x0000000010003ea0                float2int_shim
                0x0000000010003ea2                float2fix_shim
 .text.__wrap_malloc
                0x0000000010003eb8       0x24 CMakeFiles/Monitor-Control-Firmware_V2.dir/mnt/d/Electronics/pico/pico-sdk/src/rp2_common/pico_malloc/pico_malloc.c.obj
                0x0000000010003eb8                __wrap_malloc
 .text          0x0000000010003edc       0x10 CMakeFiles/Monitor-Control-Firmware_V2.dir/mnt/d/Electronics/pico/pico-sdk/src/rp2_common/pico_mem_ops/mem_ops_aeabi.S.obj
                0x0000000010003edc                __aeabi_mem_init
 .text.memset   0x0000000010003eec        0xc CMakeFiles/Monitor-Control-Firmware_V2.dir/mnt/d/Electronics/pico/pico-sdk/src/rp2_common/pico_mem_ops/mem_ops_aeabi.S.obj
                0x0000000010003eec                __wrap_memset
 .text.memcpy   0x0000000010003ef8        0xc CMakeFiles/Monitor-Control-Firmware_V2.dir/mnt/d/Electronics/pico/pico-sdk/src/rp2_common/pico_mem_ops/mem_ops_aeabi.S.obj
                0x0000000010003ef8                __wrap___aeabi_memcpy
                0x0000000010003ef8                __wrap_memcpy
 .text.stdio_out_chars_no_crlf
                0x0000000010003f04       0x10 CMakeFiles/Monitor-Control-Firmware_V2.dir/mnt/d/Electronics/pico/pico-sdk/src/rp2_common/pico_stdio/stdio.c.obj
 .text.stdio_out_chars_crlf
                0x0000000010003f14       0xb4 CMakeFiles/Monitor-Control-Firmware_V2.dir/mnt/d/Electronics/pico/pico-sdk/src/rp2_common/pico_stdio/stdio.c.obj
 .text.stdio_buffered_printer
                0x0000000010003fc8       0x64 CMakeFiles/Monitor-Control-Firmware_V2.dir/mnt/d/Electronics/pico/pico-sdk/src/rp2_common/pico_stdio/stdio.c.obj
 .text.stdio_put_string.isra.0
                0x000000001000402c       0xfc CMakeFiles/Monitor-Control-Firmware_V2.dir/mnt/d/Electronics/pico/pico-sdk/src/rp2_common/pico_stdio/stdio.c.obj
 .text.__wrap_putchar
                0x0000000010004128       0xa0 CMakeFiles/Monitor-Control-Firmware_V2.dir/mnt/d/Electronics/pico/pico-sdk/src/rp2_common/pico_stdio/stdio.c.obj
                0x0000000010004128                __wrap_putchar
 .text.__wrap_puts
                0x00000000100041c8       0x3c CMakeFiles/Monitor-Control-Firmware_V2.dir/mnt/d/Electronics/pico/pico-sdk/src/rp2_common/pico_stdio/stdio.c.obj
                0x00000000100041c8                __wrap_puts
 .text.__wrap_vprintf
                0x0000000010004204       0xd8 CMakeFiles/Monitor-Control-Firmware_V2.dir/mnt/d/Electronics/pico/pico-sdk/src/rp2_common/pico_stdio/stdio.c.obj
                0x0000000010004204                __wrap_vprintf
 .text.__wrap_printf
                0x00000000100042dc       0x18 CMakeFiles/Monitor-Control-Firmware_V2.dir/mnt/d/Electronics/pico/pico-sdk/src/rp2_common/pico_stdio/stdio.c.obj
                0x00000000100042dc                __wrap_printf
 .text.i2c_set_baudrate
                0x00000000100042f4       0xc4 CMakeFiles/Monitor-Control-Firmware_V2.dir/mnt/d/Electronics/pico/pico-sdk/src/rp2_common/hardware_i2c/i2c.c.obj
                0x00000000100042f4                i2c_set_baudrate
 .text.i2c_init
                0x00000000100043b8       0x54 CMakeFiles/Monitor-Control-Firmware_V2.dir/mnt/d/Electronics/pico/pico-sdk/src/rp2_common/hardware_i2c/i2c.c.obj
                0x00000000100043b8                i2c_init
 .text.i2c_write_blocking
                0x000000001000440c       0xd0 CMakeFiles/Monitor-Control-Firmware_V2.dir/mnt/d/Electronics/pico/pico-sdk/src/rp2_common/hardware_i2c/i2c.c.obj
                0x000000001000440c                i2c_write_blocking
 .text.adc_init
                0x00000000100044dc       0x38 CMakeFiles/Monitor-Control-Firmware_V2.dir/mnt/d/Electronics/pico/pico-sdk/src/rp2_common/hardware_adc/adc.c.obj
                0x00000000100044dc                adc_init
 .text          0x0000000010004514       0x28 /usr/lib/gcc/arm-none-eabi/10.3.1/../../../arm-none-eabi/lib/thumb/v6-m/nofp/libc.a(lib_a-malloc.o)
                0x0000000010004514                malloc
                0x0000000010004528                free
 .text          0x000000001000453c      0x574 /usr/lib/gcc/arm-none-eabi/10.3.1/../../../arm-none-eabi/lib/thumb/v6-m/nofp/libc.a(lib_a-mallocr.o)
                0x000000001000453c                _malloc_r
 .text          0x0000000010004ab0        0x8 /usr/lib/gcc/arm-none-eabi/10.3.1/../../../arm-none-eabi/lib/thumb/v6-m/nofp/libc.a(lib_a-mlock.o)
                0x0000000010004ab0                __malloc_lock
                0x0000000010004ab4                __malloc_unlock
 .text          0x0000000010004ab8       0x24 /usr/lib/gcc/arm-none-eabi/10.3.1/../../../arm-none-eabi/lib/thumb/v6-m/nofp/libc.a(lib_a-sbrkr.o)
                0x0000000010004ab8                _sbrk_r
 .text          0x0000000010004adc       0x5c /usr/lib/gcc/arm-none-eabi/10.3.1/../../../arm-none-eabi/lib/thumb/v6-m/nofp/libc.a(lib_a-strlen-stub.o)
                0x0000000010004adc                strlen
 .text          0x0000000010004b38      0x260 /usr/lib/gcc/arm-none-eabi/10.3.1/../../../arm-none-eabi/lib/thumb/v6-m/nofp/libc.a(lib_a-freer.o)
                0x0000000010004b38                _malloc_trim_r
                0x0000000010004bd4                _free_r
 *(.fini)
 .fini          0x0000000010004d98        0x4 /usr/lib/gcc/arm-none-eabi/10.3.1/thumb/v6-m/nofp/crti.o
                0x0000000010004d98                _fini
 *fill*         0x0000000010004d9c        0x4 
 .fini.__stub   0x0000000010004da0       0x50 linker stubs
 *crtbegin.o(.ctors)
 *crtbegin?.o(.ctors)
 *(EXCLUDE_FILE(*crtend.o *crtend?.o) .ctors)
 *(SORT_BY_NAME(.ctors.*))
 *(.ctors)
 *crtbegin.o(.dtors)
 *crtbegin?.o(.dtors)
 *(EXCLUDE_FILE(*crtend.o *crtend?.o) .dtors)
 *(SORT_BY_NAME(.dtors.*))
 *(.dtors)
 *(.eh_frame*)
 .eh_frame      0x0000000010004df0        0x0 /usr/lib/gcc/arm-none-eabi/10.3.1/thumb/v6-m/nofp/crtbegin.o
                0x0000000010004df0                . = ALIGN (0x4)

.glue_7         0x0000000010004df0        0x0
 .glue_7        0x0000000010004df0        0x0 linker stubs

.glue_7t        0x0000000010004df0        0x0
 .glue_7t       0x0000000010004df0        0x0 linker stubs

.vfp11_veneer   0x0000000010004df0        0x0
 .vfp11_veneer  0x0000000010004df0        0x0 linker stubs

.v4_bx          0x0000000010004df0        0x0
 .v4_bx         0x0000000010004df0        0x0 linker stubs

.iplt           0x0000000010004df0        0x0
 .iplt          0x0000000010004df0        0x0 /usr/lib/gcc/arm-none-eabi/10.3.1/thumb/v6-m/nofp/crtbegin.o

.rodata         0x0000000010004df0      0x368
 *(EXCLUDE_FILE(*libm.a: *libc.a:*lib_a-mem*.o *libgcc.a:) .rodata*)
 .rodata.ssd1306_init.str1.4
                0x0000000010004df0       0x3f CMakeFiles/Monitor-Control-Firmware_V2.dir/VUmeter/ssd1306.c.obj
 *fill*         0x0000000010004e2f        0x1 
 .rodata.ssd1306_show.str1.4
                0x0000000010004e30        0xd CMakeFiles/Monitor-Control-Firmware_V2.dir/VUmeter/ssd1306.c.obj
 *fill*         0x0000000010004e3d        0x3 
 .rodata.hardware_alarm_claim.str1.4
                0x0000000010004e40       0x22 CMakeFiles/Monitor-Control-Firmware_V2.dir/mnt/d/Electronics/pico/pico-sdk/src/rp2_common/hardware_timer/timer.c.obj
 *fill*         0x0000000010004e62        0x2 
 .rodata.panic.str1.4
                0x0000000010004e64       0x12 CMakeFiles/Monitor-Control-Firmware_V2.dir/mnt/d/Electronics/pico/pico-sdk/src/rp2_common/pico_runtime/runtime.c.obj
 *fill*         0x0000000010004e76        0x2 
 .rodata.hard_assertion_failure.str1.4
                0x0000000010004e78        0xc CMakeFiles/Monitor-Control-Firmware_V2.dir/mnt/d/Electronics/pico/pico-sdk/src/rp2_common/pico_runtime/runtime.c.obj
 .rodata._ftoa.str1.4
                0x0000000010004e84       0x15 CMakeFiles/Monitor-Control-Firmware_V2.dir/mnt/d/Electronics/pico/pico-sdk/src/rp2_common/pico_printf/printf.c.obj
 *fill*         0x0000000010004e99        0x3 
 .rodata._vsnprintf
                0x0000000010004e9c      0x1e0 CMakeFiles/Monitor-Control-Firmware_V2.dir/mnt/d/Electronics/pico/pico-sdk/src/rp2_common/pico_printf/printf.c.obj
 *fill*         0x000000001000507c        0x4 
 .rodata.pow10.0
                0x0000000010005080       0x50 CMakeFiles/Monitor-Control-Firmware_V2.dir/mnt/d/Electronics/pico/pico-sdk/src/rp2_common/pico_printf/printf.c.obj
 .rodata.__wrap_malloc.str1.4
                0x00000000100050d0        0xe CMakeFiles/Monitor-Control-Firmware_V2.dir/mnt/d/Electronics/pico/pico-sdk/src/rp2_common/pico_malloc/pico_malloc.c.obj
 *fill*         0x00000000100050de        0x2 
 .rodata.str1.4
                0x00000000100050e0       0x50 CMakeFiles/Monitor-Control-Firmware_V2.dir/mnt/d/Electronics/pico/pico-sdk/src/rp2_common/pico_standard_link/binary_info.c.obj
 .rodata.__bi_44
                0x0000000010005130        0xc CMakeFiles/Monitor-Control-Firmware_V2.dir/mnt/d/Electronics/pico/pico-sdk/src/rp2_common/pico_standard_link/binary_info.c.obj
 .rodata.__bi_75
                0x000000001000513c        0xc CMakeFiles/Monitor-Control-Firmware_V2.dir/mnt/d/Electronics/pico/pico-sdk/src/rp2_common/pico_standard_link/binary_info.c.obj
 .rodata.__bi_81
                0x0000000010005148        0xc CMakeFiles/Monitor-Control-Firmware_V2.dir/mnt/d/Electronics/pico/pico-sdk/src/rp2_common/pico_standard_link/binary_info.c.obj
 .rodata.crlf_str.0
                0x0000000010005154        0x2 CMakeFiles/Monitor-Control-Firmware_V2.dir/mnt/d/Electronics/pico/pico-sdk/src/rp2_common/pico_stdio/stdio.c.obj
                0x0000000010005158                . = ALIGN (0x4)
 *fill*         0x0000000010005156        0x2 
 *(SORT_BY_ALIGNMENT(SORT_BY_NAME(.flashdata*)))
                0x0000000010005158                . = ALIGN (0x4)

.rel.dyn        0x0000000010005158        0x0
 .rel.iplt      0x0000000010005158        0x0 /usr/lib/gcc/arm-none-eabi/10.3.1/thumb/v6-m/nofp/crtbegin.o

.ARM.extab
 *(.ARM.extab* .gnu.linkonce.armextab.*)
                0x0000000010005158                __exidx_start = .

.ARM.exidx
 *(.ARM.exidx* .gnu.linkonce.armexidx.*)
                0x0000000010005158                __exidx_end = .
                0x0000000010005158                . = ALIGN (0x4)
                0x0000000010005158                __binary_info_start = .

.binary_info    0x0000000010005158       0x1c
 *(.binary_info.keep.*)
 .binary_info.keep.__bi_ptr22
                0x0000000010005158        0x4 CMakeFiles/Monitor-Control-Firmware_V2.dir/mnt/d/Electronics/pico/pico-sdk/src/rp2_common/pico_standard_link/binary_info.c.obj
 .binary_info.keep.__bi_ptr30
                0x000000001000515c        0x4 CMakeFiles/Monitor-Control-Firmware_V2.dir/mnt/d/Electronics/pico/pico-sdk/src/rp2_common/pico_standard_link/binary_info.c.obj
 .binary_info.keep.__bi_ptr38
                0x0000000010005160        0x4 CMakeFiles/Monitor-Control-Firmware_V2.dir/mnt/d/Electronics/pico/pico-sdk/src/rp2_common/pico_standard_link/binary_info.c.obj
 .binary_info.keep.__bi_ptr44
                0x0000000010005164        0x4 CMakeFiles/Monitor-Control-Firmware_V2.dir/mnt/d/Electronics/pico/pico-sdk/src/rp2_common/pico_standard_link/binary_info.c.obj
 .binary_info.keep.__bi_ptr50
                0x0000000010005168        0x4 CMakeFiles/Monitor-Control-Firmware_V2.dir/mnt/d/Electronics/pico/pico-sdk/src/rp2_common/pico_standard_link/binary_info.c.obj
 .binary_info.keep.__bi_ptr75
                0x000000001000516c        0x4 CMakeFiles/Monitor-Control-Firmware_V2.dir/mnt/d/Electronics/pico/pico-sdk/src/rp2_common/pico_standard_link/binary_info.c.obj
 .binary_info.keep.__bi_ptr81
                0x0000000010005170        0x4 CMakeFiles/Monitor-Control-Firmware_V2.dir/mnt/d/Electronics/pico/pico-sdk/src/rp2_common/pico_standard_link/binary_info.c.obj
 *(.binary_info.*)
                0x0000000010005174                __binary_info_end = .
                0x0000000010005174                . = ALIGN (0x4)
                0x0000000010005174                __etext = .

.ram_vector_table
                0x0000000020000000       0xc0
 *(.ram_vector_table)
 .ram_vector_table
                0x0000000020000000       0xc0 CMakeFiles/Monitor-Control-Firmware_V2.dir/mnt/d/Electronics/pico/pico-sdk/src/rp2_common/pico_runtime/runtime.c.obj
                0x0000000020000000                ram_vector_table

.data           0x00000000200000c0      0x9bc load address 0x0000000010005174
                0x00000000200000c0                __data_start__ = .
 *(vtable)
 *(.time_critical*)
 .time_critical.mutex_enter_blocking
                0x00000000200000c0       0x48 CMakeFiles/Monitor-Control-Firmware_V2.dir/mnt/d/Electronics/pico/pico-sdk/src/common/pico_sync/mutex.c.obj
                0x00000000200000c0                mutex_enter_blocking
 .time_critical.mutex_try_enter
                0x0000000020000108       0x44 CMakeFiles/Monitor-Control-Firmware_V2.dir/mnt/d/Electronics/pico/pico-sdk/src/common/pico_sync/mutex.c.obj
                0x0000000020000108                mutex_try_enter
 .time_critical.mutex_exit
                0x000000002000014c       0x28 CMakeFiles/Monitor-Control-Firmware_V2.dir/mnt/d/Electronics/pico/pico-sdk/src/common/pico_sync/mutex.c.obj
                0x000000002000014c                mutex_exit
 *(.text*)
 .text          0x0000000020000174        0x4 /usr/lib/gcc/arm-none-eabi/10.3.1/thumb/v6-m/nofp/libgcc.a(_dvmd_tls.o)
                0x0000000020000174                __aeabi_ldiv0
                0x0000000020000174                __aeabi_idiv0
                0x0000000020000178                . = ALIGN (0x4)
 *(.rodata*)
                0x0000000020000178                . = ALIGN (0x4)
 *(.data*)
 .data.striped_spin_lock_num
                0x0000000020000178        0x1 CMakeFiles/Monitor-Control-Firmware_V2.dir/mnt/d/Electronics/pico/pico-sdk/src/rp2_common/hardware_sync/sync.c.obj
 *fill*         0x0000000020000179        0x3 
 .data          0x000000002000017c       0x48 CMakeFiles/Monitor-Control-Firmware_V2.dir/mnt/d/Electronics/pico/pico-sdk/src/rp2_common/hardware_irq/irq_handler_chain.S.obj
                0x000000002000017c                irq_handler_chain_slots
                0x00000000200001ac                irq_handler_chain_first_slot
                0x00000000200001b6                irq_handler_chain_remove_tail
 .data.default_alarm_pool
                0x00000000200001c4       0x18 CMakeFiles/Monitor-Control-Firmware_V2.dir/mnt/d/Electronics/pico/pico-sdk/src/common/pico_time/time.c.obj
 .data.default_alarm_pool_heap
                0x00000000200001dc       0x10 CMakeFiles/Monitor-Control-Firmware_V2.dir/mnt/d/Electronics/pico/pico-sdk/src/common/pico_time/time.c.obj
 *fill*         0x00000000200001ec        0x4 
 .data.aeabi_bits_funcs
                0x00000000200001f0       0x10 CMakeFiles/Monitor-Control-Firmware_V2.dir/mnt/d/Electronics/pico/pico-sdk/src/rp2_common/pico_bit_ops/bit_ops_aeabi.S.obj
                0x00000000200001f0                aeabi_bits_funcs
                0x0000000020000200                aeabi_bits_funcs_end
 .data.aeabi_mem_funcs
                0x0000000020000200       0x10 CMakeFiles/Monitor-Control-Firmware_V2.dir/mnt/d/Electronics/pico/pico-sdk/src/rp2_common/pico_mem_ops/mem_ops_aeabi.S.obj
                0x0000000020000200                aeabi_mem_funcs
                0x0000000020000210                aeabi_mem_funcs_end
 .data.i2c0_inst
                0x0000000020000210        0x8 CMakeFiles/Monitor-Control-Firmware_V2.dir/mnt/d/Electronics/pico/pico-sdk/src/rp2_common/hardware_i2c/i2c.c.obj
                0x0000000020000210                i2c0_inst
 .data.i2c1_inst
                0x0000000020000218        0x8 CMakeFiles/Monitor-Control-Firmware_V2.dir/mnt/d/Electronics/pico/pico-sdk/src/rp2_common/hardware_i2c/i2c.c.obj
                0x0000000020000218                i2c1_inst
 .data          0x0000000020000220      0x430 /usr/lib/gcc/arm-none-eabi/10.3.1/../../../arm-none-eabi/lib/thumb/v6-m/nofp/libc.a(lib_a-impure.o)
                0x0000000020000220                _impure_ptr
 .data          0x0000000020000650      0x410 /usr/lib/gcc/arm-none-eabi/10.3.1/../../../arm-none-eabi/lib/thumb/v6-m/nofp/libc.a(lib_a-mallocr.o)
                0x0000000020000650                __malloc_sbrk_base
                0x0000000020000654                __malloc_trim_threshold
                0x0000000020000658                __malloc_av_
                0x0000000020000a60                . = ALIGN (0x4)
 *(.after_data.*)
                0x0000000020000a60                . = ALIGN (0x4)
                0x0000000020000a60                PROVIDE (__mutex_array_start = .)
 *(SORT_BY_NAME(.mutex_array.*))
 *(.mutex_array)
 .mutex_array   0x0000000020000a60        0x8 CMakeFiles/Monitor-Control-Firmware_V2.dir/mnt/d/Electronics/pico/pico-sdk/src/rp2_common/pico_stdio/stdio.c.obj
                0x0000000020000a68                PROVIDE (__mutex_array_end = .)
                0x0000000020000a68                . = ALIGN (0x4)
                0x0000000020000a68                PROVIDE (__preinit_array_start = .)
 *(SORT_BY_NAME(.preinit_array.*))
 .preinit_array.00001
                0x0000000020000a68        0x4 CMakeFiles/Monitor-Control-Firmware_V2.dir/mnt/d/Electronics/pico/pico-sdk/src/rp2_common/pico_mem_ops/mem_ops_aeabi.S.obj
 .preinit_array.00010
                0x0000000020000a6c        0x4 CMakeFiles/Monitor-Control-Firmware_V2.dir/mnt/d/Electronics/pico/pico-sdk/src/rp2_common/pico_bit_ops/bit_ops_aeabi.S.obj
 .preinit_array.00020
                0x0000000020000a70        0x4 CMakeFiles/Monitor-Control-Firmware_V2.dir/mnt/d/Electronics/pico/pico-sdk/src/rp2_common/pico_double/double_aeabi.S.obj
 .preinit_array.00020
                0x0000000020000a74        0x4 CMakeFiles/Monitor-Control-Firmware_V2.dir/mnt/d/Electronics/pico/pico-sdk/src/rp2_common/pico_float/float_aeabi.S.obj
 *(.preinit_array)
                0x0000000020000a78                PROVIDE (__preinit_array_end = .)
                0x0000000020000a78                . = ALIGN (0x4)
                0x0000000020000a78                PROVIDE (__init_array_start = .)
 *(SORT_BY_NAME(.init_array.*))
 *(.init_array)
 .init_array    0x0000000020000a78        0x4 /usr/lib/gcc/arm-none-eabi/10.3.1/thumb/v6-m/nofp/crtbegin.o
                0x0000000020000a7c                PROVIDE (__init_array_end = .)
                0x0000000020000a7c                . = ALIGN (0x4)
                0x0000000020000a7c                PROVIDE (__fini_array_start = .)
 *(SORT_BY_NAME(.fini_array.*))
 *(.fini_array)
                0x0000000020000a7c                PROVIDE (__fini_array_end = .)
 *(.jcr)
                0x0000000020000a7c                . = ALIGN (0x4)
                0x0000000020000a7c                __data_end__ = .

.tm_clone_table
                0x0000000020000a7c        0x0 load address 0x0000000010005b30
 .tm_clone_table
                0x0000000020000a7c        0x0 /usr/lib/gcc/arm-none-eabi/10.3.1/thumb/v6-m/nofp/crtbegin.o
 .tm_clone_table
                0x0000000020000a7c        0x0 /usr/lib/gcc/arm-none-eabi/10.3.1/thumb/v6-m/nofp/crtend.o

.igot.plt       0x0000000020000a7c        0x0 load address 0x0000000010005b30
 .igot.plt      0x0000000020000a7c        0x0 /usr/lib/gcc/arm-none-eabi/10.3.1/thumb/v6-m/nofp/crtbegin.o

.uninitialized_data
                0x0000000020000a7c        0x0 load address 0x0000000010005b30
                0x0000000020000a7c                . = ALIGN (0x4)
 *(.uninitialized_data*)

.scratch_x      0x0000000020040000        0x0 load address 0x0000000010005b30
                0x0000000020040000                __scratch_x_start__ = .
 *(.scratch_x.*)
                0x0000000020040000                . = ALIGN (0x4)
                0x0000000020040000                __scratch_x_end__ = .
                0x0000000010005b30                __scratch_x_source__ = LOADADDR (.scratch_x)

.scratch_y      0x0000000020041000        0x0 load address 0x0000000010005b30
                0x0000000020041000                __scratch_y_start__ = .
 *(.scratch_y.*)
                0x0000000020041000                . = ALIGN (0x4)
                0x0000000020041000                __scratch_y_end__ = .
                0x0000000010005b30                __scratch_y_source__ = LOADADDR (.scratch_y)

.bss            0x0000000020000a80      0x408
                0x0000000020000a80                . = ALIGN (0x4)
                0x0000000020000a80                __bss_start__ = .
 *(SORT_BY_ALIGNMENT(SORT_BY_NAME(.bss*)))
 .bss.default_alarm_pool_entries
                0x0000000020000a80      0x100 CMakeFiles/Monitor-Control-Firmware_V2.dir/mnt/d/Electronics/pico/pico-sdk/src/common/pico_time/time.c.obj
 .bss.sd_table  0x0000000020000b80      0x100 CMakeFiles/Monitor-Control-Firmware_V2.dir/mnt/d/Electronics/pico/pico-sdk/src/rp2_common/pico_double/double_init_rom.c.obj
                0x0000000020000b80                sd_table
 .bss.sf_table  0x0000000020000c80      0x100 CMakeFiles/Monitor-Control-Firmware_V2.dir/mnt/d/Electronics/pico/pico-sdk/src/rp2_common/pico_float/float_init_rom.c.obj
                0x0000000020000c80                sf_table
 .bss           0x0000000020000d80       0x1c /usr/lib/gcc/arm-none-eabi/10.3.1/thumb/v6-m/nofp/crtbegin.o
 .bss           0x0000000020000d9c       0x34 /usr/lib/gcc/arm-none-eabi/10.3.1/../../../arm-none-eabi/lib/thumb/v6-m/nofp/libc.a(lib_a-mallocr.o)
                0x0000000020000d9c                __malloc_top_pad
                0x0000000020000da0                __malloc_current_mallinfo
                0x0000000020000dc8                __malloc_max_sbrked_mem
                0x0000000020000dcc                __malloc_max_total_mem
 .bss           0x0000000020000dd0        0x4 /usr/lib/gcc/arm-none-eabi/10.3.1/../../../arm-none-eabi/lib/thumb/v6-m/nofp/libc.a(lib_a-reent.o)
                0x0000000020000dd0                errno
 .bss.alarm_callbacks
                0x0000000020000dd4       0x10 CMakeFiles/Monitor-Control-Firmware_V2.dir/mnt/d/Electronics/pico/pico-sdk/src/rp2_common/hardware_timer/timer.c.obj
 .bss.configured_freq
                0x0000000020000de4       0x28 CMakeFiles/Monitor-Control-Firmware_V2.dir/mnt/d/Electronics/pico/pico-sdk/src/rp2_common/hardware_clocks/clocks.c.obj
 .bss.default_alarm_pool_entry_ids_high
                0x0000000020000e0c       0x10 CMakeFiles/Monitor-Control-Firmware_V2.dir/mnt/d/Electronics/pico/pico-sdk/src/common/pico_time/time.c.obj
 .bss.default_alarm_pool_heap_nodes
                0x0000000020000e1c       0x30 CMakeFiles/Monitor-Control-Firmware_V2.dir/mnt/d/Electronics/pico/pico-sdk/src/common/pico_time/time.c.obj
 .bss.drivers   0x0000000020000e4c        0x4 CMakeFiles/Monitor-Control-Firmware_V2.dir/mnt/d/Electronics/pico/pico-sdk/src/rp2_common/pico_stdio/stdio.c.obj
 .bss.filter    0x0000000020000e50        0x4 CMakeFiles/Monitor-Control-Firmware_V2.dir/mnt/d/Electronics/pico/pico-sdk/src/rp2_common/pico_stdio/stdio.c.obj
 .bss.heap_end.0
                0x0000000020000e54        0x4 CMakeFiles/Monitor-Control-Firmware_V2.dir/mnt/d/Electronics/pico/pico-sdk/src/rp2_common/pico_runtime/runtime.c.obj
 .bss.lazy_vsnprintf
                0x0000000020000e58        0x4 CMakeFiles/Monitor-Control-Firmware_V2.dir/mnt/d/Electronics/pico/pico-sdk/src/rp2_common/pico_printf/printf.c.obj
 .bss.pools     0x0000000020000e5c       0x10 CMakeFiles/Monitor-Control-Firmware_V2.dir/mnt/d/Electronics/pico/pico-sdk/src/common/pico_time/time.c.obj
 .bss.sf_clz_func
                0x0000000020000e6c        0x4 CMakeFiles/Monitor-Control-Firmware_V2.dir/mnt/d/Electronics/pico/pico-sdk/src/rp2_common/pico_double/double_init_rom.c.obj
                0x0000000020000e6c                sf_clz_func
 .bss.sleep_notifier
                0x0000000020000e70        0x4 CMakeFiles/Monitor-Control-Firmware_V2.dir/mnt/d/Electronics/pico/pico-sdk/src/common/pico_time/time.c.obj
 .bss.target_hi
                0x0000000020000e74       0x10 CMakeFiles/Monitor-Control-Firmware_V2.dir/mnt/d/Electronics/pico/pico-sdk/src/rp2_common/hardware_timer/timer.c.obj
 .bss.claimed   0x0000000020000e84        0x1 CMakeFiles/Monitor-Control-Firmware_V2.dir/mnt/d/Electronics/pico/pico-sdk/src/rp2_common/hardware_timer/timer.c.obj
 .bss.irq_hander_chain_free_slot_head
                0x0000000020000e85        0x1 CMakeFiles/Monitor-Control-Firmware_V2.dir/mnt/d/Electronics/pico/pico-sdk/src/rp2_common/hardware_irq/irq.c.obj
 .bss.timer_callbacks_pending
                0x0000000020000e86        0x1 CMakeFiles/Monitor-Control-Firmware_V2.dir/mnt/d/Electronics/pico/pico-sdk/src/rp2_common/hardware_timer/timer.c.obj
 *(COMMON)
                0x0000000020000e88                . = ALIGN (0x4)
 *fill*         0x0000000020000e87        0x1 
                0x0000000020000e88                __bss_end__ = .

.heap           0x0000000020000e88      0x800
                0x0000000020000e88                __end__ = .
                0x0000000020000e88                end = __end__
 *(.heap*)
 .heap          0x0000000020000e88      0x800 CMakeFiles/Monitor-Control-Firmware_V2.dir/mnt/d/Electronics/pico/pico-sdk/src/rp2_common/pico_standard_link/crt0.S.obj
                0x0000000020001688                __HeapLimit = .

.stack1_dummy   0x0000000020040000        0x0
 *(.stack1*)

.stack_dummy    0x0000000020041000      0x800
 *(.stack*)
 .stack         0x0000000020041000      0x800 CMakeFiles/Monitor-Control-Firmware_V2.dir/mnt/d/Electronics/pico/pico-sdk/src/rp2_common/pico_standard_link/crt0.S.obj

.flash_end      0x0000000010005b30        0x0
                0x0000000010005b30                __flash_binary_end = .
                0x0000000020040000                __StackLimit = (ORIGIN (RAM) + LENGTH (RAM))
                0x0000000020041000                __StackOneTop = (ORIGIN (SCRATCH_X) + LENGTH (SCRATCH_X))
                0x0000000020042000                __StackTop = (ORIGIN (SCRATCH_Y) + LENGTH (SCRATCH_Y))
                0x0000000020041000                __StackOneBottom = (__StackOneTop - SIZEOF (.stack1_dummy))
                0x0000000020041800                __StackBottom = (__StackTop - SIZEOF (.stack_dummy))
                0x0000000020042000                PROVIDE (__stack = __StackTop)
                0x0000000000000001                ASSERT ((__StackLimit >= __HeapLimit), region RAM overflowed)
                0x0000000000000001                ASSERT (((__binary_info_header_end - __logical_binary_start) <= 0x100), Binary info must be in first 256 bytes of the binary)
LOAD CMakeFiles/Monitor-Control-Firmware_V2.dir/monitorcontrol.c.obj
LOAD CMakeFiles/Monitor-Control-Firmware_V2.dir/PGA2310/PGA2310.c.obj
LOAD CMakeFiles/Monitor-Control-Firmware_V2.dir/VUmeter/VUmeter.c.obj
LOAD CMakeFiles/Monitor-Control-Firmware_V2.dir/VUmeter/display.c.obj
LOAD CMakeFiles/Monitor-Control-Firmware_V2.dir/VUmeter/ssd1306.c.obj
LOAD CMakeFiles/Monitor-Control-Firmware_V2.dir/mnt/d/Electronics/pico/pico-sdk/src/rp2_common/pico_stdlib/stdlib.c.obj
LOAD CMakeFiles/Monitor-Control-Firmware_V2.dir/mnt/d/Electronics/pico/pico-sdk/src/rp2_common/hardware_gpio/gpio.c.obj
LOAD CMakeFiles/Monitor-Control-Firmware_V2.dir/mnt/d/Electronics/pico/pico-sdk/src/rp2_common/hardware_claim/claim.c.obj
LOAD CMakeFiles/Monitor-Control-Firmware_V2.dir/mnt/d/Electronics/pico/pico-sdk/src/rp2_common/pico_platform/platform.c.obj
LOAD CMakeFiles/Monitor-Control-Firmware_V2.dir/mnt/d/Electronics/pico/pico-sdk/src/rp2_common/hardware_sync/sync.c.obj
LOAD CMakeFiles/Monitor-Control-Firmware_V2.dir/mnt/d/Electronics/pico/pico-sdk/src/rp2_common/hardware_irq/irq.c.obj
LOAD CMakeFiles/Monitor-Control-Firmware_V2.dir/mnt/d/Electronics/pico/pico-sdk/src/rp2_common/hardware_irq/irq_handler_chain.S.obj
LOAD CMakeFiles/Monitor-Control-Firmware_V2.dir/mnt/d/Electronics/pico/pico-sdk/src/common/pico_sync/sem.c.obj
LOAD CMakeFiles/Monitor-Control-Firmware_V2.dir/mnt/d/Electronics/pico/pico-sdk/src/common/pico_sync/lock_core.c.obj
LOAD CMakeFiles/Monitor-Control-Firmware_V2.dir/mnt/d/Electronics/pico/pico-sdk/src/common/pico_time/time.c.obj
LOAD CMakeFiles/Monitor-Control-Firmware_V2.dir/mnt/d/Electronics/pico/pico-sdk/src/common/pico_time/timeout_helper.c.obj
LOAD CMakeFiles/Monitor-Control-Firmware_V2.dir/mnt/d/Electronics/pico/pico-sdk/src/rp2_common/hardware_timer/timer.c.obj
LOAD CMakeFiles/Monitor-Control-Firmware_V2.dir/mnt/d/Electronics/pico/pico-sdk/src/common/pico_util/datetime.c.obj
LOAD CMakeFiles/Monitor-Control-Firmware_V2.dir/mnt/d/Electronics/pico/pico-sdk/src/common/pico_util/pheap.c.obj
LOAD CMakeFiles/Monitor-Control-Firmware_V2.dir/mnt/d/Electronics/pico/pico-sdk/src/common/pico_util/queue.c.obj
LOAD CMakeFiles/Monitor-Control-Firmware_V2.dir/mnt/d/Electronics/pico/pico-sdk/src/common/pico_sync/mutex.c.obj
LOAD CMakeFiles/Monitor-Control-Firmware_V2.dir/mnt/d/Electronics/pico/pico-sdk/src/common/pico_sync/critical_section.c.obj
LOAD CMakeFiles/Monitor-Control-Firmware_V2.dir/mnt/d/Electronics/pico/pico-sdk/src/rp2_common/hardware_uart/uart.c.obj
LOAD CMakeFiles/Monitor-Control-Firmware_V2.dir/mnt/d/Electronics/pico/pico-sdk/src/rp2_common/hardware_divider/divider.S.obj
LOAD CMakeFiles/Monitor-Control-Firmware_V2.dir/mnt/d/Electronics/pico/pico-sdk/src/rp2_common/pico_runtime/runtime.c.obj
LOAD CMakeFiles/Monitor-Control-Firmware_V2.dir/mnt/d/Electronics/pico/pico-sdk/src/rp2_common/hardware_clocks/clocks.c.obj
LOAD CMakeFiles/Monitor-Control-Firmware_V2.dir/mnt/d/Electronics/pico/pico-sdk/src/rp2_common/hardware_pll/pll.c.obj
LOAD CMakeFiles/Monitor-Control-Firmware_V2.dir/mnt/d/Electronics/pico/pico-sdk/src/rp2_common/hardware_vreg/vreg.c.obj
LOAD CMakeFiles/Monitor-Control-Firmware_V2.dir/mnt/d/Electronics/pico/pico-sdk/src/rp2_common/hardware_watchdog/watchdog.c.obj
LOAD CMakeFiles/Monitor-Control-Firmware_V2.dir/mnt/d/Electronics/pico/pico-sdk/src/rp2_common/hardware_xosc/xosc.c.obj
LOAD CMakeFiles/Monitor-Control-Firmware_V2.dir/mnt/d/Electronics/pico/pico-sdk/src/rp2_common/pico_printf/printf.c.obj
LOAD CMakeFiles/Monitor-Control-Firmware_V2.dir/mnt/d/Electronics/pico/pico-sdk/src/rp2_common/pico_bit_ops/bit_ops_aeabi.S.obj
LOAD CMakeFiles/Monitor-Control-Firmware_V2.dir/mnt/d/Electronics/pico/pico-sdk/src/rp2_common/pico_bootrom/bootrom.c.obj
LOAD CMakeFiles/Monitor-Control-Firmware_V2.dir/mnt/d/Electronics/pico/pico-sdk/src/rp2_common/pico_divider/divider.S.obj
LOAD CMakeFiles/Monitor-Control-Firmware_V2.dir/mnt/d/Electronics/pico/pico-sdk/src/rp2_common/pico_double/double_aeabi.S.obj
LOAD CMakeFiles/Monitor-Control-Firmware_V2.dir/mnt/d/Electronics/pico/pico-sdk/src/rp2_common/pico_double/double_init_rom.c.obj
LOAD CMakeFiles/Monitor-Control-Firmware_V2.dir/mnt/d/Electronics/pico/pico-sdk/src/rp2_common/pico_double/double_math.c.obj
LOAD CMakeFiles/Monitor-Control-Firmware_V2.dir/mnt/d/Electronics/pico/pico-sdk/src/rp2_common/pico_double/double_v1_rom_shim.S.obj
LOAD CMakeFiles/Monitor-Control-Firmware_V2.dir/mnt/d/Electronics/pico/pico-sdk/src/rp2_common/pico_int64_ops/pico_int64_ops_aeabi.S.obj
LOAD CMakeFiles/Monitor-Control-Firmware_V2.dir/mnt/d/Electronics/pico/pico-sdk/src/rp2_common/pico_float/float_aeabi.S.obj
LOAD CMakeFiles/Monitor-Control-Firmware_V2.dir/mnt/d/Electronics/pico/pico-sdk/src/rp2_common/pico_float/float_init_rom.c.obj
LOAD CMakeFiles/Monitor-Control-Firmware_V2.dir/mnt/d/Electronics/pico/pico-sdk/src/rp2_common/pico_float/float_math.c.obj
LOAD CMakeFiles/Monitor-Control-Firmware_V2.dir/mnt/d/Electronics/pico/pico-sdk/src/rp2_common/pico_float/float_v1_rom_shim.S.obj
LOAD CMakeFiles/Monitor-Control-Firmware_V2.dir/mnt/d/Electronics/pico/pico-sdk/src/rp2_common/pico_malloc/pico_malloc.c.obj
LOAD CMakeFiles/Monitor-Control-Firmware_V2.dir/mnt/d/Electronics/pico/pico-sdk/src/rp2_common/pico_mem_ops/mem_ops_aeabi.S.obj
LOAD CMakeFiles/Monitor-Control-Firmware_V2.dir/mnt/d/Electronics/pico/pico-sdk/src/rp2_common/pico_standard_link/crt0.S.obj
LOAD CMakeFiles/Monitor-Control-Firmware_V2.dir/mnt/d/Electronics/pico/pico-sdk/src/rp2_common/pico_standard_link/new_delete.cpp.obj
LOAD CMakeFiles/Monitor-Control-Firmware_V2.dir/mnt/d/Electronics/pico/pico-sdk/src/rp2_common/pico_standard_link/binary_info.c.obj
LOAD CMakeFiles/Monitor-Control-Firmware_V2.dir/mnt/d/Electronics/pico/pico-sdk/src/rp2_common/pico_stdio/stdio.c.obj
LOAD CMakeFiles/Monitor-Control-Firmware_V2.dir/mnt/d/Electronics/pico/pico-sdk/src/rp2_common/pico_stdio_uart/stdio_uart.c.obj
LOAD CMakeFiles/Monitor-Control-Firmware_V2.dir/mnt/d/Electronics/pico/pico-sdk/src/rp2_common/hardware_spi/spi.c.obj
LOAD CMakeFiles/Monitor-Control-Firmware_V2.dir/mnt/d/Electronics/pico/pico-sdk/src/rp2_common/hardware_i2c/i2c.c.obj
LOAD CMakeFiles/Monitor-Control-Firmware_V2.dir/mnt/d/Electronics/pico/pico-sdk/src/rp2_common/hardware_adc/adc.c.obj
LOAD /tmp/cci0J8cw.o
LOAD /usr/lib/gcc/arm-none-eabi/10.3.1/../../../arm-none-eabi/lib/thumb/v6-m/nofp/libstdc++.a
LOAD /usr/lib/gcc/arm-none-eabi/10.3.1/../../../arm-none-eabi/lib/thumb/v6-m/nofp/libm.a
START GROUP
LOAD /usr/lib/gcc/arm-none-eabi/10.3.1/thumb/v6-m/nofp/libgcc.a
LOAD /usr/lib/gcc/arm-none-eabi/10.3.1/../../../arm-none-eabi/lib/thumb/v6-m/nofp/libc.a
END GROUP
START GROUP
LOAD /usr/lib/gcc/arm-none-eabi/10.3.1/thumb/v6-m/nofp/libgcc.a
LOAD /usr/lib/gcc/arm-none-eabi/10.3.1/../../../arm-none-eabi/lib/thumb/v6-m/nofp/libc.a
LOAD /usr/lib/gcc/arm-none-eabi/10.3.1/../../../arm-none-eabi/lib/thumb/v6-m/nofp/libnosys.a
END GROUP
LOAD /usr/lib/gcc/arm-none-eabi/10.3.1/thumb/v6-m/nofp/crtend.o
LOAD /usr/lib/gcc/arm-none-eabi/10.3.1/thumb/v6-m/nofp/crtn.o
OUTPUT(Monitor-Control-Firmware_V2.elf elf32-littlearm)
LOAD linker stubs

.ARM.attributes
                0x0000000000000000       0x28
 .ARM.attributes
                0x0000000000000000       0x1e /usr/lib/gcc/arm-none-eabi/10.3.1/thumb/v6-m/nofp/crti.o
 .ARM.attributes
                0x000000000000001e       0x2c /usr/lib/gcc/arm-none-eabi/10.3.1/thumb/v6-m/nofp/crtbegin.o
 .ARM.attributes
                0x000000000000004a       0x2c CMakeFiles/Monitor-Control-Firmware_V2.dir/monitorcontrol.c.obj
 .ARM.attributes
                0x0000000000000076       0x2c CMakeFiles/Monitor-Control-Firmware_V2.dir/VUmeter/VUmeter.c.obj
 .ARM.attributes
                0x00000000000000a2       0x2c CMakeFiles/Monitor-Control-Firmware_V2.dir/VUmeter/display.c.obj
 .ARM.attributes
                0x00000000000000ce       0x2c CMakeFiles/Monitor-Control-Firmware_V2.dir/VUmeter/ssd1306.c.obj
 .ARM.attributes
                0x00000000000000fa       0x2c CMakeFiles/Monitor-Control-Firmware_V2.dir/mnt/d/Electronics/pico/pico-sdk/src/rp2_common/hardware_gpio/gpio.c.obj
 .ARM.attributes
                0x0000000000000126       0x2c CMakeFiles/Monitor-Control-Firmware_V2.dir/mnt/d/Electronics/pico/pico-sdk/src/rp2_common/hardware_claim/claim.c.obj
 .ARM.attributes
                0x0000000000000152       0x2c CMakeFiles/Monitor-Control-Firmware_V2.dir/mnt/d/Electronics/pico/pico-sdk/src/rp2_common/pico_platform/platform.c.obj
 .ARM.attributes
                0x000000000000017e       0x2c CMakeFiles/Monitor-Control-Firmware_V2.dir/mnt/d/Electronics/pico/pico-sdk/src/rp2_common/hardware_sync/sync.c.obj
 .ARM.attributes
                0x00000000000001aa       0x2c CMakeFiles/Monitor-Control-Firmware_V2.dir/mnt/d/Electronics/pico/pico-sdk/src/rp2_common/hardware_irq/irq.c.obj
 .ARM.attributes
                0x00000000000001d6       0x22 CMakeFiles/Monitor-Control-Firmware_V2.dir/mnt/d/Electronics/pico/pico-sdk/src/rp2_common/hardware_irq/irq_handler_chain.S.obj
 .ARM.attributes
                0x00000000000001f8       0x2c CMakeFiles/Monitor-Control-Firmware_V2.dir/mnt/d/Electronics/pico/pico-sdk/src/common/pico_sync/lock_core.c.obj
 .ARM.attributes
                0x0000000000000224       0x2c CMakeFiles/Monitor-Control-Firmware_V2.dir/mnt/d/Electronics/pico/pico-sdk/src/common/pico_time/time.c.obj
 .ARM.attributes
                0x0000000000000250       0x2c CMakeFiles/Monitor-Control-Firmware_V2.dir/mnt/d/Electronics/pico/pico-sdk/src/rp2_common/hardware_timer/timer.c.obj
 .ARM.attributes
                0x000000000000027c       0x2c CMakeFiles/Monitor-Control-Firmware_V2.dir/mnt/d/Electronics/pico/pico-sdk/src/common/pico_util/pheap.c.obj
 .ARM.attributes
                0x00000000000002a8       0x2c CMakeFiles/Monitor-Control-Firmware_V2.dir/mnt/d/Electronics/pico/pico-sdk/src/common/pico_sync/mutex.c.obj
 .ARM.attributes
                0x00000000000002d4       0x2c CMakeFiles/Monitor-Control-Firmware_V2.dir/mnt/d/Electronics/pico/pico-sdk/src/rp2_common/pico_runtime/runtime.c.obj
 .ARM.attributes
                0x0000000000000300       0x2c CMakeFiles/Monitor-Control-Firmware_V2.dir/mnt/d/Electronics/pico/pico-sdk/src/rp2_common/hardware_clocks/clocks.c.obj
 .ARM.attributes
                0x000000000000032c       0x2c CMakeFiles/Monitor-Control-Firmware_V2.dir/mnt/d/Electronics/pico/pico-sdk/src/rp2_common/hardware_pll/pll.c.obj
 .ARM.attributes
                0x0000000000000358       0x2c CMakeFiles/Monitor-Control-Firmware_V2.dir/mnt/d/Electronics/pico/pico-sdk/src/rp2_common/hardware_watchdog/watchdog.c.obj
 .ARM.attributes
                0x0000000000000384       0x2c CMakeFiles/Monitor-Control-Firmware_V2.dir/mnt/d/Electronics/pico/pico-sdk/src/rp2_common/hardware_xosc/xosc.c.obj
 .ARM.attributes
                0x00000000000003b0       0x2c CMakeFiles/Monitor-Control-Firmware_V2.dir/mnt/d/Electronics/pico/pico-sdk/src/rp2_common/pico_printf/printf.c.obj
 .ARM.attributes
                0x00000000000003dc       0x22 CMakeFiles/Monitor-Control-Firmware_V2.dir/mnt/d/Electronics/pico/pico-sdk/src/rp2_common/pico_bit_ops/bit_ops_aeabi.S.obj
 .ARM.attributes
                0x00000000000003fe       0x2c CMakeFiles/Monitor-Control-Firmware_V2.dir/mnt/d/Electronics/pico/pico-sdk/src/rp2_common/pico_bootrom/bootrom.c.obj
 .ARM.attributes
                0x000000000000042a       0x22 CMakeFiles/Monitor-Control-Firmware_V2.dir/mnt/d/Electronics/pico/pico-sdk/src/rp2_common/pico_divider/divider.S.obj
 .ARM.attributes
                0x000000000000044c       0x22 CMakeFiles/Monitor-Control-Firmware_V2.dir/mnt/d/Electronics/pico/pico-sdk/src/rp2_common/pico_double/double_aeabi.S.obj
 .ARM.attributes
                0x000000000000046e       0x2c CMakeFiles/Monitor-Control-Firmware_V2.dir/mnt/d/Electronics/pico/pico-sdk/src/rp2_common/pico_double/double_init_rom.c.obj
 .ARM.attributes
                0x000000000000049a       0x22 CMakeFiles/Monitor-Control-Firmware_V2.dir/mnt/d/Electronics/pico/pico-sdk/src/rp2_common/pico_double/double_v1_rom_shim.S.obj
 .ARM.attributes
                0x00000000000004bc       0x22 CMakeFiles/Monitor-Control-Firmware_V2.dir/mnt/d/Electronics/pico/pico-sdk/src/rp2_common/pico_float/float_aeabi.S.obj
 .ARM.attributes
                0x00000000000004de       0x2c CMakeFiles/Monitor-Control-Firmware_V2.dir/mnt/d/Electronics/pico/pico-sdk/src/rp2_common/pico_float/float_init_rom.c.obj
 .ARM.attributes
                0x000000000000050a       0x22 CMakeFiles/Monitor-Control-Firmware_V2.dir/mnt/d/Electronics/pico/pico-sdk/src/rp2_common/pico_float/float_v1_rom_shim.S.obj
 .ARM.attributes
                0x000000000000052c       0x2c CMakeFiles/Monitor-Control-Firmware_V2.dir/mnt/d/Electronics/pico/pico-sdk/src/rp2_common/pico_malloc/pico_malloc.c.obj
 .ARM.attributes
                0x0000000000000558       0x22 CMakeFiles/Monitor-Control-Firmware_V2.dir/mnt/d/Electronics/pico/pico-sdk/src/rp2_common/pico_mem_ops/mem_ops_aeabi.S.obj
 .ARM.attributes
                0x000000000000057a       0x22 CMakeFiles/Monitor-Control-Firmware_V2.dir/mnt/d/Electronics/pico/pico-sdk/src/rp2_common/pico_standard_link/crt0.S.obj
 .ARM.attributes
                0x000000000000059c       0x32 CMakeFiles/Monitor-Control-Firmware_V2.dir/mnt/d/Electronics/pico/pico-sdk/src/rp2_common/pico_standard_link/binary_info.c.obj
 .ARM.attributes
                0x00000000000005ce       0x2c CMakeFiles/Monitor-Control-Firmware_V2.dir/mnt/d/Electronics/pico/pico-sdk/src/rp2_common/pico_stdio/stdio.c.obj
 .ARM.attributes
                0x00000000000005fa       0x2c CMakeFiles/Monitor-Control-Firmware_V2.dir/mnt/d/Electronics/pico/pico-sdk/src/rp2_common/hardware_i2c/i2c.c.obj
 .ARM.attributes
                0x0000000000000626       0x2c CMakeFiles/Monitor-Control-Firmware_V2.dir/mnt/d/Electronics/pico/pico-sdk/src/rp2_common/hardware_adc/adc.c.obj
 .ARM.attributes
                0x0000000000000652       0x22 /tmp/cci0J8cw.o
 .ARM.attributes
                0x0000000000000674       0x1e /usr/lib/gcc/arm-none-eabi/10.3.1/thumb/v6-m/nofp/libgcc.a(_dvmd_tls.o)
 .ARM.attributes
                0x0000000000000692       0x2c /usr/lib/gcc/arm-none-eabi/10.3.1/../../../arm-none-eabi/lib/thumb/v6-m/nofp/libc.a(lib_a-impure.o)
 .ARM.attributes
                0x00000000000006be       0x2c /usr/lib/gcc/arm-none-eabi/10.3.1/../../../arm-none-eabi/lib/thumb/v6-m/nofp/libc.a(lib_a-malloc.o)
 .ARM.attributes
                0x00000000000006ea       0x2c /usr/lib/gcc/arm-none-eabi/10.3.1/../../../arm-none-eabi/lib/thumb/v6-m/nofp/libc.a(lib_a-mallocr.o)
 .ARM.attributes
                0x0000000000000716       0x2c /usr/lib/gcc/arm-none-eabi/10.3.1/../../../arm-none-eabi/lib/thumb/v6-m/nofp/libc.a(lib_a-mlock.o)
 .ARM.attributes
                0x0000000000000742       0x2c /usr/lib/gcc/arm-none-eabi/10.3.1/../../../arm-none-eabi/lib/thumb/v6-m/nofp/libc.a(lib_a-sbrkr.o)
 .ARM.attributes
                0x000000000000076e       0x2c /usr/lib/gcc/arm-none-eabi/10.3.1/../../../arm-none-eabi/lib/thumb/v6-m/nofp/libc.a(lib_a-strlen-stub.o)
 .ARM.attributes
                0x000000000000079a       0x2c /usr/lib/gcc/arm-none-eabi/10.3.1/../../../arm-none-eabi/lib/thumb/v6-m/nofp/libc.a(lib_a-freer.o)
 .ARM.attributes
                0x00000000000007c6       0x2c /usr/lib/gcc/arm-none-eabi/10.3.1/../../../arm-none-eabi/lib/thumb/v6-m/nofp/libc.a(lib_a-reent.o)
 .ARM.attributes
                0x00000000000007f2       0x2c /usr/lib/gcc/arm-none-eabi/10.3.1/thumb/v6-m/nofp/crtend.o

.comment        0x0000000000000000       0x33
 .comment       0x0000000000000000       0x33 /usr/lib/gcc/arm-none-eabi/10.3.1/thumb/v6-m/nofp/crtbegin.o
                                         0x34 (size before relaxing)
 .comment       0x0000000000000033       0x34 CMakeFiles/Monitor-Control-Firmware_V2.dir/monitorcontrol.c.obj
 .comment       0x0000000000000033       0x34 CMakeFiles/Monitor-Control-Firmware_V2.dir/VUmeter/VUmeter.c.obj
 .comment       0x0000000000000033       0x34 CMakeFiles/Monitor-Control-Firmware_V2.dir/VUmeter/display.c.obj
 .comment       0x0000000000000033       0x34 CMakeFiles/Monitor-Control-Firmware_V2.dir/VUmeter/ssd1306.c.obj
 .comment       0x0000000000000033       0x34 CMakeFiles/Monitor-Control-Firmware_V2.dir/mnt/d/Electronics/pico/pico-sdk/src/rp2_common/hardware_gpio/gpio.c.obj
 .comment       0x0000000000000033       0x34 CMakeFiles/Monitor-Control-Firmware_V2.dir/mnt/d/Electronics/pico/pico-sdk/src/rp2_common/hardware_claim/claim.c.obj
 .comment       0x0000000000000033       0x34 CMakeFiles/Monitor-Control-Firmware_V2.dir/mnt/d/Electronics/pico/pico-sdk/src/rp2_common/pico_platform/platform.c.obj
 .comment       0x0000000000000033       0x34 CMakeFiles/Monitor-Control-Firmware_V2.dir/mnt/d/Electronics/pico/pico-sdk/src/rp2_common/hardware_sync/sync.c.obj
 .comment       0x0000000000000033       0x34 CMakeFiles/Monitor-Control-Firmware_V2.dir/mnt/d/Electronics/pico/pico-sdk/src/rp2_common/hardware_irq/irq.c.obj
 .comment       0x0000000000000033       0x34 CMakeFiles/Monitor-Control-Firmware_V2.dir/mnt/d/Electronics/pico/pico-sdk/src/common/pico_sync/lock_core.c.obj
 .comment       0x0000000000000033       0x34 CMakeFiles/Monitor-Control-Firmware_V2.dir/mnt/d/Electronics/pico/pico-sdk/src/common/pico_time/time.c.obj
 .comment       0x0000000000000033       0x34 CMakeFiles/Monitor-Control-Firmware_V2.dir/mnt/d/Electronics/pico/pico-sdk/src/rp2_common/hardware_timer/timer.c.obj
 .comment       0x0000000000000033       0x34 CMakeFiles/Monitor-Control-Firmware_V2.dir/mnt/d/Electronics/pico/pico-sdk/src/common/pico_util/pheap.c.obj
 .comment       0x0000000000000033       0x34 CMakeFiles/Monitor-Control-Firmware_V2.dir/mnt/d/Electronics/pico/pico-sdk/src/common/pico_sync/mutex.c.obj
 .comment       0x0000000000000033       0x34 CMakeFiles/Monitor-Control-Firmware_V2.dir/mnt/d/Electronics/pico/pico-sdk/src/rp2_common/pico_runtime/runtime.c.obj
 .comment       0x0000000000000033       0x34 CMakeFiles/Monitor-Control-Firmware_V2.dir/mnt/d/Electronics/pico/pico-sdk/src/rp2_common/hardware_clocks/clocks.c.obj
 .comment       0x0000000000000033       0x34 CMakeFiles/Monitor-Control-Firmware_V2.dir/mnt/d/Electronics/pico/pico-sdk/src/rp2_common/hardware_pll/pll.c.obj
 .comment       0x0000000000000033       0x34 CMakeFiles/Monitor-Control-Firmware_V2.dir/mnt/d/Electronics/pico/pico-sdk/src/rp2_common/hardware_watchdog/watchdog.c.obj
 .comment       0x0000000000000033       0x34 CMakeFiles/Monitor-Control-Firmware_V2.dir/mnt/d/Electronics/pico/pico-sdk/src/rp2_common/hardware_xosc/xosc.c.obj
 .comment       0x0000000000000033       0x34 CMakeFiles/Monitor-Control-Firmware_V2.dir/mnt/d/Electronics/pico/pico-sdk/src/rp2_common/pico_printf/printf.c.obj
 .comment       0x0000000000000033       0x34 CMakeFiles/Monitor-Control-Firmware_V2.dir/mnt/d/Electronics/pico/pico-sdk/src/rp2_common/pico_bootrom/bootrom.c.obj
 .comment       0x0000000000000033       0x34 CMakeFiles/Monitor-Control-Firmware_V2.dir/mnt/d/Electronics/pico/pico-sdk/src/rp2_common/pico_double/double_init_rom.c.obj
 .comment       0x0000000000000033       0x34 CMakeFiles/Monitor-Control-Firmware_V2.dir/mnt/d/Electronics/pico/pico-sdk/src/rp2_common/pico_float/float_init_rom.c.obj
 .comment       0x0000000000000033       0x34 CMakeFiles/Monitor-Control-Firmware_V2.dir/mnt/d/Electronics/pico/pico-sdk/src/rp2_common/pico_malloc/pico_malloc.c.obj
 .comment       0x0000000000000033       0x34 CMakeFiles/Monitor-Control-Firmware_V2.dir/mnt/d/Electronics/pico/pico-sdk/src/rp2_common/pico_standard_link/binary_info.c.obj
 .comment       0x0000000000000033       0x34 CMakeFiles/Monitor-Control-Firmware_V2.dir/mnt/d/Electronics/pico/pico-sdk/src/rp2_common/pico_stdio/stdio.c.obj
 .comment       0x0000000000000033       0x34 CMakeFiles/Monitor-Control-Firmware_V2.dir/mnt/d/Electronics/pico/pico-sdk/src/rp2_common/hardware_i2c/i2c.c.obj
 .comment       0x0000000000000033       0x34 CMakeFiles/Monitor-Control-Firmware_V2.dir/mnt/d/Electronics/pico/pico-sdk/src/rp2_common/hardware_adc/adc.c.obj
 .comment       0x0000000000000033       0x34 /usr/lib/gcc/arm-none-eabi/10.3.1/../../../arm-none-eabi/lib/thumb/v6-m/nofp/libc.a(lib_a-impure.o)
 .comment       0x0000000000000033       0x34 /usr/lib/gcc/arm-none-eabi/10.3.1/../../../arm-none-eabi/lib/thumb/v6-m/nofp/libc.a(lib_a-malloc.o)
 .comment       0x0000000000000033       0x34 /usr/lib/gcc/arm-none-eabi/10.3.1/../../../arm-none-eabi/lib/thumb/v6-m/nofp/libc.a(lib_a-mallocr.o)
 .comment       0x0000000000000033       0x34 /usr/lib/gcc/arm-none-eabi/10.3.1/../../../arm-none-eabi/lib/thumb/v6-m/nofp/libc.a(lib_a-mlock.o)
 .comment       0x0000000000000033       0x34 /usr/lib/gcc/arm-none-eabi/10.3.1/../../../arm-none-eabi/lib/thumb/v6-m/nofp/libc.a(lib_a-sbrkr.o)
 .comment       0x0000000000000033       0x34 /usr/lib/gcc/arm-none-eabi/10.3.1/../../../arm-none-eabi/lib/thumb/v6-m/nofp/libc.a(lib_a-strlen-stub.o)
 .comment       0x0000000000000033       0x34 /usr/lib/gcc/arm-none-eabi/10.3.1/../../../arm-none-eabi/lib/thumb/v6-m/nofp/libc.a(lib_a-freer.o)
 .comment       0x0000000000000033       0x34 /usr/lib/gcc/arm-none-eabi/10.3.1/../../../arm-none-eabi/lib/thumb/v6-m/nofp/libc.a(lib_a-reent.o)
 .comment       0x0000000000000033       0x34 /usr/lib/gcc/arm-none-eabi/10.3.1/thumb/v6-m/nofp/crtend.o

.debug_line     0x0000000000000000     0x16b9
 .debug_line    0x0000000000000000       0x60 /usr/lib/gcc/arm-none-eabi/10.3.1/thumb/v6-m/nofp/libgcc.a(_dvmd_tls.o)
 .debug_line    0x0000000000000060       0xe4 /usr/lib/gcc/arm-none-eabi/10.3.1/../../../arm-none-eabi/lib/thumb/v6-m/nofp/libc.a(lib_a-impure.o)
 .debug_line    0x0000000000000144      0x165 /usr/lib/gcc/arm-none-eabi/10.3.1/../../../arm-none-eabi/lib/thumb/v6-m/nofp/libc.a(lib_a-malloc.o)
 .debug_line    0x00000000000002a9      0x8e2 /usr/lib/gcc/arm-none-eabi/10.3.1/../../../arm-none-eabi/lib/thumb/v6-m/nofp/libc.a(lib_a-mallocr.o)
 .debug_line    0x0000000000000b8b      0x13e /usr/lib/gcc/arm-none-eabi/10.3.1/../../../arm-none-eabi/lib/thumb/v6-m/nofp/libc.a(lib_a-mlock.o)
 .debug_line    0x0000000000000cc9      0x183 /usr/lib/gcc/arm-none-eabi/10.3.1/../../../arm-none-eabi/lib/thumb/v6-m/nofp/libc.a(lib_a-sbrkr.o)
 .debug_line    0x0000000000000e4c      0x172 /usr/lib/gcc/arm-none-eabi/10.3.1/../../../arm-none-eabi/lib/thumb/v6-m/nofp/libc.a(lib_a-strlen-stub.o)
 .debug_line    0x0000000000000fbe      0x47d /usr/lib/gcc/arm-none-eabi/10.3.1/../../../arm-none-eabi/lib/thumb/v6-m/nofp/libc.a(lib_a-freer.o)
 .debug_line    0x000000000000143b      0x27e /usr/lib/gcc/arm-none-eabi/10.3.1/../../../arm-none-eabi/lib/thumb/v6-m/nofp/libc.a(lib_a-reent.o)

.debug_info     0x0000000000000000     0x4dec
 .debug_info    0x0000000000000000       0x26 /usr/lib/gcc/arm-none-eabi/10.3.1/thumb/v6-m/nofp/libgcc.a(_dvmd_tls.o)
 .debug_info    0x0000000000000026      0x92a /usr/lib/gcc/arm-none-eabi/10.3.1/../../../arm-none-eabi/lib/thumb/v6-m/nofp/libc.a(lib_a-impure.o)
 .debug_info    0x0000000000000950      0x998 /usr/lib/gcc/arm-none-eabi/10.3.1/../../../arm-none-eabi/lib/thumb/v6-m/nofp/libc.a(lib_a-malloc.o)
 .debug_info    0x00000000000012e8      0xe80 /usr/lib/gcc/arm-none-eabi/10.3.1/../../../arm-none-eabi/lib/thumb/v6-m/nofp/libc.a(lib_a-mallocr.o)
 .debug_info    0x0000000000002168      0x942 /usr/lib/gcc/arm-none-eabi/10.3.1/../../../arm-none-eabi/lib/thumb/v6-m/nofp/libc.a(lib_a-mlock.o)
 .debug_info    0x0000000000002aaa      0x98e /usr/lib/gcc/arm-none-eabi/10.3.1/../../../arm-none-eabi/lib/thumb/v6-m/nofp/libc.a(lib_a-sbrkr.o)
 .debug_info    0x0000000000003438       0xee /usr/lib/gcc/arm-none-eabi/10.3.1/../../../arm-none-eabi/lib/thumb/v6-m/nofp/libc.a(lib_a-strlen-stub.o)
 .debug_info    0x0000000000003526      0xce5 /usr/lib/gcc/arm-none-eabi/10.3.1/../../../arm-none-eabi/lib/thumb/v6-m/nofp/libc.a(lib_a-freer.o)
 .debug_info    0x000000000000420b      0xbe1 /usr/lib/gcc/arm-none-eabi/10.3.1/../../../arm-none-eabi/lib/thumb/v6-m/nofp/libc.a(lib_a-reent.o)

.debug_abbrev   0x0000000000000000     0x1109
 .debug_abbrev  0x0000000000000000       0x14 /usr/lib/gcc/arm-none-eabi/10.3.1/thumb/v6-m/nofp/libgcc.a(_dvmd_tls.o)
 .debug_abbrev  0x0000000000000014      0x1b8 /usr/lib/gcc/arm-none-eabi/10.3.1/../../../arm-none-eabi/lib/thumb/v6-m/nofp/libc.a(lib_a-impure.o)
 .debug_abbrev  0x00000000000001cc      0x21a /usr/lib/gcc/arm-none-eabi/10.3.1/../../../arm-none-eabi/lib/thumb/v6-m/nofp/libc.a(lib_a-malloc.o)
 .debug_abbrev  0x00000000000003e6      0x2f6 /usr/lib/gcc/arm-none-eabi/10.3.1/../../../arm-none-eabi/lib/thumb/v6-m/nofp/libc.a(lib_a-mallocr.o)
 .debug_abbrev  0x00000000000006dc      0x1f0 /usr/lib/gcc/arm-none-eabi/10.3.1/../../../arm-none-eabi/lib/thumb/v6-m/nofp/libc.a(lib_a-mlock.o)
 .debug_abbrev  0x00000000000008cc      0x23d /usr/lib/gcc/arm-none-eabi/10.3.1/../../../arm-none-eabi/lib/thumb/v6-m/nofp/libc.a(lib_a-sbrkr.o)
 .debug_abbrev  0x0000000000000b09       0x8f /usr/lib/gcc/arm-none-eabi/10.3.1/../../../arm-none-eabi/lib/thumb/v6-m/nofp/libc.a(lib_a-strlen-stub.o)
 .debug_abbrev  0x0000000000000b98      0x2a1 /usr/lib/gcc/arm-none-eabi/10.3.1/../../../arm-none-eabi/lib/thumb/v6-m/nofp/libc.a(lib_a-freer.o)
 .debug_abbrev  0x0000000000000e39      0x2d0 /usr/lib/gcc/arm-none-eabi/10.3.1/../../../arm-none-eabi/lib/thumb/v6-m/nofp/libc.a(lib_a-reent.o)

.debug_aranges  0x0000000000000000      0x118
 .debug_aranges
                0x0000000000000000       0x20 /usr/lib/gcc/arm-none-eabi/10.3.1/thumb/v6-m/nofp/libgcc.a(_dvmd_tls.o)
 .debug_aranges
                0x0000000000000020       0x18 /usr/lib/gcc/arm-none-eabi/10.3.1/../../../arm-none-eabi/lib/thumb/v6-m/nofp/libc.a(lib_a-impure.o)
 .debug_aranges
                0x0000000000000038       0x20 /usr/lib/gcc/arm-none-eabi/10.3.1/../../../arm-none-eabi/lib/thumb/v6-m/nofp/libc.a(lib_a-malloc.o)
 .debug_aranges
                0x0000000000000058       0x20 /usr/lib/gcc/arm-none-eabi/10.3.1/../../../arm-none-eabi/lib/thumb/v6-m/nofp/libc.a(lib_a-mallocr.o)
 .debug_aranges
                0x0000000000000078       0x20 /usr/lib/gcc/arm-none-eabi/10.3.1/../../../arm-none-eabi/lib/thumb/v6-m/nofp/libc.a(lib_a-mlock.o)
 .debug_aranges
                0x0000000000000098       0x20 /usr/lib/gcc/arm-none-eabi/10.3.1/../../../arm-none-eabi/lib/thumb/v6-m/nofp/libc.a(lib_a-sbrkr.o)
 .debug_aranges
                0x00000000000000b8       0x20 /usr/lib/gcc/arm-none-eabi/10.3.1/../../../arm-none-eabi/lib/thumb/v6-m/nofp/libc.a(lib_a-strlen-stub.o)
 .debug_aranges
                0x00000000000000d8       0x20 /usr/lib/gcc/arm-none-eabi/10.3.1/../../../arm-none-eabi/lib/thumb/v6-m/nofp/libc.a(lib_a-freer.o)
 .debug_aranges
                0x00000000000000f8       0x20 /usr/lib/gcc/arm-none-eabi/10.3.1/../../../arm-none-eabi/lib/thumb/v6-m/nofp/libc.a(lib_a-reent.o)

.debug_str      0x0000000000000000      0xa5c
 .debug_str     0x0000000000000000       0xa6 /usr/lib/gcc/arm-none-eabi/10.3.1/thumb/v6-m/nofp/libgcc.a(_dvmd_tls.o)
 .debug_str     0x00000000000000a6      0x504 /usr/lib/gcc/arm-none-eabi/10.3.1/../../../arm-none-eabi/lib/thumb/v6-m/nofp/libc.a(lib_a-impure.o)
                                        0x57b (size before relaxing)
 .debug_str     0x00000000000005aa       0xb7 /usr/lib/gcc/arm-none-eabi/10.3.1/../../../arm-none-eabi/lib/thumb/v6-m/nofp/libc.a(lib_a-malloc.o)
                                        0x58f (size before relaxing)
 .debug_str     0x0000000000000661      0x21d /usr/lib/gcc/arm-none-eabi/10.3.1/../../../arm-none-eabi/lib/thumb/v6-m/nofp/libc.a(lib_a-mallocr.o)
                                        0x780 (size before relaxing)
 .debug_str     0x000000000000087e       0x4c /usr/lib/gcc/arm-none-eabi/10.3.1/../../../arm-none-eabi/lib/thumb/v6-m/nofp/libc.a(lib_a-mlock.o)
                                        0x588 (size before relaxing)
 .debug_str     0x00000000000008ca       0x47 /usr/lib/gcc/arm-none-eabi/10.3.1/../../../arm-none-eabi/lib/thumb/v6-m/nofp/libc.a(lib_a-sbrkr.o)
                                        0x572 (size before relaxing)
 .debug_str     0x0000000000000911       0xb9 /usr/lib/gcc/arm-none-eabi/10.3.1/../../../arm-none-eabi/lib/thumb/v6-m/nofp/libc.a(lib_a-strlen-stub.o)
                                        0x1c5 (size before relaxing)
 .debug_str     0x00000000000009ca       0x34 /usr/lib/gcc/arm-none-eabi/10.3.1/../../../arm-none-eabi/lib/thumb/v6-m/nofp/libc.a(lib_a-freer.o)
                                        0x6ca (size before relaxing)
 .debug_str     0x00000000000009fe       0x5e /usr/lib/gcc/arm-none-eabi/10.3.1/../../../arm-none-eabi/lib/thumb/v6-m/nofp/libc.a(lib_a-reent.o)
                                        0x59a (size before relaxing)

.debug_loc      0x0000000000000000     0x1720
 .debug_loc     0x0000000000000000       0x64 /usr/lib/gcc/arm-none-eabi/10.3.1/../../../arm-none-eabi/lib/thumb/v6-m/nofp/libc.a(lib_a-malloc.o)
 .debug_loc     0x0000000000000064      0xef0 /usr/lib/gcc/arm-none-eabi/10.3.1/../../../arm-none-eabi/lib/thumb/v6-m/nofp/libc.a(lib_a-mallocr.o)
 .debug_loc     0x0000000000000f54       0x79 /usr/lib/gcc/arm-none-eabi/10.3.1/../../../arm-none-eabi/lib/thumb/v6-m/nofp/libc.a(lib_a-sbrkr.o)
 .debug_loc     0x0000000000000fcd       0x90 /usr/lib/gcc/arm-none-eabi/10.3.1/../../../arm-none-eabi/lib/thumb/v6-m/nofp/libc.a(lib_a-strlen-stub.o)
 .debug_loc     0x000000000000105d      0x4e3 /usr/lib/gcc/arm-none-eabi/10.3.1/../../../arm-none-eabi/lib/thumb/v6-m/nofp/libc.a(lib_a-freer.o)
 .debug_loc     0x0000000000001540      0x1e0 /usr/lib/gcc/arm-none-eabi/10.3.1/../../../arm-none-eabi/lib/thumb/v6-m/nofp/libc.a(lib_a-reent.o)

.debug_frame    0x0000000000000000      0x1a4
 .debug_frame   0x0000000000000000       0x40 /usr/lib/gcc/arm-none-eabi/10.3.1/../../../arm-none-eabi/lib/thumb/v6-m/nofp/libc.a(lib_a-malloc.o)
 .debug_frame   0x0000000000000040       0x3c /usr/lib/gcc/arm-none-eabi/10.3.1/../../../arm-none-eabi/lib/thumb/v6-m/nofp/libc.a(lib_a-mallocr.o)
 .debug_frame   0x000000000000007c       0x30 /usr/lib/gcc/arm-none-eabi/10.3.1/../../../arm-none-eabi/lib/thumb/v6-m/nofp/libc.a(lib_a-mlock.o)
 .debug_frame   0x00000000000000ac       0x2c /usr/lib/gcc/arm-none-eabi/10.3.1/../../../arm-none-eabi/lib/thumb/v6-m/nofp/libc.a(lib_a-sbrkr.o)
 .debug_frame   0x00000000000000d8       0x28 /usr/lib/gcc/arm-none-eabi/10.3.1/../../../arm-none-eabi/lib/thumb/v6-m/nofp/libc.a(lib_a-strlen-stub.o)
 .debug_frame   0x0000000000000100       0x54 /usr/lib/gcc/arm-none-eabi/10.3.1/../../../arm-none-eabi/lib/thumb/v6-m/nofp/libc.a(lib_a-freer.o)
 .debug_frame   0x0000000000000154       0x50 /usr/lib/gcc/arm-none-eabi/10.3.1/../../../arm-none-eabi/lib/thumb/v6-m/nofp/libc.a(lib_a-reent.o)

.debug_ranges   0x0000000000000000       0x50
 .debug_ranges  0x0000000000000000       0x50 /usr/lib/gcc/arm-none-eabi/10.3.1/../../../arm-none-eabi/lib/thumb/v6-m/nofp/libc.a(lib_a-mallocr.o)
